[0.062s] DEBUG:colcon:Command line arguments: ['/usr/bin/colcon', 'build']
[0.062s] DEBUG:colcon:Parsed command line arguments: Namespace(log_base=None, log_level=None, verb_name='build', build_base='build', install_base='install', merge_install=False, symlink_install=False, test_result_base=None, continue_on_error=False, executor='parallel', parallel_workers=16, event_handlers=None, ignore_user_meta=False, metas=['./colcon.meta'], base_paths=['.'], packages_ignore=None, packages_ignore_regex=None, paths=None, packages_up_to=None, packages_up_to_regex=None, packages_above=None, packages_above_and_dependencies=None, packages_above_depth=None, packages_select_by_dep=None, packages_skip_by_dep=None, packages_skip_up_to=None, packages_select_build_failed=False, packages_skip_build_finished=False, packages_select_test_failures=False, packages_skip_test_passed=False, packages_select=None, packages_skip=None, packages_select_regex=None, packages_skip_regex=None, packages_start=None, packages_end=None, allow_overriding=[], cmake_args=None, cmake_target=None, cmake_target_skip_unavailable=False, cmake_clean_cache=False, cmake_clean_first=False, cmake_force_configure=False, ament_cmake_args=None, catkin_cmake_args=None, catkin_skip_building_tests=False, verb_parser=<colcon_defaults.argument_parser.defaults.DefaultArgumentsDecorator object at 0x726b436ad3f0>, verb_extension=<colcon_core.verb.build.BuildVerb object at 0x726b436ace50>, main=<bound method BuildVerb.main of <colcon_core.verb.build.BuildVerb object at 0x726b436ace50>>)
[0.222s] Level 1:colcon.colcon_core.package_discovery:discover_packages(colcon_meta) check parameters
[0.222s] Level 1:colcon.colcon_core.package_discovery:discover_packages(recursive) check parameters
[0.222s] Level 1:colcon.colcon_core.package_discovery:discover_packages(ignore) check parameters
[0.222s] Level 1:colcon.colcon_core.package_discovery:discover_packages(path) check parameters
[0.222s] Level 1:colcon.colcon_core.package_discovery:discover_packages(colcon_meta) discover
[0.222s] Level 1:colcon.colcon_core.package_discovery:discover_packages(recursive) discover
[0.222s] INFO:colcon.colcon_core.package_discovery:Crawling recursively for packages in '/mnt/ssd/lsgloc_ws'
[0.223s] Level 1:colcon.colcon_core.package_identification:_identify(.) by extensions ['ignore', 'ignore_ament_install']
[0.223s] Level 1:colcon.colcon_core.package_identification:_identify(.) by extension 'ignore'
[0.223s] Level 1:colcon.colcon_core.package_identification:_identify(.) by extension 'ignore_ament_install'
[0.223s] Level 1:colcon.colcon_core.package_identification:_identify(.) by extensions ['colcon_pkg']
[0.223s] Level 1:colcon.colcon_core.package_identification:_identify(.) by extension 'colcon_pkg'
[0.223s] Level 1:colcon.colcon_core.package_identification:_identify(.) by extensions ['colcon_meta']
[0.223s] Level 1:colcon.colcon_core.package_identification:_identify(.) by extension 'colcon_meta'
[0.223s] Level 1:colcon.colcon_core.package_identification:_identify(.) by extensions ['ros']
[0.223s] Level 1:colcon.colcon_core.package_identification:_identify(.) by extension 'ros'
[0.231s] Level 1:colcon.colcon_core.package_identification:_identify(.) by extensions ['cmake', 'python']
[0.231s] Level 1:colcon.colcon_core.package_identification:_identify(.) by extension 'cmake'
[0.231s] Level 1:colcon.colcon_core.package_identification:_identify(.) by extension 'python'
[0.231s] Level 1:colcon.colcon_core.package_identification:_identify(.) by extensions ['python_setup_py']
[0.231s] Level 1:colcon.colcon_core.package_identification:_identify(.) by extension 'python_setup_py'
[0.231s] Level 1:colcon.colcon_core.package_identification:_identify(build) by extensions ['ignore', 'ignore_ament_install']
[0.231s] Level 1:colcon.colcon_core.package_identification:_identify(build) by extension 'ignore'
[0.231s] Level 1:colcon.colcon_core.package_identification:_identify(build) ignored
[0.231s] Level 1:colcon.colcon_core.package_identification:_identify(install) by extensions ['ignore', 'ignore_ament_install']
[0.231s] Level 1:colcon.colcon_core.package_identification:_identify(install) by extension 'ignore'
[0.231s] Level 1:colcon.colcon_core.package_identification:_identify(install) ignored
[0.231s] Level 1:colcon.colcon_core.package_identification:_identify(log) by extensions ['ignore', 'ignore_ament_install']
[0.231s] Level 1:colcon.colcon_core.package_identification:_identify(log) by extension 'ignore'
[0.231s] Level 1:colcon.colcon_core.package_identification:_identify(log) ignored
[0.231s] Level 1:colcon.colcon_core.package_identification:_identify(src) by extensions ['ignore', 'ignore_ament_install']
[0.231s] Level 1:colcon.colcon_core.package_identification:_identify(src) by extension 'ignore'
[0.231s] Level 1:colcon.colcon_core.package_identification:_identify(src) by extension 'ignore_ament_install'
[0.231s] Level 1:colcon.colcon_core.package_identification:_identify(src) by extensions ['colcon_pkg']
[0.231s] Level 1:colcon.colcon_core.package_identification:_identify(src) by extension 'colcon_pkg'
[0.231s] Level 1:colcon.colcon_core.package_identification:_identify(src) by extensions ['colcon_meta']
[0.231s] Level 1:colcon.colcon_core.package_identification:_identify(src) by extension 'colcon_meta'
[0.231s] Level 1:colcon.colcon_core.package_identification:_identify(src) by extensions ['ros']
[0.231s] Level 1:colcon.colcon_core.package_identification:_identify(src) by extension 'ros'
[0.231s] Level 1:colcon.colcon_core.package_identification:_identify(src) by extensions ['cmake', 'python']
[0.231s] Level 1:colcon.colcon_core.package_identification:_identify(src) by extension 'cmake'
[0.231s] Level 1:colcon.colcon_core.package_identification:_identify(src) by extension 'python'
[0.231s] Level 1:colcon.colcon_core.package_identification:_identify(src) by extensions ['python_setup_py']
[0.231s] Level 1:colcon.colcon_core.package_identification:_identify(src) by extension 'python_setup_py'
[0.231s] Level 1:colcon.colcon_core.package_identification:_identify(src/bcr_bot) by extensions ['ignore', 'ignore_ament_install']
[0.232s] Level 1:colcon.colcon_core.package_identification:_identify(src/bcr_bot) by extension 'ignore'
[0.232s] Level 1:colcon.colcon_core.package_identification:_identify(src/bcr_bot) by extension 'ignore_ament_install'
[0.232s] Level 1:colcon.colcon_core.package_identification:_identify(src/bcr_bot) by extensions ['colcon_pkg']
[0.232s] Level 1:colcon.colcon_core.package_identification:_identify(src/bcr_bot) by extension 'colcon_pkg'
[0.232s] Level 1:colcon.colcon_core.package_identification:_identify(src/bcr_bot) by extensions ['colcon_meta']
[0.232s] Level 1:colcon.colcon_core.package_identification:_identify(src/bcr_bot) by extension 'colcon_meta'
[0.232s] Level 1:colcon.colcon_core.package_identification:_identify(src/bcr_bot) by extensions ['ros']
[0.232s] Level 1:colcon.colcon_core.package_identification:_identify(src/bcr_bot) by extension 'ros'
[0.233s] DEBUG:colcon.colcon_core.package_identification:Package 'src/bcr_bot' with type 'ros.ament_cmake' and name 'bcr_bot'
[0.233s] Level 1:colcon.colcon_core.package_identification:_identify(src/obj_detection) by extensions ['ignore', 'ignore_ament_install']
[0.233s] Level 1:colcon.colcon_core.package_identification:_identify(src/obj_detection) by extension 'ignore'
[0.233s] Level 1:colcon.colcon_core.package_identification:_identify(src/obj_detection) by extension 'ignore_ament_install'
[0.233s] Level 1:colcon.colcon_core.package_identification:_identify(src/obj_detection) by extensions ['colcon_pkg']
[0.233s] Level 1:colcon.colcon_core.package_identification:_identify(src/obj_detection) by extension 'colcon_pkg'
[0.233s] Level 1:colcon.colcon_core.package_identification:_identify(src/obj_detection) by extensions ['colcon_meta']
[0.233s] Level 1:colcon.colcon_core.package_identification:_identify(src/obj_detection) by extension 'colcon_meta'
[0.233s] Level 1:colcon.colcon_core.package_identification:_identify(src/obj_detection) by extensions ['ros']
[0.233s] Level 1:colcon.colcon_core.package_identification:_identify(src/obj_detection) by extension 'ros'
[0.234s] DEBUG:colcon.colcon_core.package_identification:Package 'src/obj_detection' with type 'ros.ament_python' and name 'obj_detection'
[0.234s] Level 1:colcon.colcon_core.package_identification:_identify(src/semantic_mcl) by extensions ['ignore', 'ignore_ament_install']
[0.234s] Level 1:colcon.colcon_core.package_identification:_identify(src/semantic_mcl) by extension 'ignore'
[0.234s] Level 1:colcon.colcon_core.package_identification:_identify(src/semantic_mcl) by extension 'ignore_ament_install'
[0.234s] Level 1:colcon.colcon_core.package_identification:_identify(src/semantic_mcl) by extensions ['colcon_pkg']
[0.234s] Level 1:colcon.colcon_core.package_identification:_identify(src/semantic_mcl) by extension 'colcon_pkg'
[0.234s] Level 1:colcon.colcon_core.package_identification:_identify(src/semantic_mcl) by extensions ['colcon_meta']
[0.234s] Level 1:colcon.colcon_core.package_identification:_identify(src/semantic_mcl) by extension 'colcon_meta'
[0.234s] Level 1:colcon.colcon_core.package_identification:_identify(src/semantic_mcl) by extensions ['ros']
[0.234s] Level 1:colcon.colcon_core.package_identification:_identify(src/semantic_mcl) by extension 'ros'
[0.235s] DEBUG:colcon.colcon_core.package_identification:Package 'src/semantic_mcl' with type 'ros.ament_cmake' and name 'semantic_mcl'
[0.235s] Level 1:colcon.colcon_core.package_identification:_identify(src/semantic_msgs) by extensions ['ignore', 'ignore_ament_install']
[0.235s] Level 1:colcon.colcon_core.package_identification:_identify(src/semantic_msgs) by extension 'ignore'
[0.235s] Level 1:colcon.colcon_core.package_identification:_identify(src/semantic_msgs) by extension 'ignore_ament_install'
[0.235s] Level 1:colcon.colcon_core.package_identification:_identify(src/semantic_msgs) by extensions ['colcon_pkg']
[0.235s] Level 1:colcon.colcon_core.package_identification:_identify(src/semantic_msgs) by extension 'colcon_pkg'
[0.235s] Level 1:colcon.colcon_core.package_identification:_identify(src/semantic_msgs) by extensions ['colcon_meta']
[0.235s] Level 1:colcon.colcon_core.package_identification:_identify(src/semantic_msgs) by extension 'colcon_meta'
[0.235s] Level 1:colcon.colcon_core.package_identification:_identify(src/semantic_msgs) by extensions ['ros']
[0.235s] Level 1:colcon.colcon_core.package_identification:_identify(src/semantic_msgs) by extension 'ros'
[0.235s] DEBUG:colcon.colcon_core.package_identification:Package 'src/semantic_msgs' with type 'ros.ament_cmake' and name 'semantic_msgs'
[0.235s] Level 1:colcon.colcon_core.package_identification:_identify(src/test_semantic_mcl) by extensions ['ignore', 'ignore_ament_install']
[0.235s] Level 1:colcon.colcon_core.package_identification:_identify(src/test_semantic_mcl) by extension 'ignore'
[0.235s] Level 1:colcon.colcon_core.package_identification:_identify(src/test_semantic_mcl) by extension 'ignore_ament_install'
[0.235s] Level 1:colcon.colcon_core.package_identification:_identify(src/test_semantic_mcl) by extensions ['colcon_pkg']
[0.235s] Level 1:colcon.colcon_core.package_identification:_identify(src/test_semantic_mcl) by extension 'colcon_pkg'
[0.235s] Level 1:colcon.colcon_core.package_identification:_identify(src/test_semantic_mcl) by extensions ['colcon_meta']
[0.235s] Level 1:colcon.colcon_core.package_identification:_identify(src/test_semantic_mcl) by extension 'colcon_meta'
[0.235s] Level 1:colcon.colcon_core.package_identification:_identify(src/test_semantic_mcl) by extensions ['ros']
[0.235s] Level 1:colcon.colcon_core.package_identification:_identify(src/test_semantic_mcl) by extension 'ros'
[0.236s] DEBUG:colcon.colcon_core.package_identification:Package 'src/test_semantic_mcl' with type 'ros.ament_python' and name 'test_semantic_mcl'
[0.236s] Level 1:colcon.colcon_core.package_discovery:discover_packages(recursive) using defaults
[0.236s] Level 1:colcon.colcon_core.package_discovery:discover_packages(ignore) discover
[0.236s] Level 1:colcon.colcon_core.package_discovery:discover_packages(ignore) using defaults
[0.236s] Level 1:colcon.colcon_core.package_discovery:discover_packages(path) discover
[0.236s] Level 1:colcon.colcon_core.package_discovery:discover_packages(path) using defaults
[0.247s] Level 1:colcon.colcon_core.package_discovery:discover_packages(prefix_path) check parameters
[0.247s] Level 1:colcon.colcon_core.package_discovery:discover_packages(prefix_path) discover
[0.248s] WARNING:colcon.colcon_ros.prefix_path.ament:The path '/mnt/ssd/lsgloc_ws/install/test_semantic_mcl' in the environment variable AMENT_PREFIX_PATH doesn't exist
[0.248s] WARNING:colcon.colcon_ros.prefix_path.ament:The path '/mnt/ssd/lsgloc_ws/install/semantic_mcl' in the environment variable AMENT_PREFIX_PATH doesn't exist
[0.248s] WARNING:colcon.colcon_ros.prefix_path.ament:The path '/mnt/ssd/lsgloc_ws/install/obj_detection' in the environment variable AMENT_PREFIX_PATH doesn't exist
[0.248s] WARNING:colcon.colcon_ros.prefix_path.ament:The path '/mnt/ssd/lsgloc_ws/install/semantic_msgs' in the environment variable AMENT_PREFIX_PATH doesn't exist
[0.248s] WARNING:colcon.colcon_ros.prefix_path.ament:The path '/mnt/ssd/lsgloc_ws/install/bcr_bot' in the environment variable AMENT_PREFIX_PATH doesn't exist
[0.248s] WARNING:colcon.colcon_ros.prefix_path.catkin:The path '/mnt/ssd/lsgloc_ws/install/semantic_mcl' in the environment variable CMAKE_PREFIX_PATH doesn't exist
[0.248s] WARNING:colcon.colcon_ros.prefix_path.catkin:The path '/mnt/ssd/lsgloc_ws/install/semantic_msgs' in the environment variable CMAKE_PREFIX_PATH doesn't exist
[0.248s] WARNING:colcon.colcon_ros.prefix_path.catkin:The path '/mnt/ssd/lsgloc_ws/install/bcr_bot' in the environment variable CMAKE_PREFIX_PATH doesn't exist
[0.248s] DEBUG:colcon.colcon_installed_package_information.package_discovery:Found 0 installed packages in /mnt/ssd/lsgloc_ws/install
[0.250s] DEBUG:colcon.colcon_installed_package_information.package_discovery:Found 450 installed packages in /opt/ros/humble
[0.251s] Level 1:colcon.colcon_core.package_discovery:discover_packages(prefix_path) using defaults
[0.281s] Level 5:colcon.colcon_core.verb:set package 'bcr_bot' build argument 'cmake_args' from command line to 'None'
[0.281s] Level 5:colcon.colcon_core.verb:set package 'bcr_bot' build argument 'cmake_target' from command line to 'None'
[0.281s] Level 5:colcon.colcon_core.verb:set package 'bcr_bot' build argument 'cmake_target_skip_unavailable' from command line to 'False'
[0.281s] Level 5:colcon.colcon_core.verb:set package 'bcr_bot' build argument 'cmake_clean_cache' from command line to 'False'
[0.281s] Level 5:colcon.colcon_core.verb:set package 'bcr_bot' build argument 'cmake_clean_first' from command line to 'False'
[0.281s] Level 5:colcon.colcon_core.verb:set package 'bcr_bot' build argument 'cmake_force_configure' from command line to 'False'
[0.281s] Level 5:colcon.colcon_core.verb:set package 'bcr_bot' build argument 'ament_cmake_args' from command line to 'None'
[0.281s] Level 5:colcon.colcon_core.verb:set package 'bcr_bot' build argument 'catkin_cmake_args' from command line to 'None'
[0.281s] Level 5:colcon.colcon_core.verb:set package 'bcr_bot' build argument 'catkin_skip_building_tests' from command line to 'False'
[0.281s] DEBUG:colcon.colcon_core.verb:Building package 'bcr_bot' with the following arguments: {'ament_cmake_args': None, 'build_base': '/mnt/ssd/lsgloc_ws/build/bcr_bot', 'catkin_cmake_args': None, 'catkin_skip_building_tests': False, 'cmake_args': None, 'cmake_clean_cache': False, 'cmake_clean_first': False, 'cmake_force_configure': False, 'cmake_target': None, 'cmake_target_skip_unavailable': False, 'install_base': '/mnt/ssd/lsgloc_ws/install/bcr_bot', 'merge_install': False, 'path': '/mnt/ssd/lsgloc_ws/src/bcr_bot', 'symlink_install': False, 'test_result_base': None}
[0.281s] Level 5:colcon.colcon_core.verb:set package 'semantic_msgs' build argument 'cmake_args' from command line to 'None'
[0.281s] Level 5:colcon.colcon_core.verb:set package 'semantic_msgs' build argument 'cmake_target' from command line to 'None'
[0.281s] Level 5:colcon.colcon_core.verb:set package 'semantic_msgs' build argument 'cmake_target_skip_unavailable' from command line to 'False'
[0.281s] Level 5:colcon.colcon_core.verb:set package 'semantic_msgs' build argument 'cmake_clean_cache' from command line to 'False'
[0.281s] Level 5:colcon.colcon_core.verb:set package 'semantic_msgs' build argument 'cmake_clean_first' from command line to 'False'
[0.281s] Level 5:colcon.colcon_core.verb:set package 'semantic_msgs' build argument 'cmake_force_configure' from command line to 'False'
[0.281s] Level 5:colcon.colcon_core.verb:set package 'semantic_msgs' build argument 'ament_cmake_args' from command line to 'None'
[0.281s] Level 5:colcon.colcon_core.verb:set package 'semantic_msgs' build argument 'catkin_cmake_args' from command line to 'None'
[0.281s] Level 5:colcon.colcon_core.verb:set package 'semantic_msgs' build argument 'catkin_skip_building_tests' from command line to 'False'
[0.281s] DEBUG:colcon.colcon_core.verb:Building package 'semantic_msgs' with the following arguments: {'ament_cmake_args': None, 'build_base': '/mnt/ssd/lsgloc_ws/build/semantic_msgs', 'catkin_cmake_args': None, 'catkin_skip_building_tests': False, 'cmake_args': None, 'cmake_clean_cache': False, 'cmake_clean_first': False, 'cmake_force_configure': False, 'cmake_target': None, 'cmake_target_skip_unavailable': False, 'install_base': '/mnt/ssd/lsgloc_ws/install/semantic_msgs', 'merge_install': False, 'path': '/mnt/ssd/lsgloc_ws/src/semantic_msgs', 'symlink_install': False, 'test_result_base': None}
[0.282s] Level 5:colcon.colcon_core.verb:set package 'test_semantic_mcl' build argument 'cmake_args' from command line to 'None'
[0.282s] Level 5:colcon.colcon_core.verb:set package 'test_semantic_mcl' build argument 'cmake_target' from command line to 'None'
[0.282s] Level 5:colcon.colcon_core.verb:set package 'test_semantic_mcl' build argument 'cmake_target_skip_unavailable' from command line to 'False'
[0.282s] Level 5:colcon.colcon_core.verb:set package 'test_semantic_mcl' build argument 'cmake_clean_cache' from command line to 'False'
[0.282s] Level 5:colcon.colcon_core.verb:set package 'test_semantic_mcl' build argument 'cmake_clean_first' from command line to 'False'
[0.282s] Level 5:colcon.colcon_core.verb:set package 'test_semantic_mcl' build argument 'cmake_force_configure' from command line to 'False'
[0.282s] Level 5:colcon.colcon_core.verb:set package 'test_semantic_mcl' build argument 'ament_cmake_args' from command line to 'None'
[0.282s] Level 5:colcon.colcon_core.verb:set package 'test_semantic_mcl' build argument 'catkin_cmake_args' from command line to 'None'
[0.282s] Level 5:colcon.colcon_core.verb:set package 'test_semantic_mcl' build argument 'catkin_skip_building_tests' from command line to 'False'
[0.282s] DEBUG:colcon.colcon_core.verb:Building package 'test_semantic_mcl' with the following arguments: {'ament_cmake_args': None, 'build_base': '/mnt/ssd/lsgloc_ws/build/test_semantic_mcl', 'catkin_cmake_args': None, 'catkin_skip_building_tests': False, 'cmake_args': None, 'cmake_clean_cache': False, 'cmake_clean_first': False, 'cmake_force_configure': False, 'cmake_target': None, 'cmake_target_skip_unavailable': False, 'install_base': '/mnt/ssd/lsgloc_ws/install/test_semantic_mcl', 'merge_install': False, 'path': '/mnt/ssd/lsgloc_ws/src/test_semantic_mcl', 'symlink_install': False, 'test_result_base': None}
[0.282s] Level 5:colcon.colcon_core.verb:set package 'obj_detection' build argument 'cmake_args' from command line to 'None'
[0.282s] Level 5:colcon.colcon_core.verb:set package 'obj_detection' build argument 'cmake_target' from command line to 'None'
[0.282s] Level 5:colcon.colcon_core.verb:set package 'obj_detection' build argument 'cmake_target_skip_unavailable' from command line to 'False'
[0.282s] Level 5:colcon.colcon_core.verb:set package 'obj_detection' build argument 'cmake_clean_cache' from command line to 'False'
[0.282s] Level 5:colcon.colcon_core.verb:set package 'obj_detection' build argument 'cmake_clean_first' from command line to 'False'
[0.282s] Level 5:colcon.colcon_core.verb:set package 'obj_detection' build argument 'cmake_force_configure' from command line to 'False'
[0.282s] Level 5:colcon.colcon_core.verb:set package 'obj_detection' build argument 'ament_cmake_args' from command line to 'None'
[0.282s] Level 5:colcon.colcon_core.verb:set package 'obj_detection' build argument 'catkin_cmake_args' from command line to 'None'
[0.282s] Level 5:colcon.colcon_core.verb:set package 'obj_detection' build argument 'catkin_skip_building_tests' from command line to 'False'
[0.282s] DEBUG:colcon.colcon_core.verb:Building package 'obj_detection' with the following arguments: {'ament_cmake_args': None, 'build_base': '/mnt/ssd/lsgloc_ws/build/obj_detection', 'catkin_cmake_args': None, 'catkin_skip_building_tests': False, 'cmake_args': None, 'cmake_clean_cache': False, 'cmake_clean_first': False, 'cmake_force_configure': False, 'cmake_target': None, 'cmake_target_skip_unavailable': False, 'install_base': '/mnt/ssd/lsgloc_ws/install/obj_detection', 'merge_install': False, 'path': '/mnt/ssd/lsgloc_ws/src/obj_detection', 'symlink_install': False, 'test_result_base': None}
[0.282s] Level 5:colcon.colcon_core.verb:set package 'semantic_mcl' build argument 'cmake_args' from command line to 'None'
[0.282s] Level 5:colcon.colcon_core.verb:set package 'semantic_mcl' build argument 'cmake_target' from command line to 'None'
[0.282s] Level 5:colcon.colcon_core.verb:set package 'semantic_mcl' build argument 'cmake_target_skip_unavailable' from command line to 'False'
[0.282s] Level 5:colcon.colcon_core.verb:set package 'semantic_mcl' build argument 'cmake_clean_cache' from command line to 'False'
[0.282s] Level 5:colcon.colcon_core.verb:set package 'semantic_mcl' build argument 'cmake_clean_first' from command line to 'False'
[0.282s] Level 5:colcon.colcon_core.verb:set package 'semantic_mcl' build argument 'cmake_force_configure' from command line to 'False'
[0.282s] Level 5:colcon.colcon_core.verb:set package 'semantic_mcl' build argument 'ament_cmake_args' from command line to 'None'
[0.282s] Level 5:colcon.colcon_core.verb:set package 'semantic_mcl' build argument 'catkin_cmake_args' from command line to 'None'
[0.282s] Level 5:colcon.colcon_core.verb:set package 'semantic_mcl' build argument 'catkin_skip_building_tests' from command line to 'False'
[0.282s] DEBUG:colcon.colcon_core.verb:Building package 'semantic_mcl' with the following arguments: {'ament_cmake_args': None, 'build_base': '/mnt/ssd/lsgloc_ws/build/semantic_mcl', 'catkin_cmake_args': None, 'catkin_skip_building_tests': False, 'cmake_args': None, 'cmake_clean_cache': False, 'cmake_clean_first': False, 'cmake_force_configure': False, 'cmake_target': None, 'cmake_target_skip_unavailable': False, 'install_base': '/mnt/ssd/lsgloc_ws/install/semantic_mcl', 'merge_install': False, 'path': '/mnt/ssd/lsgloc_ws/src/semantic_mcl', 'symlink_install': False, 'test_result_base': None}
[0.282s] INFO:colcon.colcon_core.executor:Executing jobs using 'parallel' executor
[0.283s] DEBUG:colcon.colcon_parallel_executor.executor.parallel:run_until_complete
[0.283s] INFO:colcon.colcon_ros.task.ament_cmake.build:Building ROS package in '/mnt/ssd/lsgloc_ws/src/semantic_msgs' with build type 'ament_cmake'
[0.283s] INFO:colcon.colcon_cmake.task.cmake.build:Building CMake package in '/mnt/ssd/lsgloc_ws/src/semantic_msgs'
[0.284s] INFO:colcon.colcon_core.plugin_system:Skipping extension 'colcon_core.shell.bat': Not used on non-Windows systems
[0.284s] INFO:colcon.colcon_core.shell:Skip shell extension 'powershell' for command environment: Not usable outside of PowerShell
[0.284s] DEBUG:colcon.colcon_core.shell:Skip shell extension 'dsv' for command environment
[0.287s] INFO:colcon.colcon_ros.task.ament_cmake.build:Building ROS package in '/mnt/ssd/lsgloc_ws/src/bcr_bot' with build type 'ament_cmake'
[0.287s] INFO:colcon.colcon_cmake.task.cmake.build:Building CMake package in '/mnt/ssd/lsgloc_ws/src/bcr_bot'
[0.287s] INFO:colcon.colcon_core.shell:Skip shell extension 'powershell' for command environment: Not usable outside of PowerShell
[0.287s] DEBUG:colcon.colcon_core.shell:Skip shell extension 'dsv' for command environment
[0.289s] INFO:colcon.colcon_ros.task.ament_python.build:Building ROS package in '/mnt/ssd/lsgloc_ws/src/test_semantic_mcl' with build type 'ament_python'
[0.289s] Level 1:colcon.colcon_core.shell:create_environment_hook('test_semantic_mcl', 'ament_prefix_path')
[0.289s] INFO:colcon.colcon_core.shell:Creating environment hook '/mnt/ssd/lsgloc_ws/install/test_semantic_mcl/share/test_semantic_mcl/hook/ament_prefix_path.ps1'
[0.290s] INFO:colcon.colcon_core.shell:Creating environment descriptor '/mnt/ssd/lsgloc_ws/install/test_semantic_mcl/share/test_semantic_mcl/hook/ament_prefix_path.dsv'
[0.290s] INFO:colcon.colcon_core.shell:Creating environment hook '/mnt/ssd/lsgloc_ws/install/test_semantic_mcl/share/test_semantic_mcl/hook/ament_prefix_path.sh'
[0.290s] INFO:colcon.colcon_core.shell:Skip shell extension 'powershell' for command environment: Not usable outside of PowerShell
[0.290s] DEBUG:colcon.colcon_core.shell:Skip shell extension 'dsv' for command environment
[0.295s] DEBUG:colcon.colcon_core.event_handler.log_command:Invoking command in '/mnt/ssd/lsgloc_ws/build/semantic_msgs': CMAKE_PREFIX_PATH=${CMAKE_PREFIX_PATH}:/mnt/ssd/lsgloc_ws/install/test_semantic_mcl:/mnt/ssd/lsgloc_ws/install/obj_detection:/opt/ros/humble /usr/bin/cmake /mnt/ssd/lsgloc_ws/src/semantic_msgs -DCMAKE_INSTALL_PREFIX=/mnt/ssd/lsgloc_ws/install/semantic_msgs
[0.296s] DEBUG:colcon.colcon_core.event_handler.log_command:Invoking command in '/mnt/ssd/lsgloc_ws/build/bcr_bot': CMAKE_PREFIX_PATH=${CMAKE_PREFIX_PATH}:/mnt/ssd/lsgloc_ws/install/test_semantic_mcl:/mnt/ssd/lsgloc_ws/install/obj_detection:/opt/ros/humble /usr/bin/cmake /mnt/ssd/lsgloc_ws/src/bcr_bot -DCMAKE_INSTALL_PREFIX=/mnt/ssd/lsgloc_ws/install/bcr_bot
[0.540s] INFO:colcon.colcon_core.task.python.build:Building Python package in '/mnt/ssd/lsgloc_ws/src/test_semantic_mcl'
[0.540s] INFO:colcon.colcon_core.shell:Skip shell extension 'powershell' for command environment: Not usable outside of PowerShell
[0.540s] DEBUG:colcon.colcon_core.shell:Skip shell extension 'dsv' for command environment
[0.942s] DEBUG:colcon.colcon_core.event_handler.log_command:Invoking command in '/mnt/ssd/lsgloc_ws/src/test_semantic_mcl': PYTHONPATH=/mnt/ssd/lsgloc_ws/build/test_semantic_mcl/prefix_override:/usr/lib/python3/dist-packages/colcon_core/task/python/colcon_distutils_commands:/mnt/ssd/lsgloc_ws/install/test_semantic_mcl/lib/python3.10/site-packages:${PYTHONPATH} /usr/bin/python3 -W ignore:setup.py install is deprecated -W ignore:easy_install command is deprecated setup.py egg_info --egg-base ../../build/test_semantic_mcl build --build-base /mnt/ssd/lsgloc_ws/build/test_semantic_mcl/build install --record /mnt/ssd/lsgloc_ws/build/test_semantic_mcl/install.log --single-version-externally-managed install_data
[0.997s] DEBUG:colcon.colcon_core.event_handler.log_command:Invoked command in '/mnt/ssd/lsgloc_ws/build/bcr_bot' returned '0': CMAKE_PREFIX_PATH=${CMAKE_PREFIX_PATH}:/mnt/ssd/lsgloc_ws/install/test_semantic_mcl:/mnt/ssd/lsgloc_ws/install/obj_detection:/opt/ros/humble /usr/bin/cmake /mnt/ssd/lsgloc_ws/src/bcr_bot -DCMAKE_INSTALL_PREFIX=/mnt/ssd/lsgloc_ws/install/bcr_bot
[0.998s] DEBUG:colcon.colcon_core.event_handler.log_command:Invoking command in '/mnt/ssd/lsgloc_ws/build/bcr_bot': CMAKE_PREFIX_PATH=${CMAKE_PREFIX_PATH}:/mnt/ssd/lsgloc_ws/install/test_semantic_mcl:/mnt/ssd/lsgloc_ws/install/obj_detection:/opt/ros/humble /usr/bin/cmake --build /mnt/ssd/lsgloc_ws/build/bcr_bot -- -j16 -l16
[1.024s] DEBUG:colcon.colcon_core.event_handler.log_command:Invoked command in '/mnt/ssd/lsgloc_ws/build/bcr_bot' returned '0': CMAKE_PREFIX_PATH=${CMAKE_PREFIX_PATH}:/mnt/ssd/lsgloc_ws/install/test_semantic_mcl:/mnt/ssd/lsgloc_ws/install/obj_detection:/opt/ros/humble /usr/bin/cmake --build /mnt/ssd/lsgloc_ws/build/bcr_bot -- -j16 -l16
[1.031s] DEBUG:colcon.colcon_core.event_handler.log_command:Invoking command in '/mnt/ssd/lsgloc_ws/build/bcr_bot': CMAKE_PREFIX_PATH=${CMAKE_PREFIX_PATH}:/mnt/ssd/lsgloc_ws/install/test_semantic_mcl:/mnt/ssd/lsgloc_ws/install/obj_detection:/opt/ros/humble /usr/bin/cmake --install /mnt/ssd/lsgloc_ws/build/bcr_bot
[1.069s] Level 1:colcon.colcon_core.environment:create_environment_scripts_only(bcr_bot)
[1.069s] DEBUG:colcon.colcon_core.event_handler.log_command:Invoked command in '/mnt/ssd/lsgloc_ws/build/bcr_bot' returned '0': CMAKE_PREFIX_PATH=${CMAKE_PREFIX_PATH}:/mnt/ssd/lsgloc_ws/install/test_semantic_mcl:/mnt/ssd/lsgloc_ws/install/obj_detection:/opt/ros/humble /usr/bin/cmake --install /mnt/ssd/lsgloc_ws/build/bcr_bot
[1.070s] Level 1:colcon.colcon_core.environment:checking '/mnt/ssd/lsgloc_ws/install/bcr_bot' for CMake module files
[1.070s] Level 1:colcon.colcon_core.environment:checking '/mnt/ssd/lsgloc_ws/install/bcr_bot' for CMake config files
[1.070s] Level 1:colcon.colcon_core.shell:create_environment_hook('bcr_bot', 'cmake_prefix_path')
[1.071s] INFO:colcon.colcon_core.shell:Creating environment hook '/mnt/ssd/lsgloc_ws/install/bcr_bot/share/bcr_bot/hook/cmake_prefix_path.ps1'
[1.071s] INFO:colcon.colcon_core.shell:Creating environment descriptor '/mnt/ssd/lsgloc_ws/install/bcr_bot/share/bcr_bot/hook/cmake_prefix_path.dsv'
[1.071s] INFO:colcon.colcon_core.shell:Creating environment hook '/mnt/ssd/lsgloc_ws/install/bcr_bot/share/bcr_bot/hook/cmake_prefix_path.sh'
[1.071s] Level 1:colcon.colcon_core.environment:checking '/mnt/ssd/lsgloc_ws/install/bcr_bot/lib'
[1.071s] Level 1:colcon.colcon_core.environment:checking '/mnt/ssd/lsgloc_ws/install/bcr_bot/bin'
[1.071s] Level 1:colcon.colcon_core.environment:checking '/mnt/ssd/lsgloc_ws/install/bcr_bot/lib/pkgconfig/bcr_bot.pc'
[1.072s] Level 1:colcon.colcon_core.environment:checking '/mnt/ssd/lsgloc_ws/install/bcr_bot/lib/python3.10/site-packages'
[1.072s] Level 1:colcon.colcon_core.environment:checking '/mnt/ssd/lsgloc_ws/install/bcr_bot/bin'
[1.072s] INFO:colcon.colcon_core.shell:Creating package script '/mnt/ssd/lsgloc_ws/install/bcr_bot/share/bcr_bot/package.ps1'
[1.072s] INFO:colcon.colcon_core.shell:Creating package descriptor '/mnt/ssd/lsgloc_ws/install/bcr_bot/share/bcr_bot/package.dsv'
[1.073s] INFO:colcon.colcon_core.shell:Creating package script '/mnt/ssd/lsgloc_ws/install/bcr_bot/share/bcr_bot/package.sh'
[1.073s] INFO:colcon.colcon_core.shell:Creating package script '/mnt/ssd/lsgloc_ws/install/bcr_bot/share/bcr_bot/package.bash'
[1.073s] INFO:colcon.colcon_core.shell:Creating package script '/mnt/ssd/lsgloc_ws/install/bcr_bot/share/bcr_bot/package.zsh'
[1.074s] Level 1:colcon.colcon_core.environment:create_file_with_runtime_dependencies(/mnt/ssd/lsgloc_ws/install/bcr_bot/share/colcon-core/packages/bcr_bot)
[1.074s] Level 1:colcon.colcon_core.environment:create_environment_scripts_only(bcr_bot)
[1.074s] Level 1:colcon.colcon_core.environment:checking '/mnt/ssd/lsgloc_ws/install/bcr_bot' for CMake module files
[1.074s] Level 1:colcon.colcon_core.environment:checking '/mnt/ssd/lsgloc_ws/install/bcr_bot' for CMake config files
[1.074s] Level 1:colcon.colcon_core.shell:create_environment_hook('bcr_bot', 'cmake_prefix_path')
[1.075s] INFO:colcon.colcon_core.shell:Creating environment hook '/mnt/ssd/lsgloc_ws/install/bcr_bot/share/bcr_bot/hook/cmake_prefix_path.ps1'
[1.075s] INFO:colcon.colcon_core.shell:Creating environment descriptor '/mnt/ssd/lsgloc_ws/install/bcr_bot/share/bcr_bot/hook/cmake_prefix_path.dsv'
[1.075s] INFO:colcon.colcon_core.shell:Creating environment hook '/mnt/ssd/lsgloc_ws/install/bcr_bot/share/bcr_bot/hook/cmake_prefix_path.sh'
[1.075s] Level 1:colcon.colcon_core.environment:checking '/mnt/ssd/lsgloc_ws/install/bcr_bot/lib'
[1.075s] Level 1:colcon.colcon_core.environment:checking '/mnt/ssd/lsgloc_ws/install/bcr_bot/bin'
[1.075s] Level 1:colcon.colcon_core.environment:checking '/mnt/ssd/lsgloc_ws/install/bcr_bot/lib/pkgconfig/bcr_bot.pc'
[1.075s] Level 1:colcon.colcon_core.environment:checking '/mnt/ssd/lsgloc_ws/install/bcr_bot/lib/python3.10/site-packages'
[1.076s] Level 1:colcon.colcon_core.environment:checking '/mnt/ssd/lsgloc_ws/install/bcr_bot/bin'
[1.076s] INFO:colcon.colcon_core.shell:Creating package script '/mnt/ssd/lsgloc_ws/install/bcr_bot/share/bcr_bot/package.ps1'
[1.076s] INFO:colcon.colcon_core.shell:Creating package descriptor '/mnt/ssd/lsgloc_ws/install/bcr_bot/share/bcr_bot/package.dsv'
[1.076s] INFO:colcon.colcon_core.shell:Creating package script '/mnt/ssd/lsgloc_ws/install/bcr_bot/share/bcr_bot/package.sh'
[1.076s] INFO:colcon.colcon_core.shell:Creating package script '/mnt/ssd/lsgloc_ws/install/bcr_bot/share/bcr_bot/package.bash'
[1.077s] INFO:colcon.colcon_core.shell:Creating package script '/mnt/ssd/lsgloc_ws/install/bcr_bot/share/bcr_bot/package.zsh'
[1.077s] Level 1:colcon.colcon_core.environment:create_file_with_runtime_dependencies(/mnt/ssd/lsgloc_ws/install/bcr_bot/share/colcon-core/packages/bcr_bot)
[1.295s] Level 1:colcon.colcon_core.environment:checking '/mnt/ssd/lsgloc_ws/install/test_semantic_mcl' for CMake module files
[1.295s] DEBUG:colcon.colcon_core.event_handler.log_command:Invoked command in '/mnt/ssd/lsgloc_ws/src/test_semantic_mcl' returned '0': PYTHONPATH=/mnt/ssd/lsgloc_ws/build/test_semantic_mcl/prefix_override:/usr/lib/python3/dist-packages/colcon_core/task/python/colcon_distutils_commands:/mnt/ssd/lsgloc_ws/install/test_semantic_mcl/lib/python3.10/site-packages:${PYTHONPATH} /usr/bin/python3 -W ignore:setup.py install is deprecated -W ignore:easy_install command is deprecated setup.py egg_info --egg-base ../../build/test_semantic_mcl build --build-base /mnt/ssd/lsgloc_ws/build/test_semantic_mcl/build install --record /mnt/ssd/lsgloc_ws/build/test_semantic_mcl/install.log --single-version-externally-managed install_data
[1.296s] Level 1:colcon.colcon_core.environment:checking '/mnt/ssd/lsgloc_ws/install/test_semantic_mcl' for CMake config files
[1.296s] Level 1:colcon.colcon_core.environment:checking '/mnt/ssd/lsgloc_ws/install/test_semantic_mcl/lib'
[1.297s] Level 1:colcon.colcon_core.environment:checking '/mnt/ssd/lsgloc_ws/install/test_semantic_mcl/bin'
[1.297s] Level 1:colcon.colcon_core.environment:checking '/mnt/ssd/lsgloc_ws/install/test_semantic_mcl/lib/pkgconfig/test_semantic_mcl.pc'
[1.297s] Level 1:colcon.colcon_core.environment:checking '/mnt/ssd/lsgloc_ws/install/test_semantic_mcl/lib/python3.10/site-packages'
[1.297s] Level 1:colcon.colcon_core.shell:create_environment_hook('test_semantic_mcl', 'pythonpath')
[1.297s] INFO:colcon.colcon_core.shell:Creating environment hook '/mnt/ssd/lsgloc_ws/install/test_semantic_mcl/share/test_semantic_mcl/hook/pythonpath.ps1'
[1.297s] INFO:colcon.colcon_core.shell:Creating environment descriptor '/mnt/ssd/lsgloc_ws/install/test_semantic_mcl/share/test_semantic_mcl/hook/pythonpath.dsv'
[1.297s] INFO:colcon.colcon_core.shell:Creating environment hook '/mnt/ssd/lsgloc_ws/install/test_semantic_mcl/share/test_semantic_mcl/hook/pythonpath.sh'
[1.298s] Level 1:colcon.colcon_core.environment:checking '/mnt/ssd/lsgloc_ws/install/test_semantic_mcl/bin'
[1.298s] Level 1:colcon.colcon_core.environment:create_environment_scripts_only(test_semantic_mcl)
[1.298s] INFO:colcon.colcon_core.shell:Creating package script '/mnt/ssd/lsgloc_ws/install/test_semantic_mcl/share/test_semantic_mcl/package.ps1'
[1.298s] INFO:colcon.colcon_core.shell:Creating package descriptor '/mnt/ssd/lsgloc_ws/install/test_semantic_mcl/share/test_semantic_mcl/package.dsv'
[1.298s] INFO:colcon.colcon_core.shell:Creating package script '/mnt/ssd/lsgloc_ws/install/test_semantic_mcl/share/test_semantic_mcl/package.sh'
[1.298s] INFO:colcon.colcon_core.shell:Creating package script '/mnt/ssd/lsgloc_ws/install/test_semantic_mcl/share/test_semantic_mcl/package.bash'
[1.299s] INFO:colcon.colcon_core.shell:Creating package script '/mnt/ssd/lsgloc_ws/install/test_semantic_mcl/share/test_semantic_mcl/package.zsh'
[1.299s] Level 1:colcon.colcon_core.environment:create_file_with_runtime_dependencies(/mnt/ssd/lsgloc_ws/install/test_semantic_mcl/share/colcon-core/packages/test_semantic_mcl)
[1.610s] DEBUG:colcon.colcon_core.event_handler.log_command:Invoked command in '/mnt/ssd/lsgloc_ws/build/semantic_msgs' returned '0': CMAKE_PREFIX_PATH=${CMAKE_PREFIX_PATH}:/mnt/ssd/lsgloc_ws/install/test_semantic_mcl:/mnt/ssd/lsgloc_ws/install/obj_detection:/opt/ros/humble /usr/bin/cmake /mnt/ssd/lsgloc_ws/src/semantic_msgs -DCMAKE_INSTALL_PREFIX=/mnt/ssd/lsgloc_ws/install/semantic_msgs
[1.611s] DEBUG:colcon.colcon_core.event_handler.log_command:Invoking command in '/mnt/ssd/lsgloc_ws/build/semantic_msgs': CMAKE_PREFIX_PATH=${CMAKE_PREFIX_PATH}:/mnt/ssd/lsgloc_ws/install/test_semantic_mcl:/mnt/ssd/lsgloc_ws/install/obj_detection:/opt/ros/humble /usr/bin/cmake --build /mnt/ssd/lsgloc_ws/build/semantic_msgs -- -j16 -l16
[2.667s] DEBUG:colcon.colcon_core.event_handler.log_command:Invoked command in '/mnt/ssd/lsgloc_ws/build/semantic_msgs' returned '0': CMAKE_PREFIX_PATH=${CMAKE_PREFIX_PATH}:/mnt/ssd/lsgloc_ws/install/test_semantic_mcl:/mnt/ssd/lsgloc_ws/install/obj_detection:/opt/ros/humble /usr/bin/cmake --build /mnt/ssd/lsgloc_ws/build/semantic_msgs -- -j16 -l16
[2.668s] DEBUG:colcon.colcon_core.event_handler.log_command:Invoking command in '/mnt/ssd/lsgloc_ws/build/semantic_msgs': CMAKE_PREFIX_PATH=${CMAKE_PREFIX_PATH}:/mnt/ssd/lsgloc_ws/install/test_semantic_mcl:/mnt/ssd/lsgloc_ws/install/obj_detection:/opt/ros/humble /usr/bin/cmake --install /mnt/ssd/lsgloc_ws/build/semantic_msgs
[2.710s] Level 1:colcon.colcon_core.environment:create_environment_scripts_only(semantic_msgs)
[2.710s] Level 1:colcon.colcon_core.environment:checking '/mnt/ssd/lsgloc_ws/install/semantic_msgs' for CMake module files
[2.711s] DEBUG:colcon.colcon_core.event_handler.log_command:Invoked command in '/mnt/ssd/lsgloc_ws/build/semantic_msgs' returned '0': CMAKE_PREFIX_PATH=${CMAKE_PREFIX_PATH}:/mnt/ssd/lsgloc_ws/install/test_semantic_mcl:/mnt/ssd/lsgloc_ws/install/obj_detection:/opt/ros/humble /usr/bin/cmake --install /mnt/ssd/lsgloc_ws/build/semantic_msgs
[2.711s] Level 1:colcon.colcon_core.environment:checking '/mnt/ssd/lsgloc_ws/install/semantic_msgs' for CMake config files
[2.711s] Level 1:colcon.colcon_core.shell:create_environment_hook('semantic_msgs', 'cmake_prefix_path')
[2.712s] INFO:colcon.colcon_core.shell:Creating environment hook '/mnt/ssd/lsgloc_ws/install/semantic_msgs/share/semantic_msgs/hook/cmake_prefix_path.ps1'
[2.712s] INFO:colcon.colcon_core.shell:Creating environment descriptor '/mnt/ssd/lsgloc_ws/install/semantic_msgs/share/semantic_msgs/hook/cmake_prefix_path.dsv'
[2.712s] INFO:colcon.colcon_core.shell:Creating environment hook '/mnt/ssd/lsgloc_ws/install/semantic_msgs/share/semantic_msgs/hook/cmake_prefix_path.sh'
[2.712s] Level 1:colcon.colcon_core.environment:checking '/mnt/ssd/lsgloc_ws/install/semantic_msgs/lib'
[2.712s] Level 1:colcon.colcon_core.shell:create_environment_hook('semantic_msgs', 'ld_library_path_lib')
[2.712s] INFO:colcon.colcon_core.shell:Creating environment hook '/mnt/ssd/lsgloc_ws/install/semantic_msgs/share/semantic_msgs/hook/ld_library_path_lib.ps1'
[2.713s] INFO:colcon.colcon_core.shell:Creating environment descriptor '/mnt/ssd/lsgloc_ws/install/semantic_msgs/share/semantic_msgs/hook/ld_library_path_lib.dsv'
[2.713s] INFO:colcon.colcon_core.shell:Creating environment hook '/mnt/ssd/lsgloc_ws/install/semantic_msgs/share/semantic_msgs/hook/ld_library_path_lib.sh'
[2.713s] Level 1:colcon.colcon_core.environment:checking '/mnt/ssd/lsgloc_ws/install/semantic_msgs/bin'
[2.713s] Level 1:colcon.colcon_core.environment:checking '/mnt/ssd/lsgloc_ws/install/semantic_msgs/lib/pkgconfig/semantic_msgs.pc'
[2.713s] Level 1:colcon.colcon_core.environment:checking '/mnt/ssd/lsgloc_ws/install/semantic_msgs/lib/python3.10/site-packages'
[2.713s] Level 1:colcon.colcon_core.environment:checking '/mnt/ssd/lsgloc_ws/install/semantic_msgs/bin'
[2.713s] INFO:colcon.colcon_core.shell:Creating package script '/mnt/ssd/lsgloc_ws/install/semantic_msgs/share/semantic_msgs/package.ps1'
[2.714s] INFO:colcon.colcon_core.shell:Creating package descriptor '/mnt/ssd/lsgloc_ws/install/semantic_msgs/share/semantic_msgs/package.dsv'
[2.714s] INFO:colcon.colcon_core.shell:Creating package script '/mnt/ssd/lsgloc_ws/install/semantic_msgs/share/semantic_msgs/package.sh'
[2.714s] INFO:colcon.colcon_core.shell:Creating package script '/mnt/ssd/lsgloc_ws/install/semantic_msgs/share/semantic_msgs/package.bash'
[2.714s] INFO:colcon.colcon_core.shell:Creating package script '/mnt/ssd/lsgloc_ws/install/semantic_msgs/share/semantic_msgs/package.zsh'
[2.714s] Level 1:colcon.colcon_core.environment:create_file_with_runtime_dependencies(/mnt/ssd/lsgloc_ws/install/semantic_msgs/share/colcon-core/packages/semantic_msgs)
[2.715s] Level 1:colcon.colcon_core.environment:create_environment_scripts_only(semantic_msgs)
[2.715s] Level 1:colcon.colcon_core.environment:checking '/mnt/ssd/lsgloc_ws/install/semantic_msgs' for CMake module files
[2.715s] Level 1:colcon.colcon_core.environment:checking '/mnt/ssd/lsgloc_ws/install/semantic_msgs' for CMake config files
[2.716s] Level 1:colcon.colcon_core.shell:create_environment_hook('semantic_msgs', 'cmake_prefix_path')
[2.716s] INFO:colcon.colcon_core.shell:Creating environment hook '/mnt/ssd/lsgloc_ws/install/semantic_msgs/share/semantic_msgs/hook/cmake_prefix_path.ps1'
[2.716s] INFO:colcon.colcon_core.shell:Creating environment descriptor '/mnt/ssd/lsgloc_ws/install/semantic_msgs/share/semantic_msgs/hook/cmake_prefix_path.dsv'
[2.716s] INFO:colcon.colcon_core.shell:Creating environment hook '/mnt/ssd/lsgloc_ws/install/semantic_msgs/share/semantic_msgs/hook/cmake_prefix_path.sh'
[2.717s] Level 1:colcon.colcon_core.environment:checking '/mnt/ssd/lsgloc_ws/install/semantic_msgs/lib'
[2.717s] Level 1:colcon.colcon_core.shell:create_environment_hook('semantic_msgs', 'ld_library_path_lib')
[2.717s] INFO:colcon.colcon_core.shell:Creating environment hook '/mnt/ssd/lsgloc_ws/install/semantic_msgs/share/semantic_msgs/hook/ld_library_path_lib.ps1'
[2.717s] INFO:colcon.colcon_core.shell:Creating environment descriptor '/mnt/ssd/lsgloc_ws/install/semantic_msgs/share/semantic_msgs/hook/ld_library_path_lib.dsv'
[2.717s] INFO:colcon.colcon_core.shell:Creating environment hook '/mnt/ssd/lsgloc_ws/install/semantic_msgs/share/semantic_msgs/hook/ld_library_path_lib.sh'
[2.717s] Level 1:colcon.colcon_core.environment:checking '/mnt/ssd/lsgloc_ws/install/semantic_msgs/bin'
[2.717s] Level 1:colcon.colcon_core.environment:checking '/mnt/ssd/lsgloc_ws/install/semantic_msgs/lib/pkgconfig/semantic_msgs.pc'
[2.717s] Level 1:colcon.colcon_core.environment:checking '/mnt/ssd/lsgloc_ws/install/semantic_msgs/lib/python3.10/site-packages'
[2.718s] Level 1:colcon.colcon_core.environment:checking '/mnt/ssd/lsgloc_ws/install/semantic_msgs/bin'
[2.718s] INFO:colcon.colcon_core.shell:Creating package script '/mnt/ssd/lsgloc_ws/install/semantic_msgs/share/semantic_msgs/package.ps1'
[2.718s] INFO:colcon.colcon_core.shell:Creating package descriptor '/mnt/ssd/lsgloc_ws/install/semantic_msgs/share/semantic_msgs/package.dsv'
[2.718s] INFO:colcon.colcon_core.shell:Creating package script '/mnt/ssd/lsgloc_ws/install/semantic_msgs/share/semantic_msgs/package.sh'
[2.718s] INFO:colcon.colcon_core.shell:Creating package script '/mnt/ssd/lsgloc_ws/install/semantic_msgs/share/semantic_msgs/package.bash'
[2.719s] INFO:colcon.colcon_core.shell:Creating package script '/mnt/ssd/lsgloc_ws/install/semantic_msgs/share/semantic_msgs/package.zsh'
[2.719s] Level 1:colcon.colcon_core.environment:create_file_with_runtime_dependencies(/mnt/ssd/lsgloc_ws/install/semantic_msgs/share/colcon-core/packages/semantic_msgs)
[2.719s] INFO:colcon.colcon_ros.task.ament_python.build:Building ROS package in '/mnt/ssd/lsgloc_ws/src/obj_detection' with build type 'ament_python'
[2.719s] Level 1:colcon.colcon_core.shell:create_environment_hook('obj_detection', 'ament_prefix_path')
[2.719s] INFO:colcon.colcon_core.shell:Creating environment hook '/mnt/ssd/lsgloc_ws/install/obj_detection/share/obj_detection/hook/ament_prefix_path.ps1'
[2.720s] INFO:colcon.colcon_core.shell:Creating environment descriptor '/mnt/ssd/lsgloc_ws/install/obj_detection/share/obj_detection/hook/ament_prefix_path.dsv'
[2.720s] INFO:colcon.colcon_core.shell:Creating environment hook '/mnt/ssd/lsgloc_ws/install/obj_detection/share/obj_detection/hook/ament_prefix_path.sh'
[2.720s] INFO:colcon.colcon_core.shell:Skip shell extension 'powershell' for command environment: Not usable outside of PowerShell
[2.720s] DEBUG:colcon.colcon_core.shell:Skip shell extension 'dsv' for command environment
[2.722s] INFO:colcon.colcon_ros.task.ament_cmake.build:Building ROS package in '/mnt/ssd/lsgloc_ws/src/semantic_mcl' with build type 'ament_cmake'
[2.722s] INFO:colcon.colcon_cmake.task.cmake.build:Building CMake package in '/mnt/ssd/lsgloc_ws/src/semantic_mcl'
[2.723s] INFO:colcon.colcon_core.shell:Skip shell extension 'powershell' for command environment: Not usable outside of PowerShell
[2.723s] DEBUG:colcon.colcon_core.shell:Skip shell extension 'dsv' for command environment
[2.937s] INFO:colcon.colcon_core.task.python.build:Building Python package in '/mnt/ssd/lsgloc_ws/src/obj_detection'
[2.937s] INFO:colcon.colcon_core.shell:Skip shell extension 'powershell' for command environment: Not usable outside of PowerShell
[2.937s] DEBUG:colcon.colcon_core.shell:Skip shell extension 'dsv' for command environment
[2.941s] DEBUG:colcon.colcon_core.event_handler.log_command:Invoking command in '/mnt/ssd/lsgloc_ws/build/semantic_mcl': CMAKE_PREFIX_PATH=/mnt/ssd/lsgloc_ws/install/semantic_msgs:/mnt/ssd/lsgloc_ws/install/semantic_mcl:/mnt/ssd/lsgloc_ws/install/bcr_bot:/mnt/ssd/lsgloc_ws/install/test_semantic_mcl:/mnt/ssd/lsgloc_ws/install/obj_detection:/opt/ros/humble LD_LIBRARY_PATH=/mnt/ssd/lsgloc_ws/install/semantic_msgs/lib:/usr/local/cuda/lib64:/usr/lib/x86_64-linux-gnu/gazebo-11/plugins:/opt/ros/humble/opt/rviz_ogre_vendor/lib:/opt/ros/humble/lib/x86_64-linux-gnu:/opt/ros/humble/lib:/usr/local/cuda/lib64 /usr/bin/cmake /mnt/ssd/lsgloc_ws/src/semantic_mcl -DCMAKE_INSTALL_PREFIX=/mnt/ssd/lsgloc_ws/install/semantic_mcl
[3.317s] DEBUG:colcon.colcon_core.event_handler.log_command:Invoking command in '/mnt/ssd/lsgloc_ws/src/obj_detection': CMAKE_PREFIX_PATH=/mnt/ssd/lsgloc_ws/install/semantic_msgs:/mnt/ssd/lsgloc_ws/install/semantic_mcl:/mnt/ssd/lsgloc_ws/install/bcr_bot LD_LIBRARY_PATH=/mnt/ssd/lsgloc_ws/install/semantic_msgs/lib:/usr/local/cuda/lib64:/usr/lib/x86_64-linux-gnu/gazebo-11/plugins:/opt/ros/humble/opt/rviz_ogre_vendor/lib:/opt/ros/humble/lib/x86_64-linux-gnu:/opt/ros/humble/lib:/usr/local/cuda/lib64 PYTHONPATH=/mnt/ssd/lsgloc_ws/build/obj_detection/prefix_override:/usr/lib/python3/dist-packages/colcon_core/task/python/colcon_distutils_commands:/mnt/ssd/lsgloc_ws/install/obj_detection/lib/python3.10/site-packages:${PYTHONPATH} /usr/bin/python3 -W ignore:setup.py install is deprecated -W ignore:easy_install command is deprecated setup.py egg_info --egg-base ../../build/obj_detection build --build-base /mnt/ssd/lsgloc_ws/build/obj_detection/build install --record /mnt/ssd/lsgloc_ws/build/obj_detection/install.log --single-version-externally-managed install_data
[3.647s] Level 1:colcon.colcon_core.environment:checking '/mnt/ssd/lsgloc_ws/install/obj_detection' for CMake module files
[3.647s] DEBUG:colcon.colcon_core.event_handler.log_command:Invoked command in '/mnt/ssd/lsgloc_ws/src/obj_detection' returned '0': CMAKE_PREFIX_PATH=/mnt/ssd/lsgloc_ws/install/semantic_msgs:/mnt/ssd/lsgloc_ws/install/semantic_mcl:/mnt/ssd/lsgloc_ws/install/bcr_bot LD_LIBRARY_PATH=/mnt/ssd/lsgloc_ws/install/semantic_msgs/lib:/usr/local/cuda/lib64:/usr/lib/x86_64-linux-gnu/gazebo-11/plugins:/opt/ros/humble/opt/rviz_ogre_vendor/lib:/opt/ros/humble/lib/x86_64-linux-gnu:/opt/ros/humble/lib:/usr/local/cuda/lib64 PYTHONPATH=/mnt/ssd/lsgloc_ws/build/obj_detection/prefix_override:/usr/lib/python3/dist-packages/colcon_core/task/python/colcon_distutils_commands:/mnt/ssd/lsgloc_ws/install/obj_detection/lib/python3.10/site-packages:${PYTHONPATH} /usr/bin/python3 -W ignore:setup.py install is deprecated -W ignore:easy_install command is deprecated setup.py egg_info --egg-base ../../build/obj_detection build --build-base /mnt/ssd/lsgloc_ws/build/obj_detection/build install --record /mnt/ssd/lsgloc_ws/build/obj_detection/install.log --single-version-externally-managed install_data
[3.648s] Level 1:colcon.colcon_core.environment:checking '/mnt/ssd/lsgloc_ws/install/obj_detection' for CMake config files
[3.648s] Level 1:colcon.colcon_core.environment:checking '/mnt/ssd/lsgloc_ws/install/obj_detection/lib'
[3.648s] Level 1:colcon.colcon_core.environment:checking '/mnt/ssd/lsgloc_ws/install/obj_detection/bin'
[3.648s] Level 1:colcon.colcon_core.environment:checking '/mnt/ssd/lsgloc_ws/install/obj_detection/lib/pkgconfig/obj_detection.pc'
[3.648s] Level 1:colcon.colcon_core.environment:checking '/mnt/ssd/lsgloc_ws/install/obj_detection/lib/python3.10/site-packages'
[3.648s] Level 1:colcon.colcon_core.shell:create_environment_hook('obj_detection', 'pythonpath')
[3.648s] INFO:colcon.colcon_core.shell:Creating environment hook '/mnt/ssd/lsgloc_ws/install/obj_detection/share/obj_detection/hook/pythonpath.ps1'
[3.649s] INFO:colcon.colcon_core.shell:Creating environment descriptor '/mnt/ssd/lsgloc_ws/install/obj_detection/share/obj_detection/hook/pythonpath.dsv'
[3.649s] INFO:colcon.colcon_core.shell:Creating environment hook '/mnt/ssd/lsgloc_ws/install/obj_detection/share/obj_detection/hook/pythonpath.sh'
[3.649s] Level 1:colcon.colcon_core.environment:checking '/mnt/ssd/lsgloc_ws/install/obj_detection/bin'
[3.649s] Level 1:colcon.colcon_core.environment:create_environment_scripts_only(obj_detection)
[3.649s] INFO:colcon.colcon_core.shell:Creating package script '/mnt/ssd/lsgloc_ws/install/obj_detection/share/obj_detection/package.ps1'
[3.650s] INFO:colcon.colcon_core.shell:Creating package descriptor '/mnt/ssd/lsgloc_ws/install/obj_detection/share/obj_detection/package.dsv'
[3.650s] INFO:colcon.colcon_core.shell:Creating package script '/mnt/ssd/lsgloc_ws/install/obj_detection/share/obj_detection/package.sh'
[3.650s] INFO:colcon.colcon_core.shell:Creating package script '/mnt/ssd/lsgloc_ws/install/obj_detection/share/obj_detection/package.bash'
[3.650s] INFO:colcon.colcon_core.shell:Creating package script '/mnt/ssd/lsgloc_ws/install/obj_detection/share/obj_detection/package.zsh'
[3.650s] Level 1:colcon.colcon_core.environment:create_file_with_runtime_dependencies(/mnt/ssd/lsgloc_ws/install/obj_detection/share/colcon-core/packages/obj_detection)
[4.025s] DEBUG:colcon.colcon_core.event_handler.log_command:Invoked command in '/mnt/ssd/lsgloc_ws/build/semantic_mcl' returned '0': CMAKE_PREFIX_PATH=/mnt/ssd/lsgloc_ws/install/semantic_msgs:/mnt/ssd/lsgloc_ws/install/semantic_mcl:/mnt/ssd/lsgloc_ws/install/bcr_bot:/mnt/ssd/lsgloc_ws/install/test_semantic_mcl:/mnt/ssd/lsgloc_ws/install/obj_detection:/opt/ros/humble LD_LIBRARY_PATH=/mnt/ssd/lsgloc_ws/install/semantic_msgs/lib:/usr/local/cuda/lib64:/usr/lib/x86_64-linux-gnu/gazebo-11/plugins:/opt/ros/humble/opt/rviz_ogre_vendor/lib:/opt/ros/humble/lib/x86_64-linux-gnu:/opt/ros/humble/lib:/usr/local/cuda/lib64 /usr/bin/cmake /mnt/ssd/lsgloc_ws/src/semantic_mcl -DCMAKE_INSTALL_PREFIX=/mnt/ssd/lsgloc_ws/install/semantic_mcl
[4.026s] DEBUG:colcon.colcon_core.event_handler.log_command:Invoking command in '/mnt/ssd/lsgloc_ws/build/semantic_mcl': CMAKE_PREFIX_PATH=/mnt/ssd/lsgloc_ws/install/semantic_msgs:/mnt/ssd/lsgloc_ws/install/semantic_mcl:/mnt/ssd/lsgloc_ws/install/bcr_bot:/mnt/ssd/lsgloc_ws/install/test_semantic_mcl:/mnt/ssd/lsgloc_ws/install/obj_detection:/opt/ros/humble LD_LIBRARY_PATH=/mnt/ssd/lsgloc_ws/install/semantic_msgs/lib:/usr/local/cuda/lib64:/usr/lib/x86_64-linux-gnu/gazebo-11/plugins:/opt/ros/humble/opt/rviz_ogre_vendor/lib:/opt/ros/humble/lib/x86_64-linux-gnu:/opt/ros/humble/lib:/usr/local/cuda/lib64 /usr/bin/cmake --build /mnt/ssd/lsgloc_ws/build/semantic_mcl -- -j16 -l16
[15.001s] DEBUG:colcon.colcon_core.event_handler.log_command:Invoked command in '/mnt/ssd/lsgloc_ws/build/semantic_mcl' returned '0': CMAKE_PREFIX_PATH=/mnt/ssd/lsgloc_ws/install/semantic_msgs:/mnt/ssd/lsgloc_ws/install/semantic_mcl:/mnt/ssd/lsgloc_ws/install/bcr_bot:/mnt/ssd/lsgloc_ws/install/test_semantic_mcl:/mnt/ssd/lsgloc_ws/install/obj_detection:/opt/ros/humble LD_LIBRARY_PATH=/mnt/ssd/lsgloc_ws/install/semantic_msgs/lib:/usr/local/cuda/lib64:/usr/lib/x86_64-linux-gnu/gazebo-11/plugins:/opt/ros/humble/opt/rviz_ogre_vendor/lib:/opt/ros/humble/lib/x86_64-linux-gnu:/opt/ros/humble/lib:/usr/local/cuda/lib64 /usr/bin/cmake --build /mnt/ssd/lsgloc_ws/build/semantic_mcl -- -j16 -l16
[15.002s] DEBUG:colcon.colcon_core.event_handler.log_command:Invoking command in '/mnt/ssd/lsgloc_ws/build/semantic_mcl': CMAKE_PREFIX_PATH=/mnt/ssd/lsgloc_ws/install/semantic_msgs:/mnt/ssd/lsgloc_ws/install/semantic_mcl:/mnt/ssd/lsgloc_ws/install/bcr_bot:/mnt/ssd/lsgloc_ws/install/test_semantic_mcl:/mnt/ssd/lsgloc_ws/install/obj_detection:/opt/ros/humble LD_LIBRARY_PATH=/mnt/ssd/lsgloc_ws/install/semantic_msgs/lib:/usr/local/cuda/lib64:/usr/lib/x86_64-linux-gnu/gazebo-11/plugins:/opt/ros/humble/opt/rviz_ogre_vendor/lib:/opt/ros/humble/lib/x86_64-linux-gnu:/opt/ros/humble/lib:/usr/local/cuda/lib64 /usr/bin/cmake --install /mnt/ssd/lsgloc_ws/build/semantic_mcl
[15.016s] Level 1:colcon.colcon_core.environment:create_environment_scripts_only(semantic_mcl)
[15.016s] Level 1:colcon.colcon_core.environment:checking '/mnt/ssd/lsgloc_ws/install/semantic_mcl' for CMake module files
[15.016s] DEBUG:colcon.colcon_core.event_handler.log_command:Invoked command in '/mnt/ssd/lsgloc_ws/build/semantic_mcl' returned '0': CMAKE_PREFIX_PATH=/mnt/ssd/lsgloc_ws/install/semantic_msgs:/mnt/ssd/lsgloc_ws/install/semantic_mcl:/mnt/ssd/lsgloc_ws/install/bcr_bot:/mnt/ssd/lsgloc_ws/install/test_semantic_mcl:/mnt/ssd/lsgloc_ws/install/obj_detection:/opt/ros/humble LD_LIBRARY_PATH=/mnt/ssd/lsgloc_ws/install/semantic_msgs/lib:/usr/local/cuda/lib64:/usr/lib/x86_64-linux-gnu/gazebo-11/plugins:/opt/ros/humble/opt/rviz_ogre_vendor/lib:/opt/ros/humble/lib/x86_64-linux-gnu:/opt/ros/humble/lib:/usr/local/cuda/lib64 /usr/bin/cmake --install /mnt/ssd/lsgloc_ws/build/semantic_mcl
[15.016s] Level 1:colcon.colcon_core.environment:checking '/mnt/ssd/lsgloc_ws/install/semantic_mcl' for CMake config files
[15.017s] Level 1:colcon.colcon_core.shell:create_environment_hook('semantic_mcl', 'cmake_prefix_path')
[15.017s] INFO:colcon.colcon_core.shell:Creating environment hook '/mnt/ssd/lsgloc_ws/install/semantic_mcl/share/semantic_mcl/hook/cmake_prefix_path.ps1'
[15.017s] INFO:colcon.colcon_core.shell:Creating environment descriptor '/mnt/ssd/lsgloc_ws/install/semantic_mcl/share/semantic_mcl/hook/cmake_prefix_path.dsv'
[15.017s] INFO:colcon.colcon_core.shell:Creating environment hook '/mnt/ssd/lsgloc_ws/install/semantic_mcl/share/semantic_mcl/hook/cmake_prefix_path.sh'
[15.018s] Level 1:colcon.colcon_core.environment:checking '/mnt/ssd/lsgloc_ws/install/semantic_mcl/lib'
[15.018s] Level 1:colcon.colcon_core.environment:checking '/mnt/ssd/lsgloc_ws/install/semantic_mcl/bin'
[15.018s] Level 1:colcon.colcon_core.environment:checking '/mnt/ssd/lsgloc_ws/install/semantic_mcl/lib/pkgconfig/semantic_mcl.pc'
[15.018s] Level 1:colcon.colcon_core.environment:checking '/mnt/ssd/lsgloc_ws/install/semantic_mcl/lib/python3.10/site-packages'
[15.018s] Level 1:colcon.colcon_core.environment:checking '/mnt/ssd/lsgloc_ws/install/semantic_mcl/bin'
[15.018s] INFO:colcon.colcon_core.shell:Creating package script '/mnt/ssd/lsgloc_ws/install/semantic_mcl/share/semantic_mcl/package.ps1'
[15.018s] INFO:colcon.colcon_core.shell:Creating package descriptor '/mnt/ssd/lsgloc_ws/install/semantic_mcl/share/semantic_mcl/package.dsv'
[15.018s] INFO:colcon.colcon_core.shell:Creating package script '/mnt/ssd/lsgloc_ws/install/semantic_mcl/share/semantic_mcl/package.sh'
[15.019s] INFO:colcon.colcon_core.shell:Creating package script '/mnt/ssd/lsgloc_ws/install/semantic_mcl/share/semantic_mcl/package.bash'
[15.019s] INFO:colcon.colcon_core.shell:Creating package script '/mnt/ssd/lsgloc_ws/install/semantic_mcl/share/semantic_mcl/package.zsh'
[15.019s] Level 1:colcon.colcon_core.environment:create_file_with_runtime_dependencies(/mnt/ssd/lsgloc_ws/install/semantic_mcl/share/colcon-core/packages/semantic_mcl)
[15.019s] Level 1:colcon.colcon_core.environment:create_environment_scripts_only(semantic_mcl)
[15.019s] Level 1:colcon.colcon_core.environment:checking '/mnt/ssd/lsgloc_ws/install/semantic_mcl' for CMake module files
[15.020s] Level 1:colcon.colcon_core.environment:checking '/mnt/ssd/lsgloc_ws/install/semantic_mcl' for CMake config files
[15.020s] Level 1:colcon.colcon_core.shell:create_environment_hook('semantic_mcl', 'cmake_prefix_path')
[15.020s] INFO:colcon.colcon_core.shell:Creating environment hook '/mnt/ssd/lsgloc_ws/install/semantic_mcl/share/semantic_mcl/hook/cmake_prefix_path.ps1'
[15.020s] INFO:colcon.colcon_core.shell:Creating environment descriptor '/mnt/ssd/lsgloc_ws/install/semantic_mcl/share/semantic_mcl/hook/cmake_prefix_path.dsv'
[15.020s] INFO:colcon.colcon_core.shell:Creating environment hook '/mnt/ssd/lsgloc_ws/install/semantic_mcl/share/semantic_mcl/hook/cmake_prefix_path.sh'
[15.021s] Level 1:colcon.colcon_core.environment:checking '/mnt/ssd/lsgloc_ws/install/semantic_mcl/lib'
[15.021s] Level 1:colcon.colcon_core.environment:checking '/mnt/ssd/lsgloc_ws/install/semantic_mcl/bin'
[15.021s] Level 1:colcon.colcon_core.environment:checking '/mnt/ssd/lsgloc_ws/install/semantic_mcl/lib/pkgconfig/semantic_mcl.pc'
[15.021s] Level 1:colcon.colcon_core.environment:checking '/mnt/ssd/lsgloc_ws/install/semantic_mcl/lib/python3.10/site-packages'
[15.021s] Level 1:colcon.colcon_core.environment:checking '/mnt/ssd/lsgloc_ws/install/semantic_mcl/bin'
[15.021s] INFO:colcon.colcon_core.shell:Creating package script '/mnt/ssd/lsgloc_ws/install/semantic_mcl/share/semantic_mcl/package.ps1'
[15.021s] INFO:colcon.colcon_core.shell:Creating package descriptor '/mnt/ssd/lsgloc_ws/install/semantic_mcl/share/semantic_mcl/package.dsv'
[15.021s] INFO:colcon.colcon_core.shell:Creating package script '/mnt/ssd/lsgloc_ws/install/semantic_mcl/share/semantic_mcl/package.sh'
[15.022s] INFO:colcon.colcon_core.shell:Creating package script '/mnt/ssd/lsgloc_ws/install/semantic_mcl/share/semantic_mcl/package.bash'
[15.022s] INFO:colcon.colcon_core.shell:Creating package script '/mnt/ssd/lsgloc_ws/install/semantic_mcl/share/semantic_mcl/package.zsh'
[15.022s] Level 1:colcon.colcon_core.environment:create_file_with_runtime_dependencies(/mnt/ssd/lsgloc_ws/install/semantic_mcl/share/colcon-core/packages/semantic_mcl)
[15.022s] DEBUG:colcon.colcon_parallel_executor.executor.parallel:closing loop
[15.022s] DEBUG:colcon.colcon_parallel_executor.executor.parallel:loop closed
[15.022s] DEBUG:colcon.colcon_parallel_executor.executor.parallel:run_until_complete finished with '0'
[15.022s] DEBUG:colcon.colcon_core.event_reactor:joining thread
[15.025s] INFO:colcon.colcon_core.plugin_system:Skipping extension 'colcon_notification.desktop_notification.terminal_notifier': Not used on non-Darwin systems
[15.025s] INFO:colcon.colcon_core.plugin_system:Skipping extension 'colcon_notification.desktop_notification.win32': Not used on non-Windows systems
[15.025s] INFO:colcon.colcon_notification.desktop_notification:Sending desktop notification using 'notify2'
[15.031s] DEBUG:colcon.colcon_core.event_reactor:joined thread
[15.031s] INFO:colcon.colcon_core.shell:Creating prefix script '/mnt/ssd/lsgloc_ws/install/local_setup.ps1'
[15.032s] INFO:colcon.colcon_core.shell:Creating prefix util module '/mnt/ssd/lsgloc_ws/install/_local_setup_util_ps1.py'
[15.033s] INFO:colcon.colcon_core.shell:Creating prefix chain script '/mnt/ssd/lsgloc_ws/install/setup.ps1'
[15.033s] INFO:colcon.colcon_core.shell:Creating prefix script '/mnt/ssd/lsgloc_ws/install/local_setup.sh'
[15.034s] INFO:colcon.colcon_core.shell:Creating prefix util module '/mnt/ssd/lsgloc_ws/install/_local_setup_util_sh.py'
[15.034s] INFO:colcon.colcon_core.shell:Creating prefix chain script '/mnt/ssd/lsgloc_ws/install/setup.sh'
[15.034s] INFO:colcon.colcon_core.shell:Creating prefix script '/mnt/ssd/lsgloc_ws/install/local_setup.bash'
[15.035s] INFO:colcon.colcon_core.shell:Creating prefix chain script '/mnt/ssd/lsgloc_ws/install/setup.bash'
[15.035s] INFO:colcon.colcon_core.shell:Creating prefix script '/mnt/ssd/lsgloc_ws/install/local_setup.zsh'
[15.035s] INFO:colcon.colcon_core.shell:Creating prefix chain script '/mnt/ssd/lsgloc_ws/install/setup.zsh'
