[0.011s] Invoking command in '/mnt/ssd/lsgloc_ws/build/semantic_msgs': CMAKE_PREFIX_PATH=${CMAKE_PREFIX_PATH}:/mnt/ssd/lsgloc_ws/install/test_semantic_mcl:/mnt/ssd/lsgloc_ws/install/obj_detection:/opt/ros/humble /usr/bin/cmake /mnt/ssd/lsgloc_ws/src/semantic_msgs -DCMAKE_INSTALL_PREFIX=/mnt/ssd/lsgloc_ws/install/semantic_msgs
[0.049s] -- The C compiler identification is GNU 11.4.0
[0.084s] -- The CXX compiler identification is GNU 11.4.0
[0.089s] -- Detecting C compiler ABI info
[0.136s] -- Detecting C compiler ABI info - done
[0.141s] -- Check for working C compiler: /usr/bin/cc - skipped
[0.141s] -- Detecting C compile features
[0.141s] -- Detecting C compile features - done
[0.143s] -- Detecting CXX compiler ABI info
[0.199s] -- Detecting CXX compiler ABI info - done
[0.203s] -- Check for working CXX compiler: /usr/bin/c++ - skipped
[0.203s] -- Detecting CXX compile features
[0.203s] -- Detecting CXX compile features - done
[0.206s] -- Found ament_cmake: 1.3.12 (/opt/ros/humble/share/ament_cmake/cmake)
[0.621s] -- Found Python3: /usr/bin/python3 (found version "3.10.12") found components: Interpreter 
[0.677s] -- Found std_msgs: 4.9.0 (/opt/ros/humble/share/std_msgs/cmake)
[0.702s] -- Found rosidl_generator_c: 3.1.8 (/opt/ros/humble/share/rosidl_generator_c/cmake)
[0.706s] -- Found rosidl_adapter: 3.1.8 (/opt/ros/humble/share/rosidl_adapter/cmake)
[0.712s] -- Found rosidl_generator_cpp: 3.1.8 (/opt/ros/humble/share/rosidl_generator_cpp/cmake)
[0.720s] -- Using all available rosidl_typesupport_c: rosidl_typesupport_fastrtps_c;rosidl_typesupport_introspection_c
[0.731s] -- Using all available rosidl_typesupport_cpp: rosidl_typesupport_fastrtps_cpp;rosidl_typesupport_introspection_cpp
[0.748s] -- Found rosidl_default_generators: 1.2.0 (/opt/ros/humble/share/rosidl_default_generators/cmake)
[0.912s] -- Found ament_cmake_ros: 0.10.0 (/opt/ros/humble/share/ament_cmake_ros/cmake)
[1.126s] -- Using all available rosidl_typesupport_c: rosidl_typesupport_fastrtps_c;rosidl_typesupport_introspection_c
[1.208s] -- Using all available rosidl_typesupport_cpp: rosidl_typesupport_fastrtps_cpp;rosidl_typesupport_introspection_cpp
[1.222s] -- Found PythonInterp: /usr/bin/python3 (found suitable version "3.10.12", minimum required is "3.6") 
[1.223s] -- Found python_cmake_module: 0.10.0 (/opt/ros/humble/share/python_cmake_module/cmake)
[1.240s] -- Found PythonLibs: /usr/lib/x86_64-linux-gnu/libpython3.10.so (found suitable version "3.10.12", minimum required is "3.5") 
[1.240s] -- Using PYTHON_EXECUTABLE: /usr/bin/python3
[1.240s] -- Using PYTHON_INCLUDE_DIRS: /usr/include/python3.10
[1.240s] -- Using PYTHON_LIBRARIES: /usr/lib/x86_64-linux-gnu/libpython3.10.so
[1.253s] -- Found PythonExtra: .so  
[1.281s] -- Found ament_lint_auto: 0.12.14 (/opt/ros/humble/share/ament_lint_auto/cmake)
[1.295s] -- Added test 'lint_cmake' to check CMake code style
[1.295s] -- Added test 'xmllint' to check XML markup files
[1.297s] -- Configuring done
[1.316s] -- Generating done
[1.322s] -- Build files have been written to: /mnt/ssd/lsgloc_ws/build/semantic_msgs
[1.327s] Invoked command in '/mnt/ssd/lsgloc_ws/build/semantic_msgs' returned '0': CMAKE_PREFIX_PATH=${CMAKE_PREFIX_PATH}:/mnt/ssd/lsgloc_ws/install/test_semantic_mcl:/mnt/ssd/lsgloc_ws/install/obj_detection:/opt/ros/humble /usr/bin/cmake /mnt/ssd/lsgloc_ws/src/semantic_msgs -DCMAKE_INSTALL_PREFIX=/mnt/ssd/lsgloc_ws/install/semantic_msgs
[1.328s] Invoking command in '/mnt/ssd/lsgloc_ws/build/semantic_msgs': CMAKE_PREFIX_PATH=${CMAKE_PREFIX_PATH}:/mnt/ssd/lsgloc_ws/install/test_semantic_mcl:/mnt/ssd/lsgloc_ws/install/obj_detection:/opt/ros/humble /usr/bin/cmake --build /mnt/ssd/lsgloc_ws/build/semantic_msgs -- -j16 -l16
[1.356s] [  2%] [34m[1mGenerating C code for ROS interfaces[0m
[1.362s] [  5%] [34m[1mGenerating C++ code for ROS interfaces[0m
[1.368s] [  5%] Built target ament_cmake_python_copy_semantic_msgs
[1.511s] [  5%] Built target semantic_msgs__cpp
[1.513s] [  7%] [32mBuilding C object CMakeFiles/semantic_msgs__rosidl_generator_c.dir/rosidl_generator_c/semantic_msgs/msg/detail/semantic_detection__functions.c.o[0m
[1.514s] [ 10%] [32mBuilding C object CMakeFiles/semantic_msgs__rosidl_generator_c.dir/rosidl_generator_c/semantic_msgs/msg/detail/semantic_detection_array__functions.c.o[0m
[1.518s] [ 12%] [34m[1mGenerating C++ type support dispatch for ROS interfaces[0m
[1.518s] [ 15%] [34m[1mGenerating C++ introspection for ROS interfaces[0m
[1.518s] [ 17%] [34m[1mGenerating C++ type support for eProsima Fast-RTPS[0m
[1.543s] [ 20%] [32m[1mLinking C shared library libsemantic_msgs__rosidl_generator_c.so[0m
[1.567s] [ 20%] Built target semantic_msgs__rosidl_generator_c
[1.574s] [ 25%] [34m[1mGenerating C type support dispatch for ROS interfaces[0m
[1.574s] [ 25%] [34m[1mGenerating C type support for eProsima Fast-RTPS[0m
[1.574s] [ 28%] [34m[1mGenerating C introspection for ROS interfaces[0m
[1.580s] running egg_info
[1.585s] creating semantic_msgs.egg-info
[1.594s] writing semantic_msgs.egg-info/PKG-INFO
[1.594s] writing dependency_links to semantic_msgs.egg-info/dependency_links.txt
[1.594s] writing top-level names to semantic_msgs.egg-info/top_level.txt
[1.594s] writing manifest file 'semantic_msgs.egg-info/SOURCES.txt'
[1.620s] reading manifest file 'semantic_msgs.egg-info/SOURCES.txt'
[1.620s] writing manifest file 'semantic_msgs.egg-info/SOURCES.txt'
[1.642s] [ 28%] Built target ament_cmake_python_build_semantic_msgs_egg
[1.648s] [ 30%] [32mBuilding CXX object CMakeFiles/semantic_msgs__rosidl_typesupport_cpp.dir/rosidl_typesupport_cpp/semantic_msgs/msg/semantic_detection__type_support.cpp.o[0m
[1.650s] [ 33%] [32mBuilding CXX object CMakeFiles/semantic_msgs__rosidl_typesupport_cpp.dir/rosidl_typesupport_cpp/semantic_msgs/msg/semantic_detection_array__type_support.cpp.o[0m
[1.660s] [ 35%] [32mBuilding CXX object CMakeFiles/semantic_msgs__rosidl_typesupport_introspection_cpp.dir/rosidl_typesupport_introspection_cpp/semantic_msgs/msg/detail/semantic_detection__type_support.cpp.o[0m
[1.660s] [ 38%] [32mBuilding CXX object CMakeFiles/semantic_msgs__rosidl_typesupport_introspection_cpp.dir/rosidl_typesupport_introspection_cpp/semantic_msgs/msg/detail/semantic_detection_array__type_support.cpp.o[0m
[1.665s] [ 41%] [32mBuilding CXX object CMakeFiles/semantic_msgs__rosidl_typesupport_fastrtps_cpp.dir/rosidl_typesupport_fastrtps_cpp/semantic_msgs/msg/detail/dds_fastrtps/semantic_detection__type_support.cpp.o[0m
[1.666s] [ 43%] [32mBuilding CXX object CMakeFiles/semantic_msgs__rosidl_typesupport_fastrtps_cpp.dir/rosidl_typesupport_fastrtps_cpp/semantic_msgs/msg/detail/dds_fastrtps/semantic_detection_array__type_support.cpp.o[0m
[1.703s] [ 46%] [32mBuilding CXX object CMakeFiles/semantic_msgs__rosidl_typesupport_c.dir/rosidl_typesupport_c/semantic_msgs/msg/semantic_detection__type_support.cpp.o[0m
[1.705s] [ 48%] [32mBuilding CXX object CMakeFiles/semantic_msgs__rosidl_typesupport_c.dir/rosidl_typesupport_c/semantic_msgs/msg/semantic_detection_array__type_support.cpp.o[0m
[1.718s] [ 51%] [32mBuilding C object CMakeFiles/semantic_msgs__rosidl_typesupport_introspection_c.dir/rosidl_typesupport_introspection_c/semantic_msgs/msg/detail/semantic_detection__type_support.c.o[0m
[1.720s] [ 53%] [32mBuilding C object CMakeFiles/semantic_msgs__rosidl_typesupport_introspection_c.dir/rosidl_typesupport_introspection_c/semantic_msgs/msg/detail/semantic_detection_array__type_support.c.o[0m
[1.726s] [ 56%] [32mBuilding CXX object CMakeFiles/semantic_msgs__rosidl_typesupport_fastrtps_c.dir/rosidl_typesupport_fastrtps_c/semantic_msgs/msg/detail/semantic_detection__type_support_c.cpp.o[0m
[1.728s] [ 58%] [32m[1mLinking CXX shared library libsemantic_msgs__rosidl_typesupport_c.so[0m
[1.728s] [ 61%] [32mBuilding CXX object CMakeFiles/semantic_msgs__rosidl_typesupport_fastrtps_c.dir/rosidl_typesupport_fastrtps_c/semantic_msgs/msg/detail/semantic_detection_array__type_support_c.cpp.o[0m
[1.750s] [ 64%] [32m[1mLinking C shared library libsemantic_msgs__rosidl_typesupport_introspection_c.so[0m
[1.757s] [ 64%] Built target semantic_msgs__rosidl_typesupport_c
[1.770s] [ 64%] Built target semantic_msgs__rosidl_typesupport_introspection_c
[1.795s] [ 66%] [32m[1mLinking CXX shared library libsemantic_msgs__rosidl_typesupport_cpp.so[0m
[1.822s] [ 66%] Built target semantic_msgs__rosidl_typesupport_cpp
[1.888s] [ 69%] [32m[1mLinking CXX shared library libsemantic_msgs__rosidl_typesupport_introspection_cpp.so[0m
[1.903s] [ 71%] [32m[1mLinking CXX shared library libsemantic_msgs__rosidl_typesupport_fastrtps_c.so[0m
[1.924s] [ 74%] [32m[1mLinking CXX shared library libsemantic_msgs__rosidl_typesupport_fastrtps_cpp.so[0m
[1.934s] [ 74%] Built target semantic_msgs__rosidl_typesupport_introspection_cpp
[1.947s] [ 74%] Built target semantic_msgs__rosidl_typesupport_fastrtps_c
[1.968s] [ 74%] Built target semantic_msgs__rosidl_typesupport_fastrtps_cpp
[1.982s] [ 74%] Built target semantic_msgs
[1.996s] [ 76%] [34m[1mGenerating Python code for ROS interfaces[0m
[2.181s] [ 76%] Built target semantic_msgs__py
[2.195s] [ 79%] [32mBuilding C object CMakeFiles/semantic_msgs__rosidl_generator_py.dir/rosidl_generator_py/semantic_msgs/msg/_semantic_detection_s.c.o[0m
[2.196s] [ 82%] [32mBuilding C object CMakeFiles/semantic_msgs__rosidl_generator_py.dir/rosidl_generator_py/semantic_msgs/msg/_semantic_detection_array_s.c.o[0m
[2.252s] [ 84%] [32m[1mLinking C shared library rosidl_generator_py/semantic_msgs/libsemantic_msgs__rosidl_generator_py.so[0m
[2.278s] [ 84%] Built target semantic_msgs__rosidl_generator_py
[2.292s] [ 87%] [32mBuilding C object CMakeFiles/semantic_msgs__rosidl_typesupport_introspection_c__pyext.dir/rosidl_generator_py/semantic_msgs/_semantic_msgs_s.ep.rosidl_typesupport_introspection_c.c.o[0m
[2.292s] [ 92%] [32mBuilding C object CMakeFiles/semantic_msgs__rosidl_typesupport_c__pyext.dir/rosidl_generator_py/semantic_msgs/_semantic_msgs_s.ep.rosidl_typesupport_c.c.o[0m
[2.293s] [ 92%] [32mBuilding C object CMakeFiles/semantic_msgs__rosidl_typesupport_fastrtps_c__pyext.dir/rosidl_generator_py/semantic_msgs/_semantic_msgs_s.ep.rosidl_typesupport_fastrtps_c.c.o[0m
[2.350s] [100%] [32m[1mLinking C shared library rosidl_generator_py/semantic_msgs/semantic_msgs_s__rosidl_typesupport_fastrtps_c.cpython-310-x86_64-linux-gnu.so[0m
[2.351s] [100%] [32m[1mLinking C shared library rosidl_generator_py/semantic_msgs/semantic_msgs_s__rosidl_typesupport_introspection_c.cpython-310-x86_64-linux-gnu.so[0m
[2.351s] [100%] [32m[1mLinking C shared library rosidl_generator_py/semantic_msgs/semantic_msgs_s__rosidl_typesupport_c.cpython-310-x86_64-linux-gnu.so[0m
[2.374s] [100%] Built target semantic_msgs__rosidl_typesupport_c__pyext
[2.375s] [100%] Built target semantic_msgs__rosidl_typesupport_fastrtps_c__pyext
[2.375s] [100%] Built target semantic_msgs__rosidl_typesupport_introspection_c__pyext
[2.383s] Invoked command in '/mnt/ssd/lsgloc_ws/build/semantic_msgs' returned '0': CMAKE_PREFIX_PATH=${CMAKE_PREFIX_PATH}:/mnt/ssd/lsgloc_ws/install/test_semantic_mcl:/mnt/ssd/lsgloc_ws/install/obj_detection:/opt/ros/humble /usr/bin/cmake --build /mnt/ssd/lsgloc_ws/build/semantic_msgs -- -j16 -l16
[2.384s] Invoking command in '/mnt/ssd/lsgloc_ws/build/semantic_msgs': CMAKE_PREFIX_PATH=${CMAKE_PREFIX_PATH}:/mnt/ssd/lsgloc_ws/install/test_semantic_mcl:/mnt/ssd/lsgloc_ws/install/obj_detection:/opt/ros/humble /usr/bin/cmake --install /mnt/ssd/lsgloc_ws/build/semantic_msgs
[2.389s] -- Install configuration: ""
[2.389s] -- Installing: /mnt/ssd/lsgloc_ws/install/semantic_msgs/share/ament_index/resource_index/rosidl_interfaces/semantic_msgs
[2.390s] -- Installing: /mnt/ssd/lsgloc_ws/install/semantic_msgs/include/semantic_msgs/semantic_msgs
[2.390s] -- Installing: /mnt/ssd/lsgloc_ws/install/semantic_msgs/include/semantic_msgs/semantic_msgs/msg
[2.390s] -- Installing: /mnt/ssd/lsgloc_ws/install/semantic_msgs/include/semantic_msgs/semantic_msgs/msg/semantic_detection_array.h
[2.390s] -- Installing: /mnt/ssd/lsgloc_ws/install/semantic_msgs/include/semantic_msgs/semantic_msgs/msg/semantic_detection.h
[2.390s] -- Installing: /mnt/ssd/lsgloc_ws/install/semantic_msgs/include/semantic_msgs/semantic_msgs/msg/detail
[2.390s] -- Installing: /mnt/ssd/lsgloc_ws/install/semantic_msgs/include/semantic_msgs/semantic_msgs/msg/detail/semantic_detection_array__functions.h
[2.390s] -- Installing: /mnt/ssd/lsgloc_ws/install/semantic_msgs/include/semantic_msgs/semantic_msgs/msg/detail/semantic_detection__type_support.h
[2.390s] -- Installing: /mnt/ssd/lsgloc_ws/install/semantic_msgs/include/semantic_msgs/semantic_msgs/msg/detail/semantic_detection__functions.c
[2.390s] -- Installing: /mnt/ssd/lsgloc_ws/install/semantic_msgs/include/semantic_msgs/semantic_msgs/msg/detail/semantic_detection_array__functions.c
[2.390s] -- Installing: /mnt/ssd/lsgloc_ws/install/semantic_msgs/include/semantic_msgs/semantic_msgs/msg/detail/semantic_detection_array__type_support.h
[2.390s] -- Installing: /mnt/ssd/lsgloc_ws/install/semantic_msgs/include/semantic_msgs/semantic_msgs/msg/detail/semantic_detection__struct.h
[2.390s] -- Installing: /mnt/ssd/lsgloc_ws/install/semantic_msgs/include/semantic_msgs/semantic_msgs/msg/detail/semantic_detection_array__struct.h
[2.390s] -- Installing: /mnt/ssd/lsgloc_ws/install/semantic_msgs/include/semantic_msgs/semantic_msgs/msg/detail/semantic_detection__functions.h
[2.391s] -- Installing: /mnt/ssd/lsgloc_ws/install/semantic_msgs/include/semantic_msgs/semantic_msgs/msg/rosidl_generator_c__visibility_control.h
[2.391s] -- Installing: /mnt/ssd/lsgloc_ws/install/semantic_msgs/share/semantic_msgs/environment/library_path.sh
[2.391s] -- Installing: /mnt/ssd/lsgloc_ws/install/semantic_msgs/share/semantic_msgs/environment/library_path.dsv
[2.391s] -- Installing: /mnt/ssd/lsgloc_ws/install/semantic_msgs/lib/libsemantic_msgs__rosidl_generator_c.so
[2.391s] -- Set runtime path of "/mnt/ssd/lsgloc_ws/install/semantic_msgs/lib/libsemantic_msgs__rosidl_generator_c.so" to ""
[2.391s] -- Up-to-date: /mnt/ssd/lsgloc_ws/install/semantic_msgs/include/semantic_msgs/semantic_msgs
[2.391s] -- Up-to-date: /mnt/ssd/lsgloc_ws/install/semantic_msgs/include/semantic_msgs/semantic_msgs/msg
[2.391s] -- Installing: /mnt/ssd/lsgloc_ws/install/semantic_msgs/include/semantic_msgs/semantic_msgs/msg/rosidl_typesupport_fastrtps_c__visibility_control.h
[2.391s] -- Up-to-date: /mnt/ssd/lsgloc_ws/install/semantic_msgs/include/semantic_msgs/semantic_msgs/msg/detail
[2.391s] -- Installing: /mnt/ssd/lsgloc_ws/install/semantic_msgs/include/semantic_msgs/semantic_msgs/msg/detail/semantic_detection_array__rosidl_typesupport_fastrtps_c.h
[2.391s] -- Installing: /mnt/ssd/lsgloc_ws/install/semantic_msgs/include/semantic_msgs/semantic_msgs/msg/detail/semantic_detection__rosidl_typesupport_fastrtps_c.h
[2.391s] -- Installing: /mnt/ssd/lsgloc_ws/install/semantic_msgs/lib/libsemantic_msgs__rosidl_typesupport_fastrtps_c.so
[2.392s] -- Set runtime path of "/mnt/ssd/lsgloc_ws/install/semantic_msgs/lib/libsemantic_msgs__rosidl_typesupport_fastrtps_c.so" to ""
[2.392s] -- Up-to-date: /mnt/ssd/lsgloc_ws/install/semantic_msgs/include/semantic_msgs/semantic_msgs
[2.392s] -- Up-to-date: /mnt/ssd/lsgloc_ws/install/semantic_msgs/include/semantic_msgs/semantic_msgs/msg
[2.392s] -- Installing: /mnt/ssd/lsgloc_ws/install/semantic_msgs/include/semantic_msgs/semantic_msgs/msg/semantic_detection.hpp
[2.392s] -- Installing: /mnt/ssd/lsgloc_ws/install/semantic_msgs/include/semantic_msgs/semantic_msgs/msg/semantic_detection_array.hpp
[2.392s] -- Up-to-date: /mnt/ssd/lsgloc_ws/install/semantic_msgs/include/semantic_msgs/semantic_msgs/msg/detail
[2.392s] -- Installing: /mnt/ssd/lsgloc_ws/install/semantic_msgs/include/semantic_msgs/semantic_msgs/msg/detail/semantic_detection_array__type_support.hpp
[2.392s] -- Installing: /mnt/ssd/lsgloc_ws/install/semantic_msgs/include/semantic_msgs/semantic_msgs/msg/detail/semantic_detection__struct.hpp
[2.392s] -- Installing: /mnt/ssd/lsgloc_ws/install/semantic_msgs/include/semantic_msgs/semantic_msgs/msg/detail/semantic_detection_array__traits.hpp
[2.392s] -- Installing: /mnt/ssd/lsgloc_ws/install/semantic_msgs/include/semantic_msgs/semantic_msgs/msg/detail/semantic_detection_array__builder.hpp
[2.392s] -- Installing: /mnt/ssd/lsgloc_ws/install/semantic_msgs/include/semantic_msgs/semantic_msgs/msg/detail/semantic_detection__traits.hpp
[2.392s] -- Installing: /mnt/ssd/lsgloc_ws/install/semantic_msgs/include/semantic_msgs/semantic_msgs/msg/detail/semantic_detection__type_support.hpp
[2.392s] -- Installing: /mnt/ssd/lsgloc_ws/install/semantic_msgs/include/semantic_msgs/semantic_msgs/msg/detail/semantic_detection_array__struct.hpp
[2.392s] -- Installing: /mnt/ssd/lsgloc_ws/install/semantic_msgs/include/semantic_msgs/semantic_msgs/msg/detail/semantic_detection__builder.hpp
[2.393s] -- Installing: /mnt/ssd/lsgloc_ws/install/semantic_msgs/include/semantic_msgs/semantic_msgs/msg/rosidl_generator_cpp__visibility_control.hpp
[2.393s] -- Up-to-date: /mnt/ssd/lsgloc_ws/install/semantic_msgs/include/semantic_msgs/semantic_msgs
[2.393s] -- Up-to-date: /mnt/ssd/lsgloc_ws/install/semantic_msgs/include/semantic_msgs/semantic_msgs/msg
[2.393s] -- Installing: /mnt/ssd/lsgloc_ws/install/semantic_msgs/include/semantic_msgs/semantic_msgs/msg/rosidl_typesupport_fastrtps_cpp__visibility_control.h
[2.393s] -- Up-to-date: /mnt/ssd/lsgloc_ws/install/semantic_msgs/include/semantic_msgs/semantic_msgs/msg/detail
[2.393s] -- Installing: /mnt/ssd/lsgloc_ws/install/semantic_msgs/include/semantic_msgs/semantic_msgs/msg/detail/semantic_detection_array__rosidl_typesupport_fastrtps_cpp.hpp
[2.393s] -- Installing: /mnt/ssd/lsgloc_ws/install/semantic_msgs/include/semantic_msgs/semantic_msgs/msg/detail/semantic_detection__rosidl_typesupport_fastrtps_cpp.hpp
[2.393s] -- Installing: /mnt/ssd/lsgloc_ws/install/semantic_msgs/include/semantic_msgs/semantic_msgs/msg/detail/dds_fastrtps
[2.393s] -- Installing: /mnt/ssd/lsgloc_ws/install/semantic_msgs/lib/libsemantic_msgs__rosidl_typesupport_fastrtps_cpp.so
[2.393s] -- Set runtime path of "/mnt/ssd/lsgloc_ws/install/semantic_msgs/lib/libsemantic_msgs__rosidl_typesupport_fastrtps_cpp.so" to ""
[2.393s] -- Up-to-date: /mnt/ssd/lsgloc_ws/install/semantic_msgs/include/semantic_msgs/semantic_msgs
[2.393s] -- Up-to-date: /mnt/ssd/lsgloc_ws/install/semantic_msgs/include/semantic_msgs/semantic_msgs/msg
[2.393s] -- Installing: /mnt/ssd/lsgloc_ws/install/semantic_msgs/include/semantic_msgs/semantic_msgs/msg/rosidl_typesupport_introspection_c__visibility_control.h
[2.393s] -- Up-to-date: /mnt/ssd/lsgloc_ws/install/semantic_msgs/include/semantic_msgs/semantic_msgs/msg/detail
[2.393s] -- Installing: /mnt/ssd/lsgloc_ws/install/semantic_msgs/include/semantic_msgs/semantic_msgs/msg/detail/semantic_detection_array__type_support.c
[2.394s] -- Installing: /mnt/ssd/lsgloc_ws/install/semantic_msgs/include/semantic_msgs/semantic_msgs/msg/detail/semantic_detection__rosidl_typesupport_introspection_c.h
[2.394s] -- Installing: /mnt/ssd/lsgloc_ws/install/semantic_msgs/include/semantic_msgs/semantic_msgs/msg/detail/semantic_detection_array__rosidl_typesupport_introspection_c.h
[2.394s] -- Installing: /mnt/ssd/lsgloc_ws/install/semantic_msgs/include/semantic_msgs/semantic_msgs/msg/detail/semantic_detection__type_support.c
[2.394s] -- Installing: /mnt/ssd/lsgloc_ws/install/semantic_msgs/lib/libsemantic_msgs__rosidl_typesupport_introspection_c.so
[2.394s] -- Set runtime path of "/mnt/ssd/lsgloc_ws/install/semantic_msgs/lib/libsemantic_msgs__rosidl_typesupport_introspection_c.so" to ""
[2.394s] -- Installing: /mnt/ssd/lsgloc_ws/install/semantic_msgs/lib/libsemantic_msgs__rosidl_typesupport_c.so
[2.394s] -- Set runtime path of "/mnt/ssd/lsgloc_ws/install/semantic_msgs/lib/libsemantic_msgs__rosidl_typesupport_c.so" to ""
[2.394s] -- Up-to-date: /mnt/ssd/lsgloc_ws/install/semantic_msgs/include/semantic_msgs/semantic_msgs
[2.394s] -- Up-to-date: /mnt/ssd/lsgloc_ws/install/semantic_msgs/include/semantic_msgs/semantic_msgs/msg
[2.394s] -- Up-to-date: /mnt/ssd/lsgloc_ws/install/semantic_msgs/include/semantic_msgs/semantic_msgs/msg/detail
[2.394s] -- Installing: /mnt/ssd/lsgloc_ws/install/semantic_msgs/include/semantic_msgs/semantic_msgs/msg/detail/semantic_detection_array__rosidl_typesupport_introspection_cpp.hpp
[2.394s] -- Installing: /mnt/ssd/lsgloc_ws/install/semantic_msgs/include/semantic_msgs/semantic_msgs/msg/detail/semantic_detection__type_support.cpp
[2.395s] -- Installing: /mnt/ssd/lsgloc_ws/install/semantic_msgs/include/semantic_msgs/semantic_msgs/msg/detail/semantic_detection_array__type_support.cpp
[2.395s] -- Installing: /mnt/ssd/lsgloc_ws/install/semantic_msgs/include/semantic_msgs/semantic_msgs/msg/detail/semantic_detection__rosidl_typesupport_introspection_cpp.hpp
[2.395s] -- Installing: /mnt/ssd/lsgloc_ws/install/semantic_msgs/lib/libsemantic_msgs__rosidl_typesupport_introspection_cpp.so
[2.395s] -- Set runtime path of "/mnt/ssd/lsgloc_ws/install/semantic_msgs/lib/libsemantic_msgs__rosidl_typesupport_introspection_cpp.so" to ""
[2.395s] -- Installing: /mnt/ssd/lsgloc_ws/install/semantic_msgs/lib/libsemantic_msgs__rosidl_typesupport_cpp.so
[2.395s] -- Set runtime path of "/mnt/ssd/lsgloc_ws/install/semantic_msgs/lib/libsemantic_msgs__rosidl_typesupport_cpp.so" to ""
[2.395s] -- Installing: /mnt/ssd/lsgloc_ws/install/semantic_msgs/share/semantic_msgs/environment/pythonpath.sh
[2.395s] -- Installing: /mnt/ssd/lsgloc_ws/install/semantic_msgs/share/semantic_msgs/environment/pythonpath.dsv
[2.395s] -- Installing: /mnt/ssd/lsgloc_ws/install/semantic_msgs/local/lib/python3.10/dist-packages/semantic_msgs-0.0.0-py3.10.egg-info
[2.396s] -- Installing: /mnt/ssd/lsgloc_ws/install/semantic_msgs/local/lib/python3.10/dist-packages/semantic_msgs-0.0.0-py3.10.egg-info/SOURCES.txt
[2.396s] -- Installing: /mnt/ssd/lsgloc_ws/install/semantic_msgs/local/lib/python3.10/dist-packages/semantic_msgs-0.0.0-py3.10.egg-info/top_level.txt
[2.396s] -- Installing: /mnt/ssd/lsgloc_ws/install/semantic_msgs/local/lib/python3.10/dist-packages/semantic_msgs-0.0.0-py3.10.egg-info/PKG-INFO
[2.396s] -- Installing: /mnt/ssd/lsgloc_ws/install/semantic_msgs/local/lib/python3.10/dist-packages/semantic_msgs-0.0.0-py3.10.egg-info/dependency_links.txt
[2.396s] -- Installing: /mnt/ssd/lsgloc_ws/install/semantic_msgs/local/lib/python3.10/dist-packages/semantic_msgs
[2.396s] -- Installing: /mnt/ssd/lsgloc_ws/install/semantic_msgs/local/lib/python3.10/dist-packages/semantic_msgs/libsemantic_msgs__rosidl_generator_py.so
[2.396s] -- Installing: /mnt/ssd/lsgloc_ws/install/semantic_msgs/local/lib/python3.10/dist-packages/semantic_msgs/semantic_msgs_s__rosidl_typesupport_c.cpython-310-x86_64-linux-gnu.so
[2.396s] -- Installing: /mnt/ssd/lsgloc_ws/install/semantic_msgs/local/lib/python3.10/dist-packages/semantic_msgs/_semantic_msgs_s.ep.rosidl_typesupport_introspection_c.c
[2.396s] -- Installing: /mnt/ssd/lsgloc_ws/install/semantic_msgs/local/lib/python3.10/dist-packages/semantic_msgs/__init__.py
[2.396s] -- Installing: /mnt/ssd/lsgloc_ws/install/semantic_msgs/local/lib/python3.10/dist-packages/semantic_msgs/msg
[2.396s] -- Installing: /mnt/ssd/lsgloc_ws/install/semantic_msgs/local/lib/python3.10/dist-packages/semantic_msgs/msg/__init__.py
[2.396s] -- Installing: /mnt/ssd/lsgloc_ws/install/semantic_msgs/local/lib/python3.10/dist-packages/semantic_msgs/msg/_semantic_detection.py
[2.396s] -- Installing: /mnt/ssd/lsgloc_ws/install/semantic_msgs/local/lib/python3.10/dist-packages/semantic_msgs/msg/_semantic_detection_s.c
[2.397s] -- Installing: /mnt/ssd/lsgloc_ws/install/semantic_msgs/local/lib/python3.10/dist-packages/semantic_msgs/msg/_semantic_detection_array_s.c
[2.397s] -- Installing: /mnt/ssd/lsgloc_ws/install/semantic_msgs/local/lib/python3.10/dist-packages/semantic_msgs/msg/_semantic_detection_array.py
[2.397s] -- Installing: /mnt/ssd/lsgloc_ws/install/semantic_msgs/local/lib/python3.10/dist-packages/semantic_msgs/_semantic_msgs_s.ep.rosidl_typesupport_fastrtps_c.c
[2.397s] -- Installing: /mnt/ssd/lsgloc_ws/install/semantic_msgs/local/lib/python3.10/dist-packages/semantic_msgs/_semantic_msgs_s.ep.rosidl_typesupport_c.c
[2.397s] -- Installing: /mnt/ssd/lsgloc_ws/install/semantic_msgs/local/lib/python3.10/dist-packages/semantic_msgs/semantic_msgs_s__rosidl_typesupport_fastrtps_c.cpython-310-x86_64-linux-gnu.so
[2.397s] -- Installing: /mnt/ssd/lsgloc_ws/install/semantic_msgs/local/lib/python3.10/dist-packages/semantic_msgs/semantic_msgs_s__rosidl_typesupport_introspection_c.cpython-310-x86_64-linux-gnu.so
[2.418s] Listing '/mnt/ssd/lsgloc_ws/install/semantic_msgs/local/lib/python3.10/dist-packages/semantic_msgs'...
[2.418s] Compiling '/mnt/ssd/lsgloc_ws/install/semantic_msgs/local/lib/python3.10/dist-packages/semantic_msgs/__init__.py'...
[2.418s] Listing '/mnt/ssd/lsgloc_ws/install/semantic_msgs/local/lib/python3.10/dist-packages/semantic_msgs/msg'...
[2.418s] Compiling '/mnt/ssd/lsgloc_ws/install/semantic_msgs/local/lib/python3.10/dist-packages/semantic_msgs/msg/__init__.py'...
[2.418s] Compiling '/mnt/ssd/lsgloc_ws/install/semantic_msgs/local/lib/python3.10/dist-packages/semantic_msgs/msg/_semantic_detection.py'...
[2.418s] Compiling '/mnt/ssd/lsgloc_ws/install/semantic_msgs/local/lib/python3.10/dist-packages/semantic_msgs/msg/_semantic_detection_array.py'...
[2.420s] -- Installing: /mnt/ssd/lsgloc_ws/install/semantic_msgs/local/lib/python3.10/dist-packages/semantic_msgs/semantic_msgs_s__rosidl_typesupport_fastrtps_c.cpython-310-x86_64-linux-gnu.so
[2.421s] -- Set runtime path of "/mnt/ssd/lsgloc_ws/install/semantic_msgs/local/lib/python3.10/dist-packages/semantic_msgs/semantic_msgs_s__rosidl_typesupport_fastrtps_c.cpython-310-x86_64-linux-gnu.so" to ""
[2.421s] -- Installing: /mnt/ssd/lsgloc_ws/install/semantic_msgs/local/lib/python3.10/dist-packages/semantic_msgs/semantic_msgs_s__rosidl_typesupport_introspection_c.cpython-310-x86_64-linux-gnu.so
[2.421s] -- Set runtime path of "/mnt/ssd/lsgloc_ws/install/semantic_msgs/local/lib/python3.10/dist-packages/semantic_msgs/semantic_msgs_s__rosidl_typesupport_introspection_c.cpython-310-x86_64-linux-gnu.so" to ""
[2.421s] -- Installing: /mnt/ssd/lsgloc_ws/install/semantic_msgs/local/lib/python3.10/dist-packages/semantic_msgs/semantic_msgs_s__rosidl_typesupport_c.cpython-310-x86_64-linux-gnu.so
[2.421s] -- Set runtime path of "/mnt/ssd/lsgloc_ws/install/semantic_msgs/local/lib/python3.10/dist-packages/semantic_msgs/semantic_msgs_s__rosidl_typesupport_c.cpython-310-x86_64-linux-gnu.so" to ""
[2.421s] -- Installing: /mnt/ssd/lsgloc_ws/install/semantic_msgs/lib/libsemantic_msgs__rosidl_generator_py.so
[2.422s] -- Set runtime path of "/mnt/ssd/lsgloc_ws/install/semantic_msgs/lib/libsemantic_msgs__rosidl_generator_py.so" to ""
[2.422s] -- Installing: /mnt/ssd/lsgloc_ws/install/semantic_msgs/share/semantic_msgs/msg/SemanticDetection.idl
[2.422s] -- Installing: /mnt/ssd/lsgloc_ws/install/semantic_msgs/share/semantic_msgs/msg/SemanticDetectionArray.idl
[2.422s] -- Installing: /mnt/ssd/lsgloc_ws/install/semantic_msgs/share/semantic_msgs/msg/SemanticDetection.msg
[2.422s] -- Installing: /mnt/ssd/lsgloc_ws/install/semantic_msgs/share/semantic_msgs/msg/SemanticDetectionArray.msg
[2.422s] -- Installing: /mnt/ssd/lsgloc_ws/install/semantic_msgs/share/ament_index/resource_index/package_run_dependencies/semantic_msgs
[2.422s] -- Installing: /mnt/ssd/lsgloc_ws/install/semantic_msgs/share/ament_index/resource_index/parent_prefix_path/semantic_msgs
[2.422s] -- Installing: /mnt/ssd/lsgloc_ws/install/semantic_msgs/share/semantic_msgs/environment/ament_prefix_path.sh
[2.422s] -- Installing: /mnt/ssd/lsgloc_ws/install/semantic_msgs/share/semantic_msgs/environment/ament_prefix_path.dsv
[2.423s] -- Installing: /mnt/ssd/lsgloc_ws/install/semantic_msgs/share/semantic_msgs/environment/path.sh
[2.423s] -- Installing: /mnt/ssd/lsgloc_ws/install/semantic_msgs/share/semantic_msgs/environment/path.dsv
[2.423s] -- Installing: /mnt/ssd/lsgloc_ws/install/semantic_msgs/share/semantic_msgs/local_setup.bash
[2.423s] -- Installing: /mnt/ssd/lsgloc_ws/install/semantic_msgs/share/semantic_msgs/local_setup.sh
[2.423s] -- Installing: /mnt/ssd/lsgloc_ws/install/semantic_msgs/share/semantic_msgs/local_setup.zsh
[2.423s] -- Installing: /mnt/ssd/lsgloc_ws/install/semantic_msgs/share/semantic_msgs/local_setup.dsv
[2.423s] -- Installing: /mnt/ssd/lsgloc_ws/install/semantic_msgs/share/semantic_msgs/package.dsv
[2.423s] -- Installing: /mnt/ssd/lsgloc_ws/install/semantic_msgs/share/ament_index/resource_index/packages/semantic_msgs
[2.423s] -- Installing: /mnt/ssd/lsgloc_ws/install/semantic_msgs/share/semantic_msgs/cmake/export_semantic_msgs__rosidl_generator_cExport.cmake
[2.423s] -- Installing: /mnt/ssd/lsgloc_ws/install/semantic_msgs/share/semantic_msgs/cmake/export_semantic_msgs__rosidl_generator_cExport-noconfig.cmake
[2.423s] -- Installing: /mnt/ssd/lsgloc_ws/install/semantic_msgs/share/semantic_msgs/cmake/export_semantic_msgs__rosidl_typesupport_fastrtps_cExport.cmake
[2.424s] -- Installing: /mnt/ssd/lsgloc_ws/install/semantic_msgs/share/semantic_msgs/cmake/export_semantic_msgs__rosidl_typesupport_fastrtps_cExport-noconfig.cmake
[2.424s] -- Installing: /mnt/ssd/lsgloc_ws/install/semantic_msgs/share/semantic_msgs/cmake/export_semantic_msgs__rosidl_generator_cppExport.cmake
[2.424s] -- Installing: /mnt/ssd/lsgloc_ws/install/semantic_msgs/share/semantic_msgs/cmake/export_semantic_msgs__rosidl_typesupport_fastrtps_cppExport.cmake
[2.424s] -- Installing: /mnt/ssd/lsgloc_ws/install/semantic_msgs/share/semantic_msgs/cmake/export_semantic_msgs__rosidl_typesupport_fastrtps_cppExport-noconfig.cmake
[2.424s] -- Installing: /mnt/ssd/lsgloc_ws/install/semantic_msgs/share/semantic_msgs/cmake/semantic_msgs__rosidl_typesupport_introspection_cExport.cmake
[2.424s] -- Installing: /mnt/ssd/lsgloc_ws/install/semantic_msgs/share/semantic_msgs/cmake/semantic_msgs__rosidl_typesupport_introspection_cExport-noconfig.cmake
[2.424s] -- Installing: /mnt/ssd/lsgloc_ws/install/semantic_msgs/share/semantic_msgs/cmake/semantic_msgs__rosidl_typesupport_cExport.cmake
[2.424s] -- Installing: /mnt/ssd/lsgloc_ws/install/semantic_msgs/share/semantic_msgs/cmake/semantic_msgs__rosidl_typesupport_cExport-noconfig.cmake
[2.424s] -- Installing: /mnt/ssd/lsgloc_ws/install/semantic_msgs/share/semantic_msgs/cmake/semantic_msgs__rosidl_typesupport_introspection_cppExport.cmake
[2.424s] -- Installing: /mnt/ssd/lsgloc_ws/install/semantic_msgs/share/semantic_msgs/cmake/semantic_msgs__rosidl_typesupport_introspection_cppExport-noconfig.cmake
[2.424s] -- Installing: /mnt/ssd/lsgloc_ws/install/semantic_msgs/share/semantic_msgs/cmake/semantic_msgs__rosidl_typesupport_cppExport.cmake
[2.425s] -- Installing: /mnt/ssd/lsgloc_ws/install/semantic_msgs/share/semantic_msgs/cmake/semantic_msgs__rosidl_typesupport_cppExport-noconfig.cmake
[2.425s] -- Installing: /mnt/ssd/lsgloc_ws/install/semantic_msgs/share/semantic_msgs/cmake/export_semantic_msgs__rosidl_generator_pyExport.cmake
[2.425s] -- Installing: /mnt/ssd/lsgloc_ws/install/semantic_msgs/share/semantic_msgs/cmake/export_semantic_msgs__rosidl_generator_pyExport-noconfig.cmake
[2.425s] -- Installing: /mnt/ssd/lsgloc_ws/install/semantic_msgs/share/semantic_msgs/cmake/rosidl_cmake-extras.cmake
[2.425s] -- Installing: /mnt/ssd/lsgloc_ws/install/semantic_msgs/share/semantic_msgs/cmake/ament_cmake_export_dependencies-extras.cmake
[2.425s] -- Installing: /mnt/ssd/lsgloc_ws/install/semantic_msgs/share/semantic_msgs/cmake/ament_cmake_export_include_directories-extras.cmake
[2.425s] -- Installing: /mnt/ssd/lsgloc_ws/install/semantic_msgs/share/semantic_msgs/cmake/ament_cmake_export_libraries-extras.cmake
[2.425s] -- Installing: /mnt/ssd/lsgloc_ws/install/semantic_msgs/share/semantic_msgs/cmake/ament_cmake_export_targets-extras.cmake
[2.425s] -- Installing: /mnt/ssd/lsgloc_ws/install/semantic_msgs/share/semantic_msgs/cmake/rosidl_cmake_export_typesupport_targets-extras.cmake
[2.425s] -- Installing: /mnt/ssd/lsgloc_ws/install/semantic_msgs/share/semantic_msgs/cmake/rosidl_cmake_export_typesupport_libraries-extras.cmake
[2.426s] -- Installing: /mnt/ssd/lsgloc_ws/install/semantic_msgs/share/semantic_msgs/cmake/semantic_msgsConfig.cmake
[2.426s] -- Installing: /mnt/ssd/lsgloc_ws/install/semantic_msgs/share/semantic_msgs/cmake/semantic_msgsConfig-version.cmake
[2.426s] -- Installing: /mnt/ssd/lsgloc_ws/install/semantic_msgs/share/semantic_msgs/package.xml
[2.427s] Invoked command in '/mnt/ssd/lsgloc_ws/build/semantic_msgs' returned '0': CMAKE_PREFIX_PATH=${CMAKE_PREFIX_PATH}:/mnt/ssd/lsgloc_ws/install/test_semantic_mcl:/mnt/ssd/lsgloc_ws/install/obj_detection:/opt/ros/humble /usr/bin/cmake --install /mnt/ssd/lsgloc_ws/build/semantic_msgs
