-- Found rclcpp: 16.0.17 (/opt/ros/humble/share/rclcpp/cmake)
-- Found rosidl_generator_c: 3.1.8 (/opt/ros/humble/share/rosidl_generator_c/cmake)
-- Found rosidl_adapter: 3.1.8 (/opt/ros/humble/share/rosidl_adapter/cmake)
-- Found rosidl_generator_cpp: 3.1.8 (/opt/ros/humble/share/rosidl_generator_cpp/cmake)
-- Using all available rosidl_typesupport_c: rosidl_typesupport_fastrtps_c;rosidl_typesupport_introspection_c
-- Using all available rosidl_typesupport_cpp: rosidl_typesupport_fastrtps_cpp;rosidl_typesupport_introspection_cpp
-- Found rmw_implementation_cmake: 6.1.2 (/opt/ros/humble/share/rmw_implementation_cmake/cmake)
-- Found rmw_fastrtps_cpp: 6.2.9 (/opt/ros/humble/share/rmw_fastrtps_cpp/cmake)
-- Using RMW implementation 'rmw_fastrtps_cpp' as default
-- Found nav_msgs: 4.9.0 (/opt/ros/humble/share/nav_msgs/cmake)
-- Found sensor_msgs: 4.9.0 (/opt/ros/humble/share/sensor_msgs/cmake)
-- Found nlohmann_json: /usr/lib/cmake/nlohmann_json/nlohmann_jsonConfig.cmake (found version "3.10.5") 
-- Found ament_lint_auto: 0.12.14 (/opt/ros/humble/share/ament_lint_auto/cmake)
-- Found ament_cmake_gtest: 1.3.12 (/opt/ros/humble/share/ament_cmake_gtest/cmake)
-- Found gtest sources under '/opt/ros/humble/src/gtest_vendor': C++ tests using 'Google Test' will be built
-- Added test 'cppcheck' to perform static code analysis on C / C++ code
-- Configured cppcheck include dirs: /mnt/ssd/lsgloc_ws/src/semantic_mcl/include
-- Configured cppcheck exclude dirs and/or files: 
-- Added test 'lint_cmake' to check CMake code style
-- Added test 'uncrustify' to check C / C++ code style
-- Configured uncrustify additional arguments: 
-- Added test 'xmllint' to check XML markup files
-- Configuring done
-- Generating done
-- Build files have been written to: /mnt/ssd/lsgloc_ws/build/semantic_mcl
[35m[1mConsolidate compiler generated dependencies of target semantic_mcl_core[0m
[35m[1mConsolidate compiler generated dependencies of target gtest_main[0m
[35m[1mConsolidate compiler generated dependencies of target gtest[0m
[ 15%] [32mBuilding CXX object CMakeFiles/semantic_mcl_core.dir/src/beam_model.cpp.o[0m
[ 23%] Built target gtest_main
[ 30%] [32mBuilding CXX object CMakeFiles/semantic_mcl_core.dir/src/motion_model.cpp.o[0m
[ 46%] Built target gtest
[ 53%] [32mBuilding CXX object CMakeFiles/semantic_mcl_core.dir/src/particle_filter.cpp.o[0m
[ 61%] [32mBuilding CXX object CMakeFiles/semantic_mcl_core.dir/src/semantic_model.cpp.o[0m
[01m[K/mnt/ssd/lsgloc_ws/src/semantic_mcl/src/semantic_model.cpp:[m[K In constructor ‘[01m[Ksemantic_mcl::SemanticModel::SemanticModel(semantic_mcl::OccupancyMap, const string&, double, double)[m[K’:
[01m[K/mnt/ssd/lsgloc_ws/src/semantic_mcl/src/semantic_model.cpp:10:18:[m[K [01;31m[Kerror: [m[K‘[01m[Kcerr[m[K’ is not a member of ‘[01m[Kstd[m[K’
   10 |             std::[01;31m[Kcerr[m[K << "Could not open file: " << landmark_json_path << "\n";
      |                  [01;31m[K^~~~[m[K
[01m[K/mnt/ssd/lsgloc_ws/src/semantic_mcl/src/semantic_model.cpp:2:1:[m[K [01;36m[Knote: [m[K‘[01m[Kstd::cerr[m[K’ is defined in header ‘[01m[K<iostream>[m[K’; did you forget to ‘[01m[K#include <iostream>[m[K’?
    1 | #include "semantic_mcl/semantic_model.hpp"
  +++ |+[32m[K#include <iostream>[m[K
    2 | 
[01m[K/mnt/ssd/lsgloc_ws/src/semantic_mcl/src/semantic_model.cpp:17:18:[m[K [01;31m[Kerror: [m[K‘[01m[Kcerr[m[K’ is not a member of ‘[01m[Kstd[m[K’
   17 |             std::[01;31m[Kcerr[m[K << "JSON parse error: " << e.what() << "\n";
      |                  [01;31m[K^~~~[m[K
[01m[K/mnt/ssd/lsgloc_ws/src/semantic_mcl/src/semantic_model.cpp:17:18:[m[K [01;36m[Knote: [m[K‘[01m[Kstd::cerr[m[K’ is defined in header ‘[01m[K<iostream>[m[K’; did you forget to ‘[01m[K#include <iostream>[m[K’?
[01m[K/mnt/ssd/lsgloc_ws/src/semantic_mcl/src/semantic_model.cpp:22:22:[m[K [01;31m[Kerror: [m[K‘[01m[Kcerr[m[K’ is not a member of ‘[01m[Kstd[m[K’
   22 |                 std::[01;31m[Kcerr[m[K << "Skipping malformed landmark entry\n";
      |                      [01;31m[K^~~~[m[K
[01m[K/mnt/ssd/lsgloc_ws/src/semantic_mcl/src/semantic_model.cpp:22:22:[m[K [01;36m[Knote: [m[K‘[01m[Kstd::cerr[m[K’ is defined in header ‘[01m[K<iostream>[m[K’; did you forget to ‘[01m[K#include <iostream>[m[K’?
gmake[2]: *** [CMakeFiles/semantic_mcl_core.dir/build.make:118: CMakeFiles/semantic_mcl_core.dir/src/semantic_model.cpp.o] Error 1
gmake[1]: *** [CMakeFiles/Makefile2:159: CMakeFiles/semantic_mcl_core.dir/all] Error 2
gmake: *** [Makefile:146: all] Error 2
