[0.007s] Invoking command in '/mnt/ssd/lsgloc_ws/build/semantic_mcl': CMAKE_PREFIX_PATH=/opt/ros/humble /usr/bin/cmake --build /mnt/ssd/lsgloc_ws/build/semantic_mcl -- -j16 -l16
[0.026s] -- Found rclcpp: 16.0.17 (/opt/ros/humble/share/rclcpp/cmake)
[0.125s] -- Found rosidl_generator_c: 3.1.8 (/opt/ros/humble/share/rosidl_generator_c/cmake)
[0.127s] -- Found rosidl_adapter: 3.1.8 (/opt/ros/humble/share/rosidl_adapter/cmake)
[0.131s] -- Found rosidl_generator_cpp: 3.1.8 (/opt/ros/humble/share/rosidl_generator_cpp/cmake)
[0.137s] -- Using all available rosidl_typesupport_c: rosidl_typesupport_fastrtps_c;rosidl_typesupport_introspection_c
[0.144s] -- Using all available rosidl_typesupport_cpp: rosidl_typesupport_fastrtps_cpp;rosidl_typesupport_introspection_cpp
[0.163s] -- Found rmw_implementation_cmake: 6.1.2 (/opt/ros/humble/share/rmw_implementation_cmake/cmake)
[0.164s] -- Found rmw_fastrtps_cpp: 6.2.9 (/opt/ros/humble/share/rmw_fastrtps_cpp/cmake)
[0.245s] -- Using RMW implementation 'rmw_fastrtps_cpp' as default
[0.275s] -- Found nav_msgs: 4.9.0 (/opt/ros/humble/share/nav_msgs/cmake)
[0.292s] -- Found sensor_msgs: 4.9.0 (/opt/ros/humble/share/sensor_msgs/cmake)
[0.309s] -- Found nlohmann_json: /usr/lib/cmake/nlohmann_json/nlohmann_jsonConfig.cmake (found version "3.10.5") 
[0.310s] -- Found ament_lint_auto: 0.12.14 (/opt/ros/humble/share/ament_lint_auto/cmake)
[0.348s] -- Found ament_cmake_gtest: 1.3.12 (/opt/ros/humble/share/ament_cmake_gtest/cmake)
[0.348s] -- Found gtest sources under '/opt/ros/humble/src/gtest_vendor': C++ tests using 'Google Test' will be built
[0.352s] -- Added test 'cppcheck' to perform static code analysis on C / C++ code
[0.352s] -- Configured cppcheck include dirs: /mnt/ssd/lsgloc_ws/src/semantic_mcl/include
[0.352s] -- Configured cppcheck exclude dirs and/or files: 
[0.353s] -- Added test 'lint_cmake' to check CMake code style
[0.354s] -- Added test 'uncrustify' to check C / C++ code style
[0.354s] -- Configured uncrustify additional arguments: 
[0.354s] -- Added test 'xmllint' to check XML markup files
[0.354s] -- Configuring done
[0.364s] -- Generating done
[0.367s] -- Build files have been written to: /mnt/ssd/lsgloc_ws/build/semantic_mcl
[0.386s] [35m[1mConsolidate compiler generated dependencies of target semantic_mcl_core[0m
[0.386s] [35m[1mConsolidate compiler generated dependencies of target gtest_main[0m
[0.386s] [35m[1mConsolidate compiler generated dependencies of target gtest[0m
[0.395s] [ 15%] [32mBuilding CXX object CMakeFiles/semantic_mcl_core.dir/src/beam_model.cpp.o[0m
[0.395s] [ 23%] Built target gtest_main
[0.395s] [ 30%] [32mBuilding CXX object CMakeFiles/semantic_mcl_core.dir/src/motion_model.cpp.o[0m
[0.396s] [ 46%] Built target gtest
[0.396s] [ 53%] [32mBuilding CXX object CMakeFiles/semantic_mcl_core.dir/src/particle_filter.cpp.o[0m
[0.396s] [ 61%] [32mBuilding CXX object CMakeFiles/semantic_mcl_core.dir/src/semantic_model.cpp.o[0m
[0.812s] [01m[K/mnt/ssd/lsgloc_ws/src/semantic_mcl/src/semantic_model.cpp:[m[K In constructor ‘[01m[Ksemantic_mcl::SemanticModel::SemanticModel(semantic_mcl::OccupancyMap, const string&, double, double)[m[K’:
[0.812s] [01m[K/mnt/ssd/lsgloc_ws/src/semantic_mcl/src/semantic_model.cpp:10:18:[m[K [01;31m[Kerror: [m[K‘[01m[Kcerr[m[K’ is not a member of ‘[01m[Kstd[m[K’
[0.812s]    10 |             std::[01;31m[Kcerr[m[K << "Could not open file: " << landmark_json_path << "\n";
[0.812s]       |                  [01;31m[K^~~~[m[K
[0.812s] [01m[K/mnt/ssd/lsgloc_ws/src/semantic_mcl/src/semantic_model.cpp:2:1:[m[K [01;36m[Knote: [m[K‘[01m[Kstd::cerr[m[K’ is defined in header ‘[01m[K<iostream>[m[K’; did you forget to ‘[01m[K#include <iostream>[m[K’?
[0.812s]     1 | #include "semantic_mcl/semantic_model.hpp"
[0.812s]   +++ |+[32m[K#include <iostream>[m[K
[0.812s]     2 | 
[0.867s] [01m[K/mnt/ssd/lsgloc_ws/src/semantic_mcl/src/semantic_model.cpp:17:18:[m[K [01;31m[Kerror: [m[K‘[01m[Kcerr[m[K’ is not a member of ‘[01m[Kstd[m[K’
[0.867s]    17 |             std::[01;31m[Kcerr[m[K << "JSON parse error: " << e.what() << "\n";
[0.867s]       |                  [01;31m[K^~~~[m[K
[0.867s] [01m[K/mnt/ssd/lsgloc_ws/src/semantic_mcl/src/semantic_model.cpp:17:18:[m[K [01;36m[Knote: [m[K‘[01m[Kstd::cerr[m[K’ is defined in header ‘[01m[K<iostream>[m[K’; did you forget to ‘[01m[K#include <iostream>[m[K’?
[0.868s] [01m[K/mnt/ssd/lsgloc_ws/src/semantic_mcl/src/semantic_model.cpp:22:22:[m[K [01;31m[Kerror: [m[K‘[01m[Kcerr[m[K’ is not a member of ‘[01m[Kstd[m[K’
[0.869s]    22 |                 std::[01;31m[Kcerr[m[K << "Skipping malformed landmark entry\n";
[0.869s]       |                      [01;31m[K^~~~[m[K
[0.869s] [01m[K/mnt/ssd/lsgloc_ws/src/semantic_mcl/src/semantic_model.cpp:22:22:[m[K [01;36m[Knote: [m[K‘[01m[Kstd::cerr[m[K’ is defined in header ‘[01m[K<iostream>[m[K’; did you forget to ‘[01m[K#include <iostream>[m[K’?
[1.129s] gmake[2]: *** [CMakeFiles/semantic_mcl_core.dir/build.make:118: CMakeFiles/semantic_mcl_core.dir/src/semantic_model.cpp.o] Error 1
[1.129s] gmake[1]: *** [CMakeFiles/Makefile2:159: CMakeFiles/semantic_mcl_core.dir/all] Error 2
[1.129s] gmake: *** [Makefile:146: all] Error 2
[1.132s] Invoked command in '/mnt/ssd/lsgloc_ws/build/semantic_mcl' returned '2': CMAKE_PREFIX_PATH=/opt/ros/humble /usr/bin/cmake --build /mnt/ssd/lsgloc_ws/build/semantic_mcl -- -j16 -l16
