running egg_info
writing ../../build/obj_detection/obj_detection.egg-info/PKG-INFO
writing dependency_links to ../../build/obj_detection/obj_detection.egg-info/dependency_links.txt
writing entry points to ../../build/obj_detection/obj_detection.egg-info/entry_points.txt
writing requirements to ../../build/obj_detection/obj_detection.egg-info/requires.txt
writing top-level names to ../../build/obj_detection/obj_detection.egg-info/top_level.txt
reading manifest file '../../build/obj_detection/obj_detection.egg-info/SOURCES.txt'
writing manifest file '../../build/obj_detection/obj_detection.egg-info/SOURCES.txt'
running build
running build_py
copying obj_detection/vlm_streaming_detector.py -> /mnt/ssd/lsgloc_ws/build/obj_detection/build/lib/obj_detection
running install
running install_lib
copying /mnt/ssd/lsgloc_ws/build/obj_detection/build/lib/obj_detection/vlm_streaming_detector.py -> /mnt/ssd/lsgloc_ws/install/obj_detection/lib/python3.10/site-packages/obj_detection
byte-compiling /mnt/ssd/lsgloc_ws/install/obj_detection/lib/python3.10/site-packages/obj_detection/vlm_streaming_detector.py to vlm_streaming_detector.cpython-310.pyc
running install_data
running install_egg_info
removing '/mnt/ssd/lsgloc_ws/install/obj_detection/lib/python3.10/site-packages/obj_detection-0.0.0-py3.10.egg-info' (and everything under it)
Copying ../../build/obj_detection/obj_detection.egg-info to /mnt/ssd/lsgloc_ws/install/obj_detection/lib/python3.10/site-packages/obj_detection-0.0.0-py3.10.egg-info
running install_scripts
Installing vlm_service_node script to /mnt/ssd/lsgloc_ws/install/obj_detection/lib/obj_detection
Installing vlm_streaming_node script to /mnt/ssd/lsgloc_ws/install/obj_detection/lib/obj_detection
Installing yolo_node script to /mnt/ssd/lsgloc_ws/install/obj_detection/lib/obj_detection
writing list of installed files to '/mnt/ssd/lsgloc_ws/build/obj_detection/install.log'
