[0.270s] Invoking command in '/mnt/ssd/lsgloc_ws/build/yolov5_ros': /usr/bin/cmake /mnt/ssd/lsgloc_ws/hsmcl/ros1_ws/src/yolov5_ros -DCATKIN_INSTALL_INTO_PREFIX_ROOT=0 -DCMAKE_INSTALL_PREFIX=/mnt/ssd/lsgloc_ws/install/yolov5_ros
[0.309s] -- The C compiler identification is GNU 11.4.0
[0.349s] -- The CXX compiler identification is GNU 11.4.0
[0.355s] -- Detecting C compiler ABI info
[0.400s] -- Detecting C compiler ABI info - done
[0.411s] -- Check for working C compiler: /usr/bin/cc - skipped
[0.411s] -- Detecting C compile features
[0.411s] -- Detecting C compile features - done
[0.411s] -- Detecting CXX compiler ABI info
[0.465s] -- Detecting CXX compiler ABI info - done
[0.469s] -- Check for working CXX compiler: /usr/bin/c++ - skipped
[0.469s] -- Detecting CXX compile features
[0.470s] -- Detecting CXX compile features - done
[0.479s] [31mCMake Error at CMakeLists.txt:10 (find_package):
[0.480s]   By not providing "Findcatkin.cmake" in CMAKE_MODULE_PATH this project has
[0.480s]   asked CMake to find a package configuration file provided by "catkin", but
[0.480s]   CMake did not find one.
[0.480s] 
[0.480s]   Could not find a package configuration file provided by "catkin" with any
[0.480s]   of the following names:
[0.480s] 
[0.480s]     catkinConfig.cmake
[0.480s]     catkin-config.cmake
[0.480s] 
[0.480s]   Add the installation prefix of "catkin" to CMAKE_PREFIX_PATH or set
[0.480s]   "catkin_DIR" to a directory containing one of the above files.  If "catkin"
[0.480s]   provides a separate development package or SDK, be sure it has been
[0.480s]   installed.
[0.480s] 
[0.480s] [0m
[0.480s] -- Configuring incomplete, errors occurred!
[0.480s] See also "/mnt/ssd/lsgloc_ws/build/yolov5_ros/CMakeFiles/CMakeOutput.log".
