[0.014s] Invoking command in '/mnt/ssd/lsgloc_ws/build/semantic_msgs': CMAKE_PREFIX_PATH=/opt/ros/humble /usr/bin/cmake --build /mnt/ssd/lsgloc_ws/build/semantic_msgs -- -j16 -l16
[0.050s] [  2%] Built target semantic_msgs__cpp
[0.051s] [ 12%] Built target semantic_msgs__rosidl_generator_c
[0.057s] [ 12%] Built target ament_cmake_python_copy_semantic_msgs
[0.066s] [ 23%] Built target semantic_msgs__rosidl_typesupport_fastrtps_cpp
[0.066s] [ 33%] Built target semantic_msgs__rosidl_typesupport_cpp
[0.066s] [ 43%] Built target semantic_msgs__rosidl_typesupport_introspection_cpp
[0.067s] [ 53%] Built target semantic_msgs__rosidl_typesupport_fastrtps_c
[0.067s] [ 64%] Built target semantic_msgs__rosidl_typesupport_c
[0.071s] [ 74%] Built target semantic_msgs__rosidl_typesupport_introspection_c
[0.084s] [ 74%] Built target semantic_msgs
[0.098s] [ 76%] Built target semantic_msgs__py
[0.113s] [ 84%] Built target semantic_msgs__rosidl_generator_py
[0.129s] [ 89%] Built target semantic_msgs__rosidl_typesupport_introspection_c__pyext
[0.129s] [ 94%] Built target semantic_msgs__rosidl_typesupport_fastrtps_c__pyext
[0.129s] [100%] Built target semantic_msgs__rosidl_typesupport_c__pyext
[0.289s] running egg_info
[0.304s] writing semantic_msgs.egg-info/PKG-INFO
[0.304s] writing dependency_links to semantic_msgs.egg-info/dependency_links.txt
[0.305s] writing top-level names to semantic_msgs.egg-info/top_level.txt
[0.334s] reading manifest file 'semantic_msgs.egg-info/SOURCES.txt'
[0.334s] writing manifest file 'semantic_msgs.egg-info/SOURCES.txt'
[0.365s] [100%] Built target ament_cmake_python_build_semantic_msgs_egg
