running egg_info
creating ../../build/obj_detection/obj_detection.egg-info
writing ../../build/obj_detection/obj_detection.egg-info/PKG-INFO
writing dependency_links to ../../build/obj_detection/obj_detection.egg-info/dependency_links.txt
writing entry points to ../../build/obj_detection/obj_detection.egg-info/entry_points.txt
writing requirements to ../../build/obj_detection/obj_detection.egg-info/requires.txt
writing top-level names to ../../build/obj_detection/obj_detection.egg-info/top_level.txt
writing manifest file '../../build/obj_detection/obj_detection.egg-info/SOURCES.txt'
reading manifest file '../../build/obj_detection/obj_detection.egg-info/SOURCES.txt'
writing manifest file '../../build/obj_detection/obj_detection.egg-info/SOURCES.txt'
running build
running build_py
creating /mnt/ssd/lsgloc_ws/build/obj_detection/build
creating /mnt/ssd/lsgloc_ws/build/obj_detection/build/lib
creating /mnt/ssd/lsgloc_ws/build/obj_detection/build/lib/obj_detection
copying obj_detection/__init__.py -> /mnt/ssd/lsgloc_ws/build/obj_detection/build/lib/obj_detection
copying obj_detection/vlm_streaming_detector.py -> /mnt/ssd/lsgloc_ws/build/obj_detection/build/lib/obj_detection
copying obj_detection/yolo_detector.py -> /mnt/ssd/lsgloc_ws/build/obj_detection/build/lib/obj_detection
copying obj_detection/vlm_service_detector.py -> /mnt/ssd/lsgloc_ws/build/obj_detection/build/lib/obj_detection
running install
running install_lib
creating /mnt/ssd/lsgloc_ws/install/obj_detection/lib/python3.10/site-packages/obj_detection
copying /mnt/ssd/lsgloc_ws/build/obj_detection/build/lib/obj_detection/__init__.py -> /mnt/ssd/lsgloc_ws/install/obj_detection/lib/python3.10/site-packages/obj_detection
copying /mnt/ssd/lsgloc_ws/build/obj_detection/build/lib/obj_detection/vlm_streaming_detector.py -> /mnt/ssd/lsgloc_ws/install/obj_detection/lib/python3.10/site-packages/obj_detection
copying /mnt/ssd/lsgloc_ws/build/obj_detection/build/lib/obj_detection/yolo_detector.py -> /mnt/ssd/lsgloc_ws/install/obj_detection/lib/python3.10/site-packages/obj_detection
copying /mnt/ssd/lsgloc_ws/build/obj_detection/build/lib/obj_detection/vlm_service_detector.py -> /mnt/ssd/lsgloc_ws/install/obj_detection/lib/python3.10/site-packages/obj_detection
byte-compiling /mnt/ssd/lsgloc_ws/install/obj_detection/lib/python3.10/site-packages/obj_detection/__init__.py to __init__.cpython-310.pyc
byte-compiling /mnt/ssd/lsgloc_ws/install/obj_detection/lib/python3.10/site-packages/obj_detection/vlm_streaming_detector.py to vlm_streaming_detector.cpython-310.pyc
byte-compiling /mnt/ssd/lsgloc_ws/install/obj_detection/lib/python3.10/site-packages/obj_detection/yolo_detector.py to yolo_detector.cpython-310.pyc
byte-compiling /mnt/ssd/lsgloc_ws/install/obj_detection/lib/python3.10/site-packages/obj_detection/vlm_service_detector.py to vlm_service_detector.cpython-310.pyc
running install_data
creating /mnt/ssd/lsgloc_ws/install/obj_detection/share/ament_index
creating /mnt/ssd/lsgloc_ws/install/obj_detection/share/ament_index/resource_index
creating /mnt/ssd/lsgloc_ws/install/obj_detection/share/ament_index/resource_index/packages
copying resource/obj_detection -> /mnt/ssd/lsgloc_ws/install/obj_detection/share/ament_index/resource_index/packages
copying package.xml -> /mnt/ssd/lsgloc_ws/install/obj_detection/share/obj_detection
running install_egg_info
Copying ../../build/obj_detection/obj_detection.egg-info to /mnt/ssd/lsgloc_ws/install/obj_detection/lib/python3.10/site-packages/obj_detection-0.0.0-py3.10.egg-info
running install_scripts
Installing vlm_service_node script to /mnt/ssd/lsgloc_ws/install/obj_detection/lib/obj_detection
Installing vlm_streaming_node script to /mnt/ssd/lsgloc_ws/install/obj_detection/lib/obj_detection
Installing yolo_node script to /mnt/ssd/lsgloc_ws/install/obj_detection/lib/obj_detection
writing list of installed files to '/mnt/ssd/lsgloc_ws/build/obj_detection/install.log'
