-- The C compiler identification is GNU 11.4.0
-- The CXX compiler identification is GNU 11.4.0
-- Detecting C compiler ABI info
-- Detecting C compiler ABI info - done
-- Check for working C compiler: /usr/bin/cc - skipped
-- Detecting C compile features
-- Detecting C compile features - done
-- Detecting CXX compiler ABI info
-- Detecting CXX compiler ABI info - done
-- Check for working CXX compiler: /usr/bin/c++ - skipped
-- Detecting CXX compile features
-- Detecting CXX compile features - done
-- Found OpenMP_C: -fopenmp (found version "4.5") 
-- Found OpenMP_CXX: -fopenmp (found version "4.5") 
-- Found OpenMP: TRUE (found version "4.5")  
-- Found OpenCV: /usr (found suitable version "4.5.4", minimum required is "4.5") 
-- Found OpenCV version 4.5.4
-- OpenCV directories: /usr/include/opencv4
-- Found Boost: /usr/lib/x86_64-linux-gnu/cmake/Boost-1.74.0/BoostConfig.cmake (found version "1.74.0") found components: serialization system filesystem 
-- Found Boost version 1.74.0
-- Boost directories: /usr/include
-- Found nlohmann_json: /usr/lib/cmake/nlohmann_json/nlohmann_jsonConfig.cmake (found suitable version "3.10.5", minimum required is "3.2.0") 
-- Found nlohmann_json
-- Found Python: /usr/bin/python3.10 (found version "3.10.12") found components: Interpreter Development Development.Module Development.Embed 
-- Found Python version 3.10.12
-- Configuring done
-- Generating done
-- Build files have been written to: /mnt/ssd/lsgloc_ws/build/ncore
