[0.008s] Invoking command in '/mnt/ssd/lsgloc_ws/build/semantic_mcl': AMENT_PREFIX_PATH=/mnt/ssd/lsgloc_ws/install/semantic_msgs:${AMENT_PREFIX_PATH} CMAKE_PREFIX_PATH=/mnt/ssd/lsgloc_ws/install/semantic_msgs:/opt/ros/humble LD_LIBRARY_PATH=/mnt/ssd/lsgloc_ws/install/semantic_msgs/lib:/usr/local/cuda/lib64:/usr/lib/x86_64-linux-gnu/gazebo-11/plugins:/opt/ros/humble/opt/rviz_ogre_vendor/lib:/opt/ros/humble/lib/x86_64-linux-gnu:/opt/ros/humble/lib:/usr/local/cuda/lib64 PYTHONPATH=/mnt/ssd/lsgloc_ws/install/semantic_msgs/local/lib/python3.10/dist-packages:${PYTHONPATH} /usr/bin/cmake --build /mnt/ssd/lsgloc_ws/build/semantic_mcl -- -j16 -l16
[0.036s] -- Found rclcpp: 16.0.17 (/opt/ros/humble/share/rclcpp/cmake)
[0.159s] -- Found rosidl_generator_c: 3.1.8 (/opt/ros/humble/share/rosidl_generator_c/cmake)
[0.162s] -- Found rosidl_adapter: 3.1.8 (/opt/ros/humble/share/rosidl_adapter/cmake)
[0.168s] -- Found rosidl_generator_cpp: 3.1.8 (/opt/ros/humble/share/rosidl_generator_cpp/cmake)
[0.176s] -- Using all available rosidl_typesupport_c: rosidl_typesupport_fastrtps_c;rosidl_typesupport_introspection_c
[0.187s] -- Using all available rosidl_typesupport_cpp: rosidl_typesupport_fastrtps_cpp;rosidl_typesupport_introspection_cpp
[0.220s] -- Found rmw_implementation_cmake: 6.1.2 (/opt/ros/humble/share/rmw_implementation_cmake/cmake)
[0.221s] -- Found rmw_fastrtps_cpp: 6.2.9 (/opt/ros/humble/share/rmw_fastrtps_cpp/cmake)
[0.314s] -- Using RMW implementation 'rmw_fastrtps_cpp' as default
[0.366s] -- Found nav_msgs: 4.9.0 (/opt/ros/humble/share/nav_msgs/cmake)
[0.389s] -- Found sensor_msgs: 4.9.0 (/opt/ros/humble/share/sensor_msgs/cmake)
[0.405s] -- Found semantic_msgs: 0.0.0 (/mnt/ssd/lsgloc_ws/install/semantic_msgs/share/semantic_msgs/cmake)
[0.415s] -- Found ament_lint_auto: 0.12.14 (/opt/ros/humble/share/ament_lint_auto/cmake)
[0.466s] -- Found ament_cmake_gtest: 1.3.12 (/opt/ros/humble/share/ament_cmake_gtest/cmake)
[0.467s] -- Found gtest sources under '/opt/ros/humble/src/gtest_vendor': C++ tests using 'Google Test' will be built
[0.473s] -- Added test 'cppcheck' to perform static code analysis on C / C++ code
[0.473s] -- Configured cppcheck include dirs: /mnt/ssd/lsgloc_ws/src/semantic_mcl/include
[0.473s] -- Configured cppcheck exclude dirs and/or files: 
[0.474s] -- Added test 'lint_cmake' to check CMake code style
[0.475s] -- Added test 'uncrustify' to check C / C++ code style
[0.475s] -- Configured uncrustify additional arguments: 
[0.476s] -- Added test 'xmllint' to check XML markup files
[0.477s] -- Configuring done
[0.490s] -- Generating done
[0.494s] -- Build files have been written to: /mnt/ssd/lsgloc_ws/build/semantic_mcl
[0.515s] Consolidate compiler generated dependencies of target gtest_main
[0.515s] Consolidate compiler generated dependencies of target gtest
[0.516s] Consolidate compiler generated dependencies of target semantic_mcl_core
[0.522s] [ 15%] Built target gtest_main
[0.523s] [ 30%] Built target gtest
[0.524s] [ 69%] Built target semantic_mcl_core
[0.533s] Consolidate compiler generated dependencies of target test_semantic_mcl
[0.535s] Consolidate compiler generated dependencies of target semantic_mcl_node_exec
[0.541s] [ 84%] Built target test_semantic_mcl
[0.545s] [100%] Built target semantic_mcl_node_exec
[0.552s] Invoked command in '/mnt/ssd/lsgloc_ws/build/semantic_mcl' returned '0': AMENT_PREFIX_PATH=/mnt/ssd/lsgloc_ws/install/semantic_msgs:${AMENT_PREFIX_PATH} CMAKE_PREFIX_PATH=/mnt/ssd/lsgloc_ws/install/semantic_msgs:/opt/ros/humble LD_LIBRARY_PATH=/mnt/ssd/lsgloc_ws/install/semantic_msgs/lib:/usr/local/cuda/lib64:/usr/lib/x86_64-linux-gnu/gazebo-11/plugins:/opt/ros/humble/opt/rviz_ogre_vendor/lib:/opt/ros/humble/lib/x86_64-linux-gnu:/opt/ros/humble/lib:/usr/local/cuda/lib64 PYTHONPATH=/mnt/ssd/lsgloc_ws/install/semantic_msgs/local/lib/python3.10/dist-packages:${PYTHONPATH} /usr/bin/cmake --build /mnt/ssd/lsgloc_ws/build/semantic_mcl -- -j16 -l16
[0.559s] Invoking command in '/mnt/ssd/lsgloc_ws/build/semantic_mcl': AMENT_PREFIX_PATH=/mnt/ssd/lsgloc_ws/install/semantic_msgs:${AMENT_PREFIX_PATH} CMAKE_PREFIX_PATH=/mnt/ssd/lsgloc_ws/install/semantic_msgs:/opt/ros/humble LD_LIBRARY_PATH=/mnt/ssd/lsgloc_ws/install/semantic_msgs/lib:/usr/local/cuda/lib64:/usr/lib/x86_64-linux-gnu/gazebo-11/plugins:/opt/ros/humble/opt/rviz_ogre_vendor/lib:/opt/ros/humble/lib/x86_64-linux-gnu:/opt/ros/humble/lib:/usr/local/cuda/lib64 PYTHONPATH=/mnt/ssd/lsgloc_ws/install/semantic_msgs/local/lib/python3.10/dist-packages:${PYTHONPATH} /usr/bin/cmake --install /mnt/ssd/lsgloc_ws/build/semantic_mcl
[0.564s] -- Install configuration: ""
[0.564s] -- Up-to-date: /mnt/ssd/lsgloc_ws/install/semantic_mcl/lib/semantic_mcl/semantic_mcl_node_exec
[0.564s] -- Installing: /mnt/ssd/lsgloc_ws/install/semantic_mcl/share/semantic_mcl/config
[0.564s] -- Installing: /mnt/ssd/lsgloc_ws/install/semantic_mcl/share/semantic_mcl/config/semantic_mcl_params.yaml
[0.564s] -- Up-to-date: /mnt/ssd/lsgloc_ws/install/semantic_mcl/share/ament_index/resource_index/package_run_dependencies/semantic_mcl
[0.564s] -- Installing: /mnt/ssd/lsgloc_ws/install/semantic_mcl/share/ament_index/resource_index/parent_prefix_path/semantic_mcl
[0.564s] -- Up-to-date: /mnt/ssd/lsgloc_ws/install/semantic_mcl/share/semantic_mcl/environment/ament_prefix_path.sh
[0.564s] -- Installing: /mnt/ssd/lsgloc_ws/install/semantic_mcl/share/semantic_mcl/environment/ament_prefix_path.dsv
[0.565s] -- Up-to-date: /mnt/ssd/lsgloc_ws/install/semantic_mcl/share/semantic_mcl/environment/path.sh
[0.565s] -- Installing: /mnt/ssd/lsgloc_ws/install/semantic_mcl/share/semantic_mcl/environment/path.dsv
[0.565s] -- Up-to-date: /mnt/ssd/lsgloc_ws/install/semantic_mcl/share/semantic_mcl/local_setup.bash
[0.565s] -- Up-to-date: /mnt/ssd/lsgloc_ws/install/semantic_mcl/share/semantic_mcl/local_setup.sh
[0.565s] -- Up-to-date: /mnt/ssd/lsgloc_ws/install/semantic_mcl/share/semantic_mcl/local_setup.zsh
[0.565s] -- Installing: /mnt/ssd/lsgloc_ws/install/semantic_mcl/share/semantic_mcl/local_setup.dsv
[0.565s] -- Installing: /mnt/ssd/lsgloc_ws/install/semantic_mcl/share/semantic_mcl/package.dsv
[0.565s] -- Up-to-date: /mnt/ssd/lsgloc_ws/install/semantic_mcl/share/ament_index/resource_index/packages/semantic_mcl
[0.565s] -- Up-to-date: /mnt/ssd/lsgloc_ws/install/semantic_mcl/share/semantic_mcl/cmake/semantic_mclConfig.cmake
[0.565s] -- Up-to-date: /mnt/ssd/lsgloc_ws/install/semantic_mcl/share/semantic_mcl/cmake/semantic_mclConfig-version.cmake
[0.565s] -- Up-to-date: /mnt/ssd/lsgloc_ws/install/semantic_mcl/share/semantic_mcl/package.xml
[0.566s] Invoked command in '/mnt/ssd/lsgloc_ws/build/semantic_mcl' returned '0': AMENT_PREFIX_PATH=/mnt/ssd/lsgloc_ws/install/semantic_msgs:${AMENT_PREFIX_PATH} CMAKE_PREFIX_PATH=/mnt/ssd/lsgloc_ws/install/semantic_msgs:/opt/ros/humble LD_LIBRARY_PATH=/mnt/ssd/lsgloc_ws/install/semantic_msgs/lib:/usr/local/cuda/lib64:/usr/lib/x86_64-linux-gnu/gazebo-11/plugins:/opt/ros/humble/opt/rviz_ogre_vendor/lib:/opt/ros/humble/lib/x86_64-linux-gnu:/opt/ros/humble/lib:/usr/local/cuda/lib64 PYTHONPATH=/mnt/ssd/lsgloc_ws/install/semantic_msgs/local/lib/python3.10/dist-packages:${PYTHONPATH} /usr/bin/cmake --install /mnt/ssd/lsgloc_ws/build/semantic_mcl
