[0.218s] Invoking command in '/mnt/ssd/lsgloc_ws/build/semantic_mcl': CMAKE_PREFIX_PATH=/mnt/ssd/lsgloc_ws/install/semantic_msgs:/mnt/ssd/lsgloc_ws/install/semantic_mcl:/mnt/ssd/lsgloc_ws/install/bcr_bot:/mnt/ssd/lsgloc_ws/install/test_semantic_mcl:/mnt/ssd/lsgloc_ws/install/obj_detection:/opt/ros/humble LD_LIBRARY_PATH=/mnt/ssd/lsgloc_ws/install/semantic_msgs/lib:/usr/local/cuda/lib64:/usr/lib/x86_64-linux-gnu/gazebo-11/plugins:/opt/ros/humble/opt/rviz_ogre_vendor/lib:/opt/ros/humble/lib/x86_64-linux-gnu:/opt/ros/humble/lib:/usr/local/cuda/lib64 /usr/bin/cmake /mnt/ssd/lsgloc_ws/src/semantic_mcl -DCMAKE_INSTALL_PREFIX=/mnt/ssd/lsgloc_ws/install/semantic_mcl
[0.256s] -- The C compiler identification is GNU 11.4.0
[0.292s] -- The CXX compiler identification is GNU 11.4.0
[0.297s] -- Detecting C compiler ABI info
[0.343s] -- Detecting C compiler ABI info - done
[0.347s] -- Check for working C compiler: /usr/bin/cc - skipped
[0.347s] -- Detecting C compile features
[0.347s] -- Detecting C compile features - done
[0.349s] -- Detecting CXX compiler ABI info
[0.402s] -- Detecting CXX compiler ABI info - done
[0.406s] -- Check for working CXX compiler: /usr/bin/c++ - skipped
[0.406s] -- Detecting CXX compile features
[0.407s] -- Detecting CXX compile features - done
[0.410s] -- Found rclcpp: 16.0.17 (/opt/ros/humble/share/rclcpp/cmake)
[0.820s] -- Found Python3: /usr/bin/python3 (found version "3.10.12") found components: Interpreter 
[0.926s] -- Found rosidl_generator_c: 3.1.8 (/opt/ros/humble/share/rosidl_generator_c/cmake)
[0.930s] -- Found rosidl_adapter: 3.1.8 (/opt/ros/humble/share/rosidl_adapter/cmake)
[0.936s] -- Found rosidl_generator_cpp: 3.1.8 (/opt/ros/humble/share/rosidl_generator_cpp/cmake)
[0.944s] -- Using all available rosidl_typesupport_c: rosidl_typesupport_fastrtps_c;rosidl_typesupport_introspection_c
[0.955s] -- Using all available rosidl_typesupport_cpp: rosidl_typesupport_fastrtps_cpp;rosidl_typesupport_introspection_cpp
[0.996s] -- Found rmw_implementation_cmake: 6.1.2 (/opt/ros/humble/share/rmw_implementation_cmake/cmake)
[0.998s] -- Found rmw_fastrtps_cpp: 6.2.9 (/opt/ros/humble/share/rmw_fastrtps_cpp/cmake)
[1.075s] -- Found OpenSSL: /usr/lib/x86_64-linux-gnu/libcrypto.so (found version "3.0.2")  
[1.096s] -- Found FastRTPS: /opt/ros/humble/include  
[1.129s] -- Using RMW implementation 'rmw_fastrtps_cpp' as default
[1.137s] -- Looking for pthread.h
[1.189s] -- Looking for pthread.h - found
[1.189s] -- Performing Test CMAKE_HAVE_LIBC_PTHREAD
[1.239s] -- Performing Test CMAKE_HAVE_LIBC_PTHREAD - Success
[1.239s] -- Found Threads: TRUE  
[1.279s] -- Found nav_msgs: 4.9.0 (/opt/ros/humble/share/nav_msgs/cmake)
[1.311s] -- Found sensor_msgs: 4.9.0 (/opt/ros/humble/share/sensor_msgs/cmake)
[1.328s] -- Found nlohmann_json: /usr/lib/cmake/nlohmann_json/nlohmann_jsonConfig.cmake (found version "3.10.5") 
[1.328s] -- Found semantic_msgs: 0.0.0 (/mnt/ssd/lsgloc_ws/install/semantic_msgs/share/semantic_msgs/cmake)
[1.338s] -- Found ament_lint_auto: 0.12.14 (/opt/ros/humble/share/ament_lint_auto/cmake)
[1.387s] -- Found ament_cmake_gtest: 1.3.12 (/opt/ros/humble/share/ament_cmake_gtest/cmake)
[1.390s] -- Found gtest sources under '/opt/ros/humble/src/gtest_vendor': C++ tests using 'Google Test' will be built
[1.395s] -- Added test 'cppcheck' to perform static code analysis on C / C++ code
[1.395s] -- Configured cppcheck include dirs: /mnt/ssd/lsgloc_ws/src/semantic_mcl/include
[1.395s] -- Configured cppcheck exclude dirs and/or files: 
[1.396s] -- Added test 'lint_cmake' to check CMake code style
[1.397s] -- Added test 'uncrustify' to check C / C++ code style
[1.397s] -- Configured uncrustify additional arguments: 
[1.397s] -- Added test 'xmllint' to check XML markup files
[1.398s] -- Configuring done
[1.408s] -- Generating done
[1.411s] -- Build files have been written to: /mnt/ssd/lsgloc_ws/build/semantic_mcl
[1.419s] Invoked command in '/mnt/ssd/lsgloc_ws/build/semantic_mcl' returned '0': CMAKE_PREFIX_PATH=/mnt/ssd/lsgloc_ws/install/semantic_msgs:/mnt/ssd/lsgloc_ws/install/semantic_mcl:/mnt/ssd/lsgloc_ws/install/bcr_bot:/mnt/ssd/lsgloc_ws/install/test_semantic_mcl:/mnt/ssd/lsgloc_ws/install/obj_detection:/opt/ros/humble LD_LIBRARY_PATH=/mnt/ssd/lsgloc_ws/install/semantic_msgs/lib:/usr/local/cuda/lib64:/usr/lib/x86_64-linux-gnu/gazebo-11/plugins:/opt/ros/humble/opt/rviz_ogre_vendor/lib:/opt/ros/humble/lib/x86_64-linux-gnu:/opt/ros/humble/lib:/usr/local/cuda/lib64 /usr/bin/cmake /mnt/ssd/lsgloc_ws/src/semantic_mcl -DCMAKE_INSTALL_PREFIX=/mnt/ssd/lsgloc_ws/install/semantic_mcl
[1.420s] Invoking command in '/mnt/ssd/lsgloc_ws/build/semantic_mcl': CMAKE_PREFIX_PATH=/mnt/ssd/lsgloc_ws/install/semantic_msgs:/mnt/ssd/lsgloc_ws/install/semantic_mcl:/mnt/ssd/lsgloc_ws/install/bcr_bot:/mnt/ssd/lsgloc_ws/install/test_semantic_mcl:/mnt/ssd/lsgloc_ws/install/obj_detection:/opt/ros/humble LD_LIBRARY_PATH=/mnt/ssd/lsgloc_ws/install/semantic_msgs/lib:/usr/local/cuda/lib64:/usr/lib/x86_64-linux-gnu/gazebo-11/plugins:/opt/ros/humble/opt/rviz_ogre_vendor/lib:/opt/ros/humble/lib/x86_64-linux-gnu:/opt/ros/humble/lib:/usr/local/cuda/lib64 /usr/bin/cmake --build /mnt/ssd/lsgloc_ws/build/semantic_mcl -- -j16 -l16
[1.454s] [  7%] [32mBuilding CXX object CMakeFiles/semantic_mcl_core.dir/src/beam_model.cpp.o[0m
[1.454s] [ 30%] [32mBuilding CXX object gtest/CMakeFiles/gtest_main.dir/src/gtest_main.cc.o[0m
[1.454s] [ 30%] [32mBuilding CXX object CMakeFiles/semantic_mcl_core.dir/src/motion_model.cpp.o[0m
[1.454s] [ 30%] [32mBuilding CXX object gtest/CMakeFiles/gtest.dir/src/gtest-all.cc.o[0m
[1.454s] [ 38%] [32mBuilding CXX object CMakeFiles/semantic_mcl_core.dir/src/particle_filter.cpp.o[0m
[1.455s] [ 46%] [32mBuilding CXX object CMakeFiles/semantic_mcl_core.dir/src/semantic_model.cpp.o[0m
[1.966s] [ 53%] [32m[1mLinking CXX static library libgtest_main.a[0m
[1.988s] [ 53%] Built target gtest_main
[2.654s] [ 61%] [32m[1mLinking CXX static library libsemantic_mcl_core.a[0m
[2.688s] [ 61%] Built target semantic_mcl_core
[2.702s] [ 69%] [32mBuilding CXX object CMakeFiles/semantic_mcl_node_exec.dir/src/semantic_mcl_node.cpp.o[0m
[3.148s] [ 76%] [32m[1mLinking CXX static library libgtest.a[0m
[3.188s] [ 76%] Built target gtest
[3.201s] [ 84%] [32mBuilding CXX object CMakeFiles/test_semantic_mcl.dir/test/test_semantic_mcl.cpp.o[0m
[3.733s] [ 92%] [32m[1mLinking CXX executable test_semantic_mcl[0m
[3.810s] [ 92%] Built target test_semantic_mcl
[12.012s] [100%] [32m[1mLinking CXX executable semantic_mcl_node_exec[0m
[12.479s] [100%] Built target semantic_mcl_node_exec
[12.487s] Invoked command in '/mnt/ssd/lsgloc_ws/build/semantic_mcl' returned '0': CMAKE_PREFIX_PATH=/mnt/ssd/lsgloc_ws/install/semantic_msgs:/mnt/ssd/lsgloc_ws/install/semantic_mcl:/mnt/ssd/lsgloc_ws/install/bcr_bot:/mnt/ssd/lsgloc_ws/install/test_semantic_mcl:/mnt/ssd/lsgloc_ws/install/obj_detection:/opt/ros/humble LD_LIBRARY_PATH=/mnt/ssd/lsgloc_ws/install/semantic_msgs/lib:/usr/local/cuda/lib64:/usr/lib/x86_64-linux-gnu/gazebo-11/plugins:/opt/ros/humble/opt/rviz_ogre_vendor/lib:/opt/ros/humble/lib/x86_64-linux-gnu:/opt/ros/humble/lib:/usr/local/cuda/lib64 /usr/bin/cmake --build /mnt/ssd/lsgloc_ws/build/semantic_mcl -- -j16 -l16
[12.488s] Invoking command in '/mnt/ssd/lsgloc_ws/build/semantic_mcl': CMAKE_PREFIX_PATH=/mnt/ssd/lsgloc_ws/install/semantic_msgs:/mnt/ssd/lsgloc_ws/install/semantic_mcl:/mnt/ssd/lsgloc_ws/install/bcr_bot:/mnt/ssd/lsgloc_ws/install/test_semantic_mcl:/mnt/ssd/lsgloc_ws/install/obj_detection:/opt/ros/humble LD_LIBRARY_PATH=/mnt/ssd/lsgloc_ws/install/semantic_msgs/lib:/usr/local/cuda/lib64:/usr/lib/x86_64-linux-gnu/gazebo-11/plugins:/opt/ros/humble/opt/rviz_ogre_vendor/lib:/opt/ros/humble/lib/x86_64-linux-gnu:/opt/ros/humble/lib:/usr/local/cuda/lib64 /usr/bin/cmake --install /mnt/ssd/lsgloc_ws/build/semantic_mcl
[12.492s] -- Install configuration: ""
[12.492s] -- Installing: /mnt/ssd/lsgloc_ws/install/semantic_mcl/lib/semantic_mcl/semantic_mcl_node_exec
[12.499s] -- Set runtime path of "/mnt/ssd/lsgloc_ws/install/semantic_mcl/lib/semantic_mcl/semantic_mcl_node_exec" to ""
[12.499s] -- Installing: /mnt/ssd/lsgloc_ws/install/semantic_mcl/share/semantic_mcl/config
[12.500s] -- Installing: /mnt/ssd/lsgloc_ws/install/semantic_mcl/share/semantic_mcl/config/semantic_mcl_params.yaml
[12.500s] -- Installing: /mnt/ssd/lsgloc_ws/install/semantic_mcl/share/ament_index/resource_index/package_run_dependencies/semantic_mcl
[12.500s] -- Installing: /mnt/ssd/lsgloc_ws/install/semantic_mcl/share/ament_index/resource_index/parent_prefix_path/semantic_mcl
[12.500s] -- Installing: /mnt/ssd/lsgloc_ws/install/semantic_mcl/share/semantic_mcl/environment/ament_prefix_path.sh
[12.500s] -- Installing: /mnt/ssd/lsgloc_ws/install/semantic_mcl/share/semantic_mcl/environment/ament_prefix_path.dsv
[12.500s] -- Installing: /mnt/ssd/lsgloc_ws/install/semantic_mcl/share/semantic_mcl/environment/path.sh
[12.500s] -- Installing: /mnt/ssd/lsgloc_ws/install/semantic_mcl/share/semantic_mcl/environment/path.dsv
[12.500s] -- Installing: /mnt/ssd/lsgloc_ws/install/semantic_mcl/share/semantic_mcl/local_setup.bash
[12.500s] -- Installing: /mnt/ssd/lsgloc_ws/install/semantic_mcl/share/semantic_mcl/local_setup.sh
[12.500s] -- Installing: /mnt/ssd/lsgloc_ws/install/semantic_mcl/share/semantic_mcl/local_setup.zsh
[12.500s] -- Installing: /mnt/ssd/lsgloc_ws/install/semantic_mcl/share/semantic_mcl/local_setup.dsv
[12.500s] -- Installing: /mnt/ssd/lsgloc_ws/install/semantic_mcl/share/semantic_mcl/package.dsv
[12.501s] -- Installing: /mnt/ssd/lsgloc_ws/install/semantic_mcl/share/ament_index/resource_index/packages/semantic_mcl
[12.501s] -- Installing: /mnt/ssd/lsgloc_ws/install/semantic_mcl/share/semantic_mcl/cmake/semantic_mclConfig.cmake
[12.501s] -- Installing: /mnt/ssd/lsgloc_ws/install/semantic_mcl/share/semantic_mcl/cmake/semantic_mclConfig-version.cmake
[12.501s] -- Installing: /mnt/ssd/lsgloc_ws/install/semantic_mcl/share/semantic_mcl/package.xml
[12.502s] Invoked command in '/mnt/ssd/lsgloc_ws/build/semantic_mcl' returned '0': CMAKE_PREFIX_PATH=/mnt/ssd/lsgloc_ws/install/semantic_msgs:/mnt/ssd/lsgloc_ws/install/semantic_mcl:/mnt/ssd/lsgloc_ws/install/bcr_bot:/mnt/ssd/lsgloc_ws/install/test_semantic_mcl:/mnt/ssd/lsgloc_ws/install/obj_detection:/opt/ros/humble LD_LIBRARY_PATH=/mnt/ssd/lsgloc_ws/install/semantic_msgs/lib:/usr/local/cuda/lib64:/usr/lib/x86_64-linux-gnu/gazebo-11/plugins:/opt/ros/humble/opt/rviz_ogre_vendor/lib:/opt/ros/humble/lib/x86_64-linux-gnu:/opt/ros/humble/lib:/usr/local/cuda/lib64 /usr/bin/cmake --install /mnt/ssd/lsgloc_ws/build/semantic_mcl
