[0.011s] Invoking command in '/mnt/ssd/lsgloc_ws/build/semantic_mcl': CMAKE_PREFIX_PATH=${CMAKE_PREFIX_PATH}:/mnt/ssd/lsgloc_ws/install/test_semantic_mcl:/mnt/ssd/lsgloc_ws/install/obj_detection:/opt/ros/humble CONDA_PROMPT_MODIFIER=(base) /usr/bin/cmake --build /mnt/ssd/lsgloc_ws/build/semantic_mcl -- -j16 -l16
[0.044s] [ 33%] Built target semantic_mcl_core
[0.044s] [ 50%] Built target gtest_main
[0.046s] [ 66%] Built target gtest
[0.059s] [ 83%] Built target test_semantic_mcl
[0.063s] [100%] Built target semantic_mcl_node_exec
[0.246s] Invoked command in '/mnt/ssd/lsgloc_ws/build/semantic_mcl' returned '0': CMAKE_PREFIX_PATH=${CMAKE_PREFIX_PATH}:/mnt/ssd/lsgloc_ws/install/test_semantic_mcl:/mnt/ssd/lsgloc_ws/install/obj_detection:/opt/ros/humble CONDA_PROMPT_MODIFIER=(base) /usr/bin/cmake --build /mnt/ssd/lsgloc_ws/build/semantic_mcl -- -j16 -l16
[0.247s] Invoking command in '/mnt/ssd/lsgloc_ws/build/semantic_mcl': CMAKE_PREFIX_PATH=${CMAKE_PREFIX_PATH}:/mnt/ssd/lsgloc_ws/install/test_semantic_mcl:/mnt/ssd/lsgloc_ws/install/obj_detection:/opt/ros/humble CONDA_PROMPT_MODIFIER=(base) /usr/bin/cmake --install /mnt/ssd/lsgloc_ws/build/semantic_mcl
[0.259s] -- Install configuration: ""
[0.259s] -- Up-to-date: /mnt/ssd/lsgloc_ws/install/semantic_mcl/lib/semantic_mcl/semantic_mcl_node_exec
[0.259s] -- Up-to-date: /mnt/ssd/lsgloc_ws/install/semantic_mcl/share/ament_index/resource_index/package_run_dependencies/semantic_mcl
[0.259s] -- Up-to-date: /mnt/ssd/lsgloc_ws/install/semantic_mcl/share/ament_index/resource_index/parent_prefix_path/semantic_mcl
[0.259s] -- Up-to-date: /mnt/ssd/lsgloc_ws/install/semantic_mcl/share/semantic_mcl/environment/ament_prefix_path.sh
[0.259s] -- Up-to-date: /mnt/ssd/lsgloc_ws/install/semantic_mcl/share/semantic_mcl/environment/ament_prefix_path.dsv
[0.259s] -- Up-to-date: /mnt/ssd/lsgloc_ws/install/semantic_mcl/share/semantic_mcl/environment/path.sh
[0.259s] -- Up-to-date: /mnt/ssd/lsgloc_ws/install/semantic_mcl/share/semantic_mcl/environment/path.dsv
[0.259s] -- Up-to-date: /mnt/ssd/lsgloc_ws/install/semantic_mcl/share/semantic_mcl/local_setup.bash
[0.259s] -- Up-to-date: /mnt/ssd/lsgloc_ws/install/semantic_mcl/share/semantic_mcl/local_setup.sh
[0.260s] -- Up-to-date: /mnt/ssd/lsgloc_ws/install/semantic_mcl/share/semantic_mcl/local_setup.zsh
[0.260s] -- Up-to-date: /mnt/ssd/lsgloc_ws/install/semantic_mcl/share/semantic_mcl/local_setup.dsv
[0.260s] -- Installing: /mnt/ssd/lsgloc_ws/install/semantic_mcl/share/semantic_mcl/package.dsv
[0.261s] -- Up-to-date: /mnt/ssd/lsgloc_ws/install/semantic_mcl/share/ament_index/resource_index/packages/semantic_mcl
[0.261s] -- Up-to-date: /mnt/ssd/lsgloc_ws/install/semantic_mcl/share/semantic_mcl/cmake/semantic_mclConfig.cmake
[0.261s] -- Up-to-date: /mnt/ssd/lsgloc_ws/install/semantic_mcl/share/semantic_mcl/cmake/semantic_mclConfig-version.cmake
[0.261s] -- Up-to-date: /mnt/ssd/lsgloc_ws/install/semantic_mcl/share/semantic_mcl/package.xml
[0.263s] Invoked command in '/mnt/ssd/lsgloc_ws/build/semantic_mcl' returned '0': CMAKE_PREFIX_PATH=${CMAKE_PREFIX_PATH}:/mnt/ssd/lsgloc_ws/install/test_semantic_mcl:/mnt/ssd/lsgloc_ws/install/obj_detection:/opt/ros/humble CONDA_PROMPT_MODIFIER=(base) /usr/bin/cmake --install /mnt/ssd/lsgloc_ws/build/semantic_mcl
