[0.602s] Invoking command in '/mnt/ssd/lsgloc_ws/src/obj_detection': AMENT_PREFIX_PATH=/mnt/ssd/lsgloc_ws/install/semantic_msgs:${AMENT_PREFIX_PATH} CMAKE_PREFIX_PATH=/mnt/ssd/lsgloc_ws/install/semantic_msgs LD_LIBRARY_PATH=/mnt/ssd/lsgloc_ws/install/semantic_msgs/lib:/usr/local/cuda/lib64:/usr/lib/x86_64-linux-gnu/gazebo-11/plugins:/opt/ros/humble/opt/rviz_ogre_vendor/lib:/opt/ros/humble/lib/x86_64-linux-gnu:/opt/ros/humble/lib:/usr/local/cuda/lib64 PYTHONPATH=/mnt/ssd/lsgloc_ws/build/obj_detection/prefix_override:/usr/lib/python3/dist-packages/colcon_core/task/python/colcon_distutils_commands:/mnt/ssd/lsgloc_ws/install/obj_detection/lib/python3.10/site-packages:/mnt/ssd/lsgloc_ws/install/semantic_msgs/local/lib/python3.10/dist-packages:${PYTHONPATH} /usr/bin/python3 -W ignore:setup.py install is deprecated -W ignore:easy_install command is deprecated setup.py egg_info --egg-base ../../build/obj_detection build --build-base /mnt/ssd/lsgloc_ws/build/obj_detection/build install --record /mnt/ssd/lsgloc_ws/build/obj_detection/install.log --single-version-externally-managed install_data
[0.834s] running egg_info
[0.834s] creating ../../build/obj_detection/obj_detection.egg-info
[0.843s] writing ../../build/obj_detection/obj_detection.egg-info/PKG-INFO
[0.843s] writing dependency_links to ../../build/obj_detection/obj_detection.egg-info/dependency_links.txt
[0.843s] writing entry points to ../../build/obj_detection/obj_detection.egg-info/entry_points.txt
[0.843s] writing requirements to ../../build/obj_detection/obj_detection.egg-info/requires.txt
[0.843s] writing top-level names to ../../build/obj_detection/obj_detection.egg-info/top_level.txt
[0.843s] writing manifest file '../../build/obj_detection/obj_detection.egg-info/SOURCES.txt'
[0.860s] reading manifest file '../../build/obj_detection/obj_detection.egg-info/SOURCES.txt'
[0.860s] writing manifest file '../../build/obj_detection/obj_detection.egg-info/SOURCES.txt'
[0.860s] running build
[0.860s] running build_py
[0.861s] creating /mnt/ssd/lsgloc_ws/build/obj_detection/build
[0.861s] creating /mnt/ssd/lsgloc_ws/build/obj_detection/build/lib
[0.861s] creating /mnt/ssd/lsgloc_ws/build/obj_detection/build/lib/obj_detection
[0.861s] copying obj_detection/__init__.py -> /mnt/ssd/lsgloc_ws/build/obj_detection/build/lib/obj_detection
[0.861s] copying obj_detection/vlm_streaming_detector.py -> /mnt/ssd/lsgloc_ws/build/obj_detection/build/lib/obj_detection
[0.861s] copying obj_detection/yolo_detector.py -> /mnt/ssd/lsgloc_ws/build/obj_detection/build/lib/obj_detection
[0.861s] copying obj_detection/vlm_service_detector.py -> /mnt/ssd/lsgloc_ws/build/obj_detection/build/lib/obj_detection
[0.861s] running install
[0.864s] running install_lib
[0.872s] creating /mnt/ssd/lsgloc_ws/install/obj_detection/lib/python3.10/site-packages/obj_detection
[0.872s] copying /mnt/ssd/lsgloc_ws/build/obj_detection/build/lib/obj_detection/__init__.py -> /mnt/ssd/lsgloc_ws/install/obj_detection/lib/python3.10/site-packages/obj_detection
[0.872s] copying /mnt/ssd/lsgloc_ws/build/obj_detection/build/lib/obj_detection/vlm_streaming_detector.py -> /mnt/ssd/lsgloc_ws/install/obj_detection/lib/python3.10/site-packages/obj_detection
[0.872s] copying /mnt/ssd/lsgloc_ws/build/obj_detection/build/lib/obj_detection/yolo_detector.py -> /mnt/ssd/lsgloc_ws/install/obj_detection/lib/python3.10/site-packages/obj_detection
[0.873s] copying /mnt/ssd/lsgloc_ws/build/obj_detection/build/lib/obj_detection/vlm_service_detector.py -> /mnt/ssd/lsgloc_ws/install/obj_detection/lib/python3.10/site-packages/obj_detection
[0.873s] byte-compiling /mnt/ssd/lsgloc_ws/install/obj_detection/lib/python3.10/site-packages/obj_detection/__init__.py to __init__.cpython-310.pyc
[0.873s] byte-compiling /mnt/ssd/lsgloc_ws/install/obj_detection/lib/python3.10/site-packages/obj_detection/vlm_streaming_detector.py to vlm_streaming_detector.cpython-310.pyc
[0.874s] byte-compiling /mnt/ssd/lsgloc_ws/install/obj_detection/lib/python3.10/site-packages/obj_detection/yolo_detector.py to yolo_detector.cpython-310.pyc
[0.875s] byte-compiling /mnt/ssd/lsgloc_ws/install/obj_detection/lib/python3.10/site-packages/obj_detection/vlm_service_detector.py to vlm_service_detector.cpython-310.pyc
[0.875s] running install_data
[0.875s] creating /mnt/ssd/lsgloc_ws/install/obj_detection/share/ament_index
[0.875s] creating /mnt/ssd/lsgloc_ws/install/obj_detection/share/ament_index/resource_index
[0.875s] creating /mnt/ssd/lsgloc_ws/install/obj_detection/share/ament_index/resource_index/packages
[0.875s] copying resource/obj_detection -> /mnt/ssd/lsgloc_ws/install/obj_detection/share/ament_index/resource_index/packages
[0.875s] copying package.xml -> /mnt/ssd/lsgloc_ws/install/obj_detection/share/obj_detection
[0.875s] running install_egg_info
[0.884s] Copying ../../build/obj_detection/obj_detection.egg-info to /mnt/ssd/lsgloc_ws/install/obj_detection/lib/python3.10/site-packages/obj_detection-0.0.0-py3.10.egg-info
[0.885s] running install_scripts
[0.919s] Installing vlm_service_node script to /mnt/ssd/lsgloc_ws/install/obj_detection/lib/obj_detection
[0.919s] Installing vlm_streaming_node script to /mnt/ssd/lsgloc_ws/install/obj_detection/lib/obj_detection
[0.919s] Installing yolo_node script to /mnt/ssd/lsgloc_ws/install/obj_detection/lib/obj_detection
[0.919s] writing list of installed files to '/mnt/ssd/lsgloc_ws/build/obj_detection/install.log'
[0.939s] Invoked command in '/mnt/ssd/lsgloc_ws/src/obj_detection' returned '0': AMENT_PREFIX_PATH=/mnt/ssd/lsgloc_ws/install/semantic_msgs:${AMENT_PREFIX_PATH} CMAKE_PREFIX_PATH=/mnt/ssd/lsgloc_ws/install/semantic_msgs LD_LIBRARY_PATH=/mnt/ssd/lsgloc_ws/install/semantic_msgs/lib:/usr/local/cuda/lib64:/usr/lib/x86_64-linux-gnu/gazebo-11/plugins:/opt/ros/humble/opt/rviz_ogre_vendor/lib:/opt/ros/humble/lib/x86_64-linux-gnu:/opt/ros/humble/lib:/usr/local/cuda/lib64 PYTHONPATH=/mnt/ssd/lsgloc_ws/build/obj_detection/prefix_override:/usr/lib/python3/dist-packages/colcon_core/task/python/colcon_distutils_commands:/mnt/ssd/lsgloc_ws/install/obj_detection/lib/python3.10/site-packages:/mnt/ssd/lsgloc_ws/install/semantic_msgs/local/lib/python3.10/dist-packages:${PYTHONPATH} /usr/bin/python3 -W ignore:setup.py install is deprecated -W ignore:easy_install command is deprecated setup.py egg_info --egg-base ../../build/obj_detection build --build-base /mnt/ssd/lsgloc_ws/build/obj_detection/build install --record /mnt/ssd/lsgloc_ws/build/obj_detection/install.log --single-version-externally-managed install_data
