[0.254s] Invoking command in '/mnt/ssd/lsgloc_ws/build/yolov5_ros': /usr/bin/cmake /mnt/ssd/lsgloc_ws/hsmcl/ros1_ws/src/yolov5_ros -DCATKIN_INSTALL_INTO_PREFIX_ROOT=0 -DCMAKE_INSTALL_PREFIX=/mnt/ssd/lsgloc_ws/install/yolov5_ros
[0.272s] [31mCMake Error at CMakeLists.txt:10 (find_package):
[0.272s]   By not providing "Findcatkin.cmake" in CMAKE_MODULE_PATH this project has
[0.272s]   asked CMake to find a package configuration file provided by "catkin", but
[0.272s]   CMake did not find one.
[0.272s] 
[0.272s]   Could not find a package configuration file provided by "catkin" with any
[0.272s]   of the following names:
[0.272s] 
[0.272s]     catkinConfig.cmake
[0.272s]     catkin-config.cmake
[0.272s] 
[0.272s]   Add the installation prefix of "catkin" to CMAKE_PREFIX_PATH or set
[0.272s]   "catkin_DIR" to a directory containing one of the above files.  If "catkin"
[0.272s]   provides a separate development package or SDK, be sure it has been
[0.272s]   installed.
[0.272s] 
[0.272s] [0m
[0.272s] -- Configuring incomplete, errors occurred!
[0.272s] See also "/mnt/ssd/lsgloc_ws/build/yolov5_ros/CMakeFiles/CMakeOutput.log".
