[0.219s] Invoking command in '/mnt/ssd/lsgloc_ws/build/semantic_mcl': CMAKE_PREFIX_PATH=/mnt/ssd/lsgloc_ws/install/semantic_msgs:/mnt/ssd/lsgloc_ws/install/semantic_mcl:/mnt/ssd/lsgloc_ws/install/bcr_bot:/mnt/ssd/lsgloc_ws/install/test_semantic_mcl:/mnt/ssd/lsgloc_ws/install/obj_detection:/opt/ros/humble LD_LIBRARY_PATH=/mnt/ssd/lsgloc_ws/install/semantic_msgs/lib:/usr/local/cuda/lib64:/usr/lib/x86_64-linux-gnu/gazebo-11/plugins:/opt/ros/humble/opt/rviz_ogre_vendor/lib:/opt/ros/humble/lib/x86_64-linux-gnu:/opt/ros/humble/lib:/usr/local/cuda/lib64 /usr/bin/cmake /mnt/ssd/lsgloc_ws/src/semantic_mcl -DCMAKE_INSTALL_PREFIX=/mnt/ssd/lsgloc_ws/install/semantic_mcl
[0.255s] -- The C compiler identification is GNU 11.4.0
[0.289s] -- The CXX compiler identification is GNU 11.4.0
[0.294s] -- Detecting C compiler ABI info
[0.339s] -- Detecting C compiler ABI info - done
[0.343s] -- Check for working C compiler: /usr/bin/cc - skipped
[0.343s] -- Detecting C compile features
[0.343s] -- Detecting C compile features - done
[0.345s] -- Detecting CXX compiler ABI info
[0.395s] -- Detecting CXX compiler ABI info - done
[0.399s] -- Check for working CXX compiler: /usr/bin/c++ - skipped
[0.399s] -- Detecting CXX compile features
[0.399s] -- Detecting CXX compile features - done
[0.401s] -- Found rclcpp: 16.0.17 (/opt/ros/humble/share/rclcpp/cmake)
[0.788s] -- Found Python3: /usr/bin/python3 (found version "3.10.12") found components: Interpreter 
[0.883s] -- Found rosidl_generator_c: 3.1.8 (/opt/ros/humble/share/rosidl_generator_c/cmake)
[0.887s] -- Found rosidl_adapter: 3.1.8 (/opt/ros/humble/share/rosidl_adapter/cmake)
[0.893s] -- Found rosidl_generator_cpp: 3.1.8 (/opt/ros/humble/share/rosidl_generator_cpp/cmake)
[0.901s] -- Using all available rosidl_typesupport_c: rosidl_typesupport_fastrtps_c;rosidl_typesupport_introspection_c
[0.911s] -- Using all available rosidl_typesupport_cpp: rosidl_typesupport_fastrtps_cpp;rosidl_typesupport_introspection_cpp
[0.941s] -- Found rmw_implementation_cmake: 6.1.2 (/opt/ros/humble/share/rmw_implementation_cmake/cmake)
[0.943s] -- Found rmw_fastrtps_cpp: 6.2.9 (/opt/ros/humble/share/rmw_fastrtps_cpp/cmake)
[1.006s] -- Found OpenSSL: /usr/lib/x86_64-linux-gnu/libcrypto.so (found version "3.0.2")  
[1.026s] -- Found FastRTPS: /opt/ros/humble/include  
[1.056s] -- Using RMW implementation 'rmw_fastrtps_cpp' as default
[1.063s] -- Looking for pthread.h
[1.110s] -- Looking for pthread.h - found
[1.110s] -- Performing Test CMAKE_HAVE_LIBC_PTHREAD
[1.157s] -- Performing Test CMAKE_HAVE_LIBC_PTHREAD - Success
[1.158s] -- Found Threads: TRUE  
[1.190s] -- Found nav_msgs: 4.9.0 (/opt/ros/humble/share/nav_msgs/cmake)
[1.208s] -- Found sensor_msgs: 4.9.0 (/opt/ros/humble/share/sensor_msgs/cmake)
[1.219s] -- Found nlohmann_json: /usr/lib/cmake/nlohmann_json/nlohmann_jsonConfig.cmake (found version "3.10.5") 
[1.219s] -- Found semantic_msgs: 0.0.0 (/mnt/ssd/lsgloc_ws/install/semantic_msgs/share/semantic_msgs/cmake)
[1.228s] -- Found ament_lint_auto: 0.12.14 (/opt/ros/humble/share/ament_lint_auto/cmake)
[1.274s] -- Found ament_cmake_gtest: 1.3.12 (/opt/ros/humble/share/ament_cmake_gtest/cmake)
[1.276s] -- Found gtest sources under '/opt/ros/humble/src/gtest_vendor': C++ tests using 'Google Test' will be built
[1.280s] -- Added test 'cppcheck' to perform static code analysis on C / C++ code
[1.280s] -- Configured cppcheck include dirs: /mnt/ssd/lsgloc_ws/src/semantic_mcl/include
[1.280s] -- Configured cppcheck exclude dirs and/or files: 
[1.280s] -- Added test 'lint_cmake' to check CMake code style
[1.282s] -- Added test 'uncrustify' to check C / C++ code style
[1.282s] -- Configured uncrustify additional arguments: 
[1.282s] -- Added test 'xmllint' to check XML markup files
[1.283s] -- Configuring done
[1.292s] -- Generating done
[1.295s] -- Build files have been written to: /mnt/ssd/lsgloc_ws/build/semantic_mcl
[1.301s] Invoked command in '/mnt/ssd/lsgloc_ws/build/semantic_mcl' returned '0': CMAKE_PREFIX_PATH=/mnt/ssd/lsgloc_ws/install/semantic_msgs:/mnt/ssd/lsgloc_ws/install/semantic_mcl:/mnt/ssd/lsgloc_ws/install/bcr_bot:/mnt/ssd/lsgloc_ws/install/test_semantic_mcl:/mnt/ssd/lsgloc_ws/install/obj_detection:/opt/ros/humble LD_LIBRARY_PATH=/mnt/ssd/lsgloc_ws/install/semantic_msgs/lib:/usr/local/cuda/lib64:/usr/lib/x86_64-linux-gnu/gazebo-11/plugins:/opt/ros/humble/opt/rviz_ogre_vendor/lib:/opt/ros/humble/lib/x86_64-linux-gnu:/opt/ros/humble/lib:/usr/local/cuda/lib64 /usr/bin/cmake /mnt/ssd/lsgloc_ws/src/semantic_mcl -DCMAKE_INSTALL_PREFIX=/mnt/ssd/lsgloc_ws/install/semantic_mcl
[1.302s] Invoking command in '/mnt/ssd/lsgloc_ws/build/semantic_mcl': CMAKE_PREFIX_PATH=/mnt/ssd/lsgloc_ws/install/semantic_msgs:/mnt/ssd/lsgloc_ws/install/semantic_mcl:/mnt/ssd/lsgloc_ws/install/bcr_bot:/mnt/ssd/lsgloc_ws/install/test_semantic_mcl:/mnt/ssd/lsgloc_ws/install/obj_detection:/opt/ros/humble LD_LIBRARY_PATH=/mnt/ssd/lsgloc_ws/install/semantic_msgs/lib:/usr/local/cuda/lib64:/usr/lib/x86_64-linux-gnu/gazebo-11/plugins:/opt/ros/humble/opt/rviz_ogre_vendor/lib:/opt/ros/humble/lib/x86_64-linux-gnu:/opt/ros/humble/lib:/usr/local/cuda/lib64 /usr/bin/cmake --build /mnt/ssd/lsgloc_ws/build/semantic_mcl -- -j16 -l16
[1.334s] [  7%] [32mBuilding CXX object CMakeFiles/semantic_mcl_core.dir/src/beam_model.cpp.o[0m
[1.334s] [ 23%] [32mBuilding CXX object CMakeFiles/semantic_mcl_core.dir/src/motion_model.cpp.o[0m
[1.334s] [ 23%] [32mBuilding CXX object CMakeFiles/semantic_mcl_core.dir/src/particle_filter.cpp.o[0m
[1.334s] [ 30%] [32mBuilding CXX object CMakeFiles/semantic_mcl_core.dir/src/semantic_model.cpp.o[0m
[1.335s] [ 46%] [32mBuilding CXX object gtest/CMakeFiles/gtest.dir/src/gtest-all.cc.o[0m
[1.335s] [ 46%] [32mBuilding CXX object gtest/CMakeFiles/gtest_main.dir/src/gtest_main.cc.o[0m
[1.800s] [ 53%] [32m[1mLinking CXX static library libgtest_main.a[0m
[1.822s] [ 53%] Built target gtest_main
[2.496s] [ 61%] [32m[1mLinking CXX static library libsemantic_mcl_core.a[0m
[2.532s] [ 61%] Built target semantic_mcl_core
[2.546s] [ 69%] [32mBuilding CXX object CMakeFiles/semantic_mcl_node_exec.dir/src/semantic_mcl_node.cpp.o[0m
[2.941s] [ 76%] [32m[1mLinking CXX static library libgtest.a[0m
[2.980s] [ 76%] Built target gtest
[2.994s] [ 84%] [32mBuilding CXX object CMakeFiles/test_semantic_mcl.dir/test/test_semantic_mcl.cpp.o[0m
[3.524s] [ 92%] [32m[1mLinking CXX executable test_semantic_mcl[0m
[3.600s] [ 92%] Built target test_semantic_mcl
[11.817s] [100%] [32m[1mLinking CXX executable semantic_mcl_node_exec[0m
[12.281s] [100%] Built target semantic_mcl_node_exec
[12.288s] Invoked command in '/mnt/ssd/lsgloc_ws/build/semantic_mcl' returned '0': CMAKE_PREFIX_PATH=/mnt/ssd/lsgloc_ws/install/semantic_msgs:/mnt/ssd/lsgloc_ws/install/semantic_mcl:/mnt/ssd/lsgloc_ws/install/bcr_bot:/mnt/ssd/lsgloc_ws/install/test_semantic_mcl:/mnt/ssd/lsgloc_ws/install/obj_detection:/opt/ros/humble LD_LIBRARY_PATH=/mnt/ssd/lsgloc_ws/install/semantic_msgs/lib:/usr/local/cuda/lib64:/usr/lib/x86_64-linux-gnu/gazebo-11/plugins:/opt/ros/humble/opt/rviz_ogre_vendor/lib:/opt/ros/humble/lib/x86_64-linux-gnu:/opt/ros/humble/lib:/usr/local/cuda/lib64 /usr/bin/cmake --build /mnt/ssd/lsgloc_ws/build/semantic_mcl -- -j16 -l16
[12.289s] Invoking command in '/mnt/ssd/lsgloc_ws/build/semantic_mcl': CMAKE_PREFIX_PATH=/mnt/ssd/lsgloc_ws/install/semantic_msgs:/mnt/ssd/lsgloc_ws/install/semantic_mcl:/mnt/ssd/lsgloc_ws/install/bcr_bot:/mnt/ssd/lsgloc_ws/install/test_semantic_mcl:/mnt/ssd/lsgloc_ws/install/obj_detection:/opt/ros/humble LD_LIBRARY_PATH=/mnt/ssd/lsgloc_ws/install/semantic_msgs/lib:/usr/local/cuda/lib64:/usr/lib/x86_64-linux-gnu/gazebo-11/plugins:/opt/ros/humble/opt/rviz_ogre_vendor/lib:/opt/ros/humble/lib/x86_64-linux-gnu:/opt/ros/humble/lib:/usr/local/cuda/lib64 /usr/bin/cmake --install /mnt/ssd/lsgloc_ws/build/semantic_mcl
[12.293s] -- Install configuration: ""
[12.294s] -- Installing: /mnt/ssd/lsgloc_ws/install/semantic_mcl/lib/semantic_mcl/semantic_mcl_node_exec
[12.301s] -- Set runtime path of "/mnt/ssd/lsgloc_ws/install/semantic_mcl/lib/semantic_mcl/semantic_mcl_node_exec" to ""
[12.301s] -- Installing: /mnt/ssd/lsgloc_ws/install/semantic_mcl/share/ament_index/resource_index/package_run_dependencies/semantic_mcl
[12.301s] -- Installing: /mnt/ssd/lsgloc_ws/install/semantic_mcl/share/ament_index/resource_index/parent_prefix_path/semantic_mcl
[12.301s] -- Installing: /mnt/ssd/lsgloc_ws/install/semantic_mcl/share/semantic_mcl/environment/ament_prefix_path.sh
[12.301s] -- Installing: /mnt/ssd/lsgloc_ws/install/semantic_mcl/share/semantic_mcl/environment/ament_prefix_path.dsv
[12.301s] -- Installing: /mnt/ssd/lsgloc_ws/install/semantic_mcl/share/semantic_mcl/environment/path.sh
[12.301s] -- Installing: /mnt/ssd/lsgloc_ws/install/semantic_mcl/share/semantic_mcl/environment/path.dsv
[12.301s] -- Installing: /mnt/ssd/lsgloc_ws/install/semantic_mcl/share/semantic_mcl/local_setup.bash
[12.302s] -- Installing: /mnt/ssd/lsgloc_ws/install/semantic_mcl/share/semantic_mcl/local_setup.sh
[12.302s] -- Installing: /mnt/ssd/lsgloc_ws/install/semantic_mcl/share/semantic_mcl/local_setup.zsh
[12.302s] -- Installing: /mnt/ssd/lsgloc_ws/install/semantic_mcl/share/semantic_mcl/local_setup.dsv
[12.302s] -- Installing: /mnt/ssd/lsgloc_ws/install/semantic_mcl/share/semantic_mcl/package.dsv
[12.302s] -- Installing: /mnt/ssd/lsgloc_ws/install/semantic_mcl/share/ament_index/resource_index/packages/semantic_mcl
[12.302s] -- Installing: /mnt/ssd/lsgloc_ws/install/semantic_mcl/share/semantic_mcl/cmake/semantic_mclConfig.cmake
[12.302s] -- Installing: /mnt/ssd/lsgloc_ws/install/semantic_mcl/share/semantic_mcl/cmake/semantic_mclConfig-version.cmake
[12.302s] -- Installing: /mnt/ssd/lsgloc_ws/install/semantic_mcl/share/semantic_mcl/package.xml
[12.304s] Invoked command in '/mnt/ssd/lsgloc_ws/build/semantic_mcl' returned '0': CMAKE_PREFIX_PATH=/mnt/ssd/lsgloc_ws/install/semantic_msgs:/mnt/ssd/lsgloc_ws/install/semantic_mcl:/mnt/ssd/lsgloc_ws/install/bcr_bot:/mnt/ssd/lsgloc_ws/install/test_semantic_mcl:/mnt/ssd/lsgloc_ws/install/obj_detection:/opt/ros/humble LD_LIBRARY_PATH=/mnt/ssd/lsgloc_ws/install/semantic_msgs/lib:/usr/local/cuda/lib64:/usr/lib/x86_64-linux-gnu/gazebo-11/plugins:/opt/ros/humble/opt/rviz_ogre_vendor/lib:/opt/ros/humble/lib/x86_64-linux-gnu:/opt/ros/humble/lib:/usr/local/cuda/lib64 /usr/bin/cmake --install /mnt/ssd/lsgloc_ws/build/semantic_mcl
