[0.061s] DEBUG:colcon:Command line arguments: ['/usr/bin/colcon', 'build', '--packages-select', 'semantic_mcl', 'obj_detection']
[0.062s] DEBUG:colcon:Parsed command line arguments: Namespace(log_base=None, log_level=None, verb_name='build', build_base='build', install_base='install', merge_install=False, symlink_install=False, test_result_base=None, continue_on_error=False, executor='parallel', parallel_workers=16, event_handlers=None, ignore_user_meta=False, metas=['./colcon.meta'], base_paths=['.'], packages_ignore=None, packages_ignore_regex=None, paths=None, packages_up_to=None, packages_up_to_regex=None, packages_above=None, packages_above_and_dependencies=None, packages_above_depth=None, packages_select_by_dep=None, packages_skip_by_dep=None, packages_skip_up_to=None, packages_select_build_failed=False, packages_skip_build_finished=False, packages_select_test_failures=False, packages_skip_test_passed=False, packages_select=['semantic_mcl', 'obj_detection'], packages_skip=None, packages_select_regex=None, packages_skip_regex=None, packages_start=None, packages_end=None, allow_overriding=[], cmake_args=None, cmake_target=None, cmake_target_skip_unavailable=False, cmake_clean_cache=False, cmake_clean_first=False, cmake_force_configure=False, ament_cmake_args=None, catkin_cmake_args=None, catkin_skip_building_tests=False, verb_parser=<colcon_defaults.argument_parser.defaults.DefaultArgumentsDecorator object at 0x72149adb0b50>, verb_extension=<colcon_core.verb.build.BuildVerb object at 0x72149adb05b0>, main=<bound method BuildVerb.main of <colcon_core.verb.build.BuildVerb object at 0x72149adb05b0>>)
[0.223s] Level 1:colcon.colcon_core.package_discovery:discover_packages(colcon_meta) check parameters
[0.223s] Level 1:colcon.colcon_core.package_discovery:discover_packages(recursive) check parameters
[0.223s] Level 1:colcon.colcon_core.package_discovery:discover_packages(ignore) check parameters
[0.223s] Level 1:colcon.colcon_core.package_discovery:discover_packages(path) check parameters
[0.223s] Level 1:colcon.colcon_core.package_discovery:discover_packages(colcon_meta) discover
[0.223s] Level 1:colcon.colcon_core.package_discovery:discover_packages(recursive) discover
[0.223s] INFO:colcon.colcon_core.package_discovery:Crawling recursively for packages in '/mnt/ssd/lsgloc_ws'
[0.223s] Level 1:colcon.colcon_core.package_identification:_identify(.) by extensions ['ignore', 'ignore_ament_install']
[0.223s] Level 1:colcon.colcon_core.package_identification:_identify(.) by extension 'ignore'
[0.223s] Level 1:colcon.colcon_core.package_identification:_identify(.) by extension 'ignore_ament_install'
[0.223s] Level 1:colcon.colcon_core.package_identification:_identify(.) by extensions ['colcon_pkg']
[0.223s] Level 1:colcon.colcon_core.package_identification:_identify(.) by extension 'colcon_pkg'
[0.223s] Level 1:colcon.colcon_core.package_identification:_identify(.) by extensions ['colcon_meta']
[0.223s] Level 1:colcon.colcon_core.package_identification:_identify(.) by extension 'colcon_meta'
[0.223s] Level 1:colcon.colcon_core.package_identification:_identify(.) by extensions ['ros']
[0.223s] Level 1:colcon.colcon_core.package_identification:_identify(.) by extension 'ros'
[0.231s] Level 1:colcon.colcon_core.package_identification:_identify(.) by extensions ['cmake', 'python']
[0.231s] Level 1:colcon.colcon_core.package_identification:_identify(.) by extension 'cmake'
[0.231s] Level 1:colcon.colcon_core.package_identification:_identify(.) by extension 'python'
[0.231s] Level 1:colcon.colcon_core.package_identification:_identify(.) by extensions ['python_setup_py']
[0.231s] Level 1:colcon.colcon_core.package_identification:_identify(.) by extension 'python_setup_py'
[0.231s] Level 1:colcon.colcon_core.package_identification:_identify(build) by extensions ['ignore', 'ignore_ament_install']
[0.231s] Level 1:colcon.colcon_core.package_identification:_identify(build) by extension 'ignore'
[0.231s] Level 1:colcon.colcon_core.package_identification:_identify(build) ignored
[0.231s] Level 1:colcon.colcon_core.package_identification:_identify(install) by extensions ['ignore', 'ignore_ament_install']
[0.231s] Level 1:colcon.colcon_core.package_identification:_identify(install) by extension 'ignore'
[0.231s] Level 1:colcon.colcon_core.package_identification:_identify(install) ignored
[0.231s] Level 1:colcon.colcon_core.package_identification:_identify(log) by extensions ['ignore', 'ignore_ament_install']
[0.231s] Level 1:colcon.colcon_core.package_identification:_identify(log) by extension 'ignore'
[0.231s] Level 1:colcon.colcon_core.package_identification:_identify(log) ignored
[0.231s] Level 1:colcon.colcon_core.package_identification:_identify(src) by extensions ['ignore', 'ignore_ament_install']
[0.231s] Level 1:colcon.colcon_core.package_identification:_identify(src) by extension 'ignore'
[0.231s] Level 1:colcon.colcon_core.package_identification:_identify(src) by extension 'ignore_ament_install'
[0.231s] Level 1:colcon.colcon_core.package_identification:_identify(src) by extensions ['colcon_pkg']
[0.231s] Level 1:colcon.colcon_core.package_identification:_identify(src) by extension 'colcon_pkg'
[0.232s] Level 1:colcon.colcon_core.package_identification:_identify(src) by extensions ['colcon_meta']
[0.232s] Level 1:colcon.colcon_core.package_identification:_identify(src) by extension 'colcon_meta'
[0.232s] Level 1:colcon.colcon_core.package_identification:_identify(src) by extensions ['ros']
[0.232s] Level 1:colcon.colcon_core.package_identification:_identify(src) by extension 'ros'
[0.232s] Level 1:colcon.colcon_core.package_identification:_identify(src) by extensions ['cmake', 'python']
[0.232s] Level 1:colcon.colcon_core.package_identification:_identify(src) by extension 'cmake'
[0.232s] Level 1:colcon.colcon_core.package_identification:_identify(src) by extension 'python'
[0.232s] Level 1:colcon.colcon_core.package_identification:_identify(src) by extensions ['python_setup_py']
[0.232s] Level 1:colcon.colcon_core.package_identification:_identify(src) by extension 'python_setup_py'
[0.232s] Level 1:colcon.colcon_core.package_identification:_identify(src/bcr_bot) by extensions ['ignore', 'ignore_ament_install']
[0.232s] Level 1:colcon.colcon_core.package_identification:_identify(src/bcr_bot) by extension 'ignore'
[0.232s] Level 1:colcon.colcon_core.package_identification:_identify(src/bcr_bot) by extension 'ignore_ament_install'
[0.232s] Level 1:colcon.colcon_core.package_identification:_identify(src/bcr_bot) by extensions ['colcon_pkg']
[0.232s] Level 1:colcon.colcon_core.package_identification:_identify(src/bcr_bot) by extension 'colcon_pkg'
[0.232s] Level 1:colcon.colcon_core.package_identification:_identify(src/bcr_bot) by extensions ['colcon_meta']
[0.232s] Level 1:colcon.colcon_core.package_identification:_identify(src/bcr_bot) by extension 'colcon_meta'
[0.232s] Level 1:colcon.colcon_core.package_identification:_identify(src/bcr_bot) by extensions ['ros']
[0.232s] Level 1:colcon.colcon_core.package_identification:_identify(src/bcr_bot) by extension 'ros'
[0.233s] DEBUG:colcon.colcon_core.package_identification:Package 'src/bcr_bot' with type 'ros.ament_cmake' and name 'bcr_bot'
[0.233s] Level 1:colcon.colcon_core.package_identification:_identify(src/obj_detection) by extensions ['ignore', 'ignore_ament_install']
[0.233s] Level 1:colcon.colcon_core.package_identification:_identify(src/obj_detection) by extension 'ignore'
[0.233s] Level 1:colcon.colcon_core.package_identification:_identify(src/obj_detection) by extension 'ignore_ament_install'
[0.233s] Level 1:colcon.colcon_core.package_identification:_identify(src/obj_detection) by extensions ['colcon_pkg']
[0.233s] Level 1:colcon.colcon_core.package_identification:_identify(src/obj_detection) by extension 'colcon_pkg'
[0.233s] Level 1:colcon.colcon_core.package_identification:_identify(src/obj_detection) by extensions ['colcon_meta']
[0.233s] Level 1:colcon.colcon_core.package_identification:_identify(src/obj_detection) by extension 'colcon_meta'
[0.234s] Level 1:colcon.colcon_core.package_identification:_identify(src/obj_detection) by extensions ['ros']
[0.234s] Level 1:colcon.colcon_core.package_identification:_identify(src/obj_detection) by extension 'ros'
[0.234s] DEBUG:colcon.colcon_core.package_identification:Package 'src/obj_detection' with type 'ros.ament_python' and name 'obj_detection'
[0.234s] Level 1:colcon.colcon_core.package_identification:_identify(src/semantic_mcl) by extensions ['ignore', 'ignore_ament_install']
[0.234s] Level 1:colcon.colcon_core.package_identification:_identify(src/semantic_mcl) by extension 'ignore'
[0.234s] Level 1:colcon.colcon_core.package_identification:_identify(src/semantic_mcl) by extension 'ignore_ament_install'
[0.234s] Level 1:colcon.colcon_core.package_identification:_identify(src/semantic_mcl) by extensions ['colcon_pkg']
[0.234s] Level 1:colcon.colcon_core.package_identification:_identify(src/semantic_mcl) by extension 'colcon_pkg'
[0.234s] Level 1:colcon.colcon_core.package_identification:_identify(src/semantic_mcl) by extensions ['colcon_meta']
[0.234s] Level 1:colcon.colcon_core.package_identification:_identify(src/semantic_mcl) by extension 'colcon_meta'
[0.234s] Level 1:colcon.colcon_core.package_identification:_identify(src/semantic_mcl) by extensions ['ros']
[0.234s] Level 1:colcon.colcon_core.package_identification:_identify(src/semantic_mcl) by extension 'ros'
[0.235s] DEBUG:colcon.colcon_core.package_identification:Package 'src/semantic_mcl' with type 'ros.ament_cmake' and name 'semantic_mcl'
[0.235s] Level 1:colcon.colcon_core.package_identification:_identify(src/semantic_msgs) by extensions ['ignore', 'ignore_ament_install']
[0.235s] Level 1:colcon.colcon_core.package_identification:_identify(src/semantic_msgs) by extension 'ignore'
[0.235s] Level 1:colcon.colcon_core.package_identification:_identify(src/semantic_msgs) by extension 'ignore_ament_install'
[0.235s] Level 1:colcon.colcon_core.package_identification:_identify(src/semantic_msgs) by extensions ['colcon_pkg']
[0.235s] Level 1:colcon.colcon_core.package_identification:_identify(src/semantic_msgs) by extension 'colcon_pkg'
[0.235s] Level 1:colcon.colcon_core.package_identification:_identify(src/semantic_msgs) by extensions ['colcon_meta']
[0.235s] Level 1:colcon.colcon_core.package_identification:_identify(src/semantic_msgs) by extension 'colcon_meta'
[0.235s] Level 1:colcon.colcon_core.package_identification:_identify(src/semantic_msgs) by extensions ['ros']
[0.235s] Level 1:colcon.colcon_core.package_identification:_identify(src/semantic_msgs) by extension 'ros'
[0.235s] DEBUG:colcon.colcon_core.package_identification:Package 'src/semantic_msgs' with type 'ros.ament_cmake' and name 'semantic_msgs'
[0.235s] Level 1:colcon.colcon_core.package_identification:_identify(src/test_semantic_mcl) by extensions ['ignore', 'ignore_ament_install']
[0.235s] Level 1:colcon.colcon_core.package_identification:_identify(src/test_semantic_mcl) by extension 'ignore'
[0.235s] Level 1:colcon.colcon_core.package_identification:_identify(src/test_semantic_mcl) by extension 'ignore_ament_install'
[0.235s] Level 1:colcon.colcon_core.package_identification:_identify(src/test_semantic_mcl) by extensions ['colcon_pkg']
[0.235s] Level 1:colcon.colcon_core.package_identification:_identify(src/test_semantic_mcl) by extension 'colcon_pkg'
[0.235s] Level 1:colcon.colcon_core.package_identification:_identify(src/test_semantic_mcl) by extensions ['colcon_meta']
[0.235s] Level 1:colcon.colcon_core.package_identification:_identify(src/test_semantic_mcl) by extension 'colcon_meta'
[0.236s] Level 1:colcon.colcon_core.package_identification:_identify(src/test_semantic_mcl) by extensions ['ros']
[0.236s] Level 1:colcon.colcon_core.package_identification:_identify(src/test_semantic_mcl) by extension 'ros'
[0.236s] DEBUG:colcon.colcon_core.package_identification:Package 'src/test_semantic_mcl' with type 'ros.ament_python' and name 'test_semantic_mcl'
[0.236s] Level 1:colcon.colcon_core.package_discovery:discover_packages(recursive) using defaults
[0.236s] Level 1:colcon.colcon_core.package_discovery:discover_packages(ignore) discover
[0.236s] Level 1:colcon.colcon_core.package_discovery:discover_packages(ignore) using defaults
[0.236s] Level 1:colcon.colcon_core.package_discovery:discover_packages(path) discover
[0.236s] Level 1:colcon.colcon_core.package_discovery:discover_packages(path) using defaults
[0.247s] INFO:colcon.colcon_core.package_selection:Skipping not selected package 'bcr_bot' in 'src/bcr_bot'
[0.247s] INFO:colcon.colcon_core.package_selection:Skipping not selected package 'semantic_msgs' in 'src/semantic_msgs'
[0.247s] INFO:colcon.colcon_core.package_selection:Skipping not selected package 'test_semantic_mcl' in 'src/test_semantic_mcl'
[0.247s] Level 1:colcon.colcon_core.package_discovery:discover_packages(prefix_path) check parameters
[0.247s] Level 1:colcon.colcon_core.package_discovery:discover_packages(prefix_path) discover
[0.249s] DEBUG:colcon.colcon_installed_package_information.package_discovery:Found 450 installed packages in /opt/ros/humble
[0.251s] Level 1:colcon.colcon_core.package_discovery:discover_packages(prefix_path) using defaults
[0.280s] Level 5:colcon.colcon_core.verb:set package 'obj_detection' build argument 'cmake_args' from command line to 'None'
[0.280s] Level 5:colcon.colcon_core.verb:set package 'obj_detection' build argument 'cmake_target' from command line to 'None'
[0.280s] Level 5:colcon.colcon_core.verb:set package 'obj_detection' build argument 'cmake_target_skip_unavailable' from command line to 'False'
[0.280s] Level 5:colcon.colcon_core.verb:set package 'obj_detection' build argument 'cmake_clean_cache' from command line to 'False'
[0.280s] Level 5:colcon.colcon_core.verb:set package 'obj_detection' build argument 'cmake_clean_first' from command line to 'False'
[0.280s] Level 5:colcon.colcon_core.verb:set package 'obj_detection' build argument 'cmake_force_configure' from command line to 'False'
[0.280s] Level 5:colcon.colcon_core.verb:set package 'obj_detection' build argument 'ament_cmake_args' from command line to 'None'
[0.280s] Level 5:colcon.colcon_core.verb:set package 'obj_detection' build argument 'catkin_cmake_args' from command line to 'None'
[0.280s] Level 5:colcon.colcon_core.verb:set package 'obj_detection' build argument 'catkin_skip_building_tests' from command line to 'False'
[0.280s] DEBUG:colcon.colcon_core.verb:Building package 'obj_detection' with the following arguments: {'ament_cmake_args': None, 'build_base': '/mnt/ssd/lsgloc_ws/build/obj_detection', 'catkin_cmake_args': None, 'catkin_skip_building_tests': False, 'cmake_args': None, 'cmake_clean_cache': False, 'cmake_clean_first': False, 'cmake_force_configure': False, 'cmake_target': None, 'cmake_target_skip_unavailable': False, 'install_base': '/mnt/ssd/lsgloc_ws/install/obj_detection', 'merge_install': False, 'path': '/mnt/ssd/lsgloc_ws/src/obj_detection', 'symlink_install': False, 'test_result_base': None}
[0.281s] Level 5:colcon.colcon_core.verb:set package 'semantic_mcl' build argument 'cmake_args' from command line to 'None'
[0.281s] Level 5:colcon.colcon_core.verb:set package 'semantic_mcl' build argument 'cmake_target' from command line to 'None'
[0.281s] Level 5:colcon.colcon_core.verb:set package 'semantic_mcl' build argument 'cmake_target_skip_unavailable' from command line to 'False'
[0.281s] Level 5:colcon.colcon_core.verb:set package 'semantic_mcl' build argument 'cmake_clean_cache' from command line to 'False'
[0.281s] Level 5:colcon.colcon_core.verb:set package 'semantic_mcl' build argument 'cmake_clean_first' from command line to 'False'
[0.281s] Level 5:colcon.colcon_core.verb:set package 'semantic_mcl' build argument 'cmake_force_configure' from command line to 'False'
[0.281s] Level 5:colcon.colcon_core.verb:set package 'semantic_mcl' build argument 'ament_cmake_args' from command line to 'None'
[0.281s] Level 5:colcon.colcon_core.verb:set package 'semantic_mcl' build argument 'catkin_cmake_args' from command line to 'None'
[0.281s] Level 5:colcon.colcon_core.verb:set package 'semantic_mcl' build argument 'catkin_skip_building_tests' from command line to 'False'
[0.281s] DEBUG:colcon.colcon_core.verb:Building package 'semantic_mcl' with the following arguments: {'ament_cmake_args': None, 'build_base': '/mnt/ssd/lsgloc_ws/build/semantic_mcl', 'catkin_cmake_args': None, 'catkin_skip_building_tests': False, 'cmake_args': None, 'cmake_clean_cache': False, 'cmake_clean_first': False, 'cmake_force_configure': False, 'cmake_target': None, 'cmake_target_skip_unavailable': False, 'install_base': '/mnt/ssd/lsgloc_ws/install/semantic_mcl', 'merge_install': False, 'path': '/mnt/ssd/lsgloc_ws/src/semantic_mcl', 'symlink_install': False, 'test_result_base': None}
[0.281s] INFO:colcon.colcon_core.executor:Executing jobs using 'parallel' executor
[0.281s] DEBUG:colcon.colcon_parallel_executor.executor.parallel:run_until_complete
[0.282s] INFO:colcon.colcon_ros.task.ament_python.build:Building ROS package in '/mnt/ssd/lsgloc_ws/src/obj_detection' with build type 'ament_python'
[0.282s] Level 1:colcon.colcon_core.shell:create_environment_hook('obj_detection', 'ament_prefix_path')
[0.283s] INFO:colcon.colcon_core.plugin_system:Skipping extension 'colcon_core.shell.bat': Not used on non-Windows systems
[0.283s] INFO:colcon.colcon_core.shell:Creating environment hook '/mnt/ssd/lsgloc_ws/install/obj_detection/share/obj_detection/hook/ament_prefix_path.ps1'
[0.283s] INFO:colcon.colcon_core.shell:Creating environment descriptor '/mnt/ssd/lsgloc_ws/install/obj_detection/share/obj_detection/hook/ament_prefix_path.dsv'
[0.283s] INFO:colcon.colcon_core.shell:Creating environment hook '/mnt/ssd/lsgloc_ws/install/obj_detection/share/obj_detection/hook/ament_prefix_path.sh'
[0.284s] INFO:colcon.colcon_core.shell:Skip shell extension 'powershell' for command environment: Not usable outside of PowerShell
[0.284s] DEBUG:colcon.colcon_core.shell:Skip shell extension 'dsv' for command environment
[0.286s] INFO:colcon.colcon_ros.task.ament_cmake.build:Building ROS package in '/mnt/ssd/lsgloc_ws/src/semantic_mcl' with build type 'ament_cmake'
[0.286s] INFO:colcon.colcon_cmake.task.cmake.build:Building CMake package in '/mnt/ssd/lsgloc_ws/src/semantic_mcl'
[0.286s] INFO:colcon.colcon_core.shell:Skip shell extension 'powershell' for command environment: Not usable outside of PowerShell
[0.286s] DEBUG:colcon.colcon_core.shell:Skip shell extension 'dsv' for command environment
[0.529s] INFO:colcon.colcon_core.task.python.build:Building Python package in '/mnt/ssd/lsgloc_ws/src/obj_detection'
[0.529s] INFO:colcon.colcon_core.shell:Skip shell extension 'powershell' for command environment: Not usable outside of PowerShell
[0.529s] DEBUG:colcon.colcon_core.shell:Skip shell extension 'dsv' for command environment
[0.534s] DEBUG:colcon.colcon_core.event_handler.log_command:Invoking command in '/mnt/ssd/lsgloc_ws/build/semantic_mcl': AMENT_PREFIX_PATH=/mnt/ssd/lsgloc_ws/install/semantic_msgs:${AMENT_PREFIX_PATH} CMAKE_PREFIX_PATH=/mnt/ssd/lsgloc_ws/install/semantic_msgs:/opt/ros/humble LD_LIBRARY_PATH=/mnt/ssd/lsgloc_ws/install/semantic_msgs/lib:/usr/local/cuda/lib64:/usr/lib/x86_64-linux-gnu/gazebo-11/plugins:/opt/ros/humble/opt/rviz_ogre_vendor/lib:/opt/ros/humble/lib/x86_64-linux-gnu:/opt/ros/humble/lib:/usr/local/cuda/lib64 PYTHONPATH=/mnt/ssd/lsgloc_ws/install/semantic_msgs/local/lib/python3.10/dist-packages:${PYTHONPATH} /usr/bin/cmake --build /mnt/ssd/lsgloc_ws/build/semantic_mcl -- -j16 -l16
[0.922s] DEBUG:colcon.colcon_core.event_handler.log_command:Invoking command in '/mnt/ssd/lsgloc_ws/src/obj_detection': AMENT_PREFIX_PATH=/mnt/ssd/lsgloc_ws/install/semantic_msgs:${AMENT_PREFIX_PATH} CMAKE_PREFIX_PATH=/mnt/ssd/lsgloc_ws/install/semantic_msgs LD_LIBRARY_PATH=/mnt/ssd/lsgloc_ws/install/semantic_msgs/lib:/usr/local/cuda/lib64:/usr/lib/x86_64-linux-gnu/gazebo-11/plugins:/opt/ros/humble/opt/rviz_ogre_vendor/lib:/opt/ros/humble/lib/x86_64-linux-gnu:/opt/ros/humble/lib:/usr/local/cuda/lib64 PYTHONPATH=/mnt/ssd/lsgloc_ws/build/obj_detection/prefix_override:/usr/lib/python3/dist-packages/colcon_core/task/python/colcon_distutils_commands:/mnt/ssd/lsgloc_ws/install/obj_detection/lib/python3.10/site-packages:/mnt/ssd/lsgloc_ws/install/semantic_msgs/local/lib/python3.10/dist-packages:${PYTHONPATH} /usr/bin/python3 -W ignore:setup.py install is deprecated -W ignore:easy_install command is deprecated setup.py egg_info --egg-base ../../build/obj_detection build --build-base /mnt/ssd/lsgloc_ws/build/obj_detection/build install --record /mnt/ssd/lsgloc_ws/build/obj_detection/install.log --single-version-externally-managed install_data
[1.255s] DEBUG:colcon.colcon_core.event_handler.log_command:Invoked command in '/mnt/ssd/lsgloc_ws/src/obj_detection' returned '0': AMENT_PREFIX_PATH=/mnt/ssd/lsgloc_ws/install/semantic_msgs:${AMENT_PREFIX_PATH} CMAKE_PREFIX_PATH=/mnt/ssd/lsgloc_ws/install/semantic_msgs LD_LIBRARY_PATH=/mnt/ssd/lsgloc_ws/install/semantic_msgs/lib:/usr/local/cuda/lib64:/usr/lib/x86_64-linux-gnu/gazebo-11/plugins:/opt/ros/humble/opt/rviz_ogre_vendor/lib:/opt/ros/humble/lib/x86_64-linux-gnu:/opt/ros/humble/lib:/usr/local/cuda/lib64 PYTHONPATH=/mnt/ssd/lsgloc_ws/build/obj_detection/prefix_override:/usr/lib/python3/dist-packages/colcon_core/task/python/colcon_distutils_commands:/mnt/ssd/lsgloc_ws/install/obj_detection/lib/python3.10/site-packages:/mnt/ssd/lsgloc_ws/install/semantic_msgs/local/lib/python3.10/dist-packages:${PYTHONPATH} /usr/bin/python3 -W ignore:setup.py install is deprecated -W ignore:easy_install command is deprecated setup.py egg_info --egg-base ../../build/obj_detection build --build-base /mnt/ssd/lsgloc_ws/build/obj_detection/build install --record /mnt/ssd/lsgloc_ws/build/obj_detection/install.log --single-version-externally-managed install_data
[1.257s] Level 1:colcon.colcon_core.environment:checking '/mnt/ssd/lsgloc_ws/install/obj_detection' for CMake module files
[1.257s] Level 1:colcon.colcon_core.environment:checking '/mnt/ssd/lsgloc_ws/install/obj_detection' for CMake config files
[1.257s] Level 1:colcon.colcon_core.environment:checking '/mnt/ssd/lsgloc_ws/install/obj_detection/lib'
[1.257s] Level 1:colcon.colcon_core.environment:checking '/mnt/ssd/lsgloc_ws/install/obj_detection/bin'
[1.258s] Level 1:colcon.colcon_core.environment:checking '/mnt/ssd/lsgloc_ws/install/obj_detection/lib/pkgconfig/obj_detection.pc'
[1.258s] Level 1:colcon.colcon_core.environment:checking '/mnt/ssd/lsgloc_ws/install/obj_detection/lib/python3.10/site-packages'
[1.258s] Level 1:colcon.colcon_core.shell:create_environment_hook('obj_detection', 'pythonpath')
[1.258s] INFO:colcon.colcon_core.shell:Creating environment hook '/mnt/ssd/lsgloc_ws/install/obj_detection/share/obj_detection/hook/pythonpath.ps1'
[1.258s] INFO:colcon.colcon_core.shell:Creating environment descriptor '/mnt/ssd/lsgloc_ws/install/obj_detection/share/obj_detection/hook/pythonpath.dsv'
[1.258s] INFO:colcon.colcon_core.shell:Creating environment hook '/mnt/ssd/lsgloc_ws/install/obj_detection/share/obj_detection/hook/pythonpath.sh'
[1.259s] Level 1:colcon.colcon_core.environment:checking '/mnt/ssd/lsgloc_ws/install/obj_detection/bin'
[1.259s] Level 1:colcon.colcon_core.environment:create_environment_scripts_only(obj_detection)
[1.259s] INFO:colcon.colcon_core.shell:Creating package script '/mnt/ssd/lsgloc_ws/install/obj_detection/share/obj_detection/package.ps1'
[1.260s] INFO:colcon.colcon_core.shell:Creating package descriptor '/mnt/ssd/lsgloc_ws/install/obj_detection/share/obj_detection/package.dsv'
[1.260s] INFO:colcon.colcon_core.shell:Creating package script '/mnt/ssd/lsgloc_ws/install/obj_detection/share/obj_detection/package.sh'
[1.260s] INFO:colcon.colcon_core.shell:Creating package script '/mnt/ssd/lsgloc_ws/install/obj_detection/share/obj_detection/package.bash'
[1.261s] INFO:colcon.colcon_core.shell:Creating package script '/mnt/ssd/lsgloc_ws/install/obj_detection/share/obj_detection/package.zsh'
[1.261s] Level 1:colcon.colcon_core.environment:create_file_with_runtime_dependencies(/mnt/ssd/lsgloc_ws/install/obj_detection/share/colcon-core/packages/obj_detection)
[10.425s] DEBUG:colcon.colcon_core.event_handler.log_command:Invoked command in '/mnt/ssd/lsgloc_ws/build/semantic_mcl' returned '0': AMENT_PREFIX_PATH=/mnt/ssd/lsgloc_ws/install/semantic_msgs:${AMENT_PREFIX_PATH} CMAKE_PREFIX_PATH=/mnt/ssd/lsgloc_ws/install/semantic_msgs:/opt/ros/humble LD_LIBRARY_PATH=/mnt/ssd/lsgloc_ws/install/semantic_msgs/lib:/usr/local/cuda/lib64:/usr/lib/x86_64-linux-gnu/gazebo-11/plugins:/opt/ros/humble/opt/rviz_ogre_vendor/lib:/opt/ros/humble/lib/x86_64-linux-gnu:/opt/ros/humble/lib:/usr/local/cuda/lib64 PYTHONPATH=/mnt/ssd/lsgloc_ws/install/semantic_msgs/local/lib/python3.10/dist-packages:${PYTHONPATH} /usr/bin/cmake --build /mnt/ssd/lsgloc_ws/build/semantic_mcl -- -j16 -l16
[10.431s] DEBUG:colcon.colcon_core.event_handler.log_command:Invoking command in '/mnt/ssd/lsgloc_ws/build/semantic_mcl': AMENT_PREFIX_PATH=/mnt/ssd/lsgloc_ws/install/semantic_msgs:${AMENT_PREFIX_PATH} CMAKE_PREFIX_PATH=/mnt/ssd/lsgloc_ws/install/semantic_msgs:/opt/ros/humble LD_LIBRARY_PATH=/mnt/ssd/lsgloc_ws/install/semantic_msgs/lib:/usr/local/cuda/lib64:/usr/lib/x86_64-linux-gnu/gazebo-11/plugins:/opt/ros/humble/opt/rviz_ogre_vendor/lib:/opt/ros/humble/lib/x86_64-linux-gnu:/opt/ros/humble/lib:/usr/local/cuda/lib64 PYTHONPATH=/mnt/ssd/lsgloc_ws/install/semantic_msgs/local/lib/python3.10/dist-packages:${PYTHONPATH} /usr/bin/cmake --install /mnt/ssd/lsgloc_ws/build/semantic_mcl
[10.446s] Level 1:colcon.colcon_core.environment:create_environment_scripts_only(semantic_mcl)
[10.447s] Level 1:colcon.colcon_core.environment:checking '/mnt/ssd/lsgloc_ws/install/semantic_mcl' for CMake module files
[10.447s] DEBUG:colcon.colcon_core.event_handler.log_command:Invoked command in '/mnt/ssd/lsgloc_ws/build/semantic_mcl' returned '0': AMENT_PREFIX_PATH=/mnt/ssd/lsgloc_ws/install/semantic_msgs:${AMENT_PREFIX_PATH} CMAKE_PREFIX_PATH=/mnt/ssd/lsgloc_ws/install/semantic_msgs:/opt/ros/humble LD_LIBRARY_PATH=/mnt/ssd/lsgloc_ws/install/semantic_msgs/lib:/usr/local/cuda/lib64:/usr/lib/x86_64-linux-gnu/gazebo-11/plugins:/opt/ros/humble/opt/rviz_ogre_vendor/lib:/opt/ros/humble/lib/x86_64-linux-gnu:/opt/ros/humble/lib:/usr/local/cuda/lib64 PYTHONPATH=/mnt/ssd/lsgloc_ws/install/semantic_msgs/local/lib/python3.10/dist-packages:${PYTHONPATH} /usr/bin/cmake --install /mnt/ssd/lsgloc_ws/build/semantic_mcl
[10.447s] Level 1:colcon.colcon_core.environment:checking '/mnt/ssd/lsgloc_ws/install/semantic_mcl' for CMake config files
[10.447s] Level 1:colcon.colcon_core.shell:create_environment_hook('semantic_mcl', 'cmake_prefix_path')
[10.447s] INFO:colcon.colcon_core.shell:Creating environment hook '/mnt/ssd/lsgloc_ws/install/semantic_mcl/share/semantic_mcl/hook/cmake_prefix_path.ps1'
[10.448s] INFO:colcon.colcon_core.shell:Creating environment descriptor '/mnt/ssd/lsgloc_ws/install/semantic_mcl/share/semantic_mcl/hook/cmake_prefix_path.dsv'
[10.448s] INFO:colcon.colcon_core.shell:Creating environment hook '/mnt/ssd/lsgloc_ws/install/semantic_mcl/share/semantic_mcl/hook/cmake_prefix_path.sh'
[10.448s] Level 1:colcon.colcon_core.environment:checking '/mnt/ssd/lsgloc_ws/install/semantic_mcl/lib'
[10.448s] Level 1:colcon.colcon_core.environment:checking '/mnt/ssd/lsgloc_ws/install/semantic_mcl/bin'
[10.448s] Level 1:colcon.colcon_core.environment:checking '/mnt/ssd/lsgloc_ws/install/semantic_mcl/lib/pkgconfig/semantic_mcl.pc'
[10.448s] Level 1:colcon.colcon_core.environment:checking '/mnt/ssd/lsgloc_ws/install/semantic_mcl/lib/python3.10/site-packages'
[10.449s] Level 1:colcon.colcon_core.environment:checking '/mnt/ssd/lsgloc_ws/install/semantic_mcl/bin'
[10.449s] INFO:colcon.colcon_core.shell:Creating package script '/mnt/ssd/lsgloc_ws/install/semantic_mcl/share/semantic_mcl/package.ps1'
[10.449s] INFO:colcon.colcon_core.shell:Creating package descriptor '/mnt/ssd/lsgloc_ws/install/semantic_mcl/share/semantic_mcl/package.dsv'
[10.449s] INFO:colcon.colcon_core.shell:Creating package script '/mnt/ssd/lsgloc_ws/install/semantic_mcl/share/semantic_mcl/package.sh'
[10.449s] INFO:colcon.colcon_core.shell:Creating package script '/mnt/ssd/lsgloc_ws/install/semantic_mcl/share/semantic_mcl/package.bash'
[10.450s] INFO:colcon.colcon_core.shell:Creating package script '/mnt/ssd/lsgloc_ws/install/semantic_mcl/share/semantic_mcl/package.zsh'
[10.450s] Level 1:colcon.colcon_core.environment:create_file_with_runtime_dependencies(/mnt/ssd/lsgloc_ws/install/semantic_mcl/share/colcon-core/packages/semantic_mcl)
[10.450s] Level 1:colcon.colcon_core.environment:create_environment_scripts_only(semantic_mcl)
[10.450s] Level 1:colcon.colcon_core.environment:checking '/mnt/ssd/lsgloc_ws/install/semantic_mcl' for CMake module files
[10.450s] Level 1:colcon.colcon_core.environment:checking '/mnt/ssd/lsgloc_ws/install/semantic_mcl' for CMake config files
[10.450s] Level 1:colcon.colcon_core.shell:create_environment_hook('semantic_mcl', 'cmake_prefix_path')
[10.451s] INFO:colcon.colcon_core.shell:Creating environment hook '/mnt/ssd/lsgloc_ws/install/semantic_mcl/share/semantic_mcl/hook/cmake_prefix_path.ps1'
[10.451s] INFO:colcon.colcon_core.shell:Creating environment descriptor '/mnt/ssd/lsgloc_ws/install/semantic_mcl/share/semantic_mcl/hook/cmake_prefix_path.dsv'
[10.451s] INFO:colcon.colcon_core.shell:Creating environment hook '/mnt/ssd/lsgloc_ws/install/semantic_mcl/share/semantic_mcl/hook/cmake_prefix_path.sh'
[10.451s] Level 1:colcon.colcon_core.environment:checking '/mnt/ssd/lsgloc_ws/install/semantic_mcl/lib'
[10.451s] Level 1:colcon.colcon_core.environment:checking '/mnt/ssd/lsgloc_ws/install/semantic_mcl/bin'
[10.451s] Level 1:colcon.colcon_core.environment:checking '/mnt/ssd/lsgloc_ws/install/semantic_mcl/lib/pkgconfig/semantic_mcl.pc'
[10.451s] Level 1:colcon.colcon_core.environment:checking '/mnt/ssd/lsgloc_ws/install/semantic_mcl/lib/python3.10/site-packages'
[10.452s] Level 1:colcon.colcon_core.environment:checking '/mnt/ssd/lsgloc_ws/install/semantic_mcl/bin'
[10.452s] INFO:colcon.colcon_core.shell:Creating package script '/mnt/ssd/lsgloc_ws/install/semantic_mcl/share/semantic_mcl/package.ps1'
[10.452s] INFO:colcon.colcon_core.shell:Creating package descriptor '/mnt/ssd/lsgloc_ws/install/semantic_mcl/share/semantic_mcl/package.dsv'
[10.452s] INFO:colcon.colcon_core.shell:Creating package script '/mnt/ssd/lsgloc_ws/install/semantic_mcl/share/semantic_mcl/package.sh'
[10.452s] INFO:colcon.colcon_core.shell:Creating package script '/mnt/ssd/lsgloc_ws/install/semantic_mcl/share/semantic_mcl/package.bash'
[10.453s] INFO:colcon.colcon_core.shell:Creating package script '/mnt/ssd/lsgloc_ws/install/semantic_mcl/share/semantic_mcl/package.zsh'
[10.453s] Level 1:colcon.colcon_core.environment:create_file_with_runtime_dependencies(/mnt/ssd/lsgloc_ws/install/semantic_mcl/share/colcon-core/packages/semantic_mcl)
[10.453s] DEBUG:colcon.colcon_parallel_executor.executor.parallel:closing loop
[10.453s] DEBUG:colcon.colcon_parallel_executor.executor.parallel:loop closed
[10.453s] DEBUG:colcon.colcon_parallel_executor.executor.parallel:run_until_complete finished with '0'
[10.453s] DEBUG:colcon.colcon_core.event_reactor:joining thread
[10.456s] INFO:colcon.colcon_core.plugin_system:Skipping extension 'colcon_notification.desktop_notification.terminal_notifier': Not used on non-Darwin systems
[10.456s] INFO:colcon.colcon_core.plugin_system:Skipping extension 'colcon_notification.desktop_notification.win32': Not used on non-Windows systems
[10.456s] INFO:colcon.colcon_notification.desktop_notification:Sending desktop notification using 'notify2'
[10.463s] DEBUG:colcon.colcon_core.event_reactor:joined thread
[10.463s] INFO:colcon.colcon_core.shell:Creating prefix script '/mnt/ssd/lsgloc_ws/install/local_setup.ps1'
[10.464s] INFO:colcon.colcon_core.shell:Creating prefix util module '/mnt/ssd/lsgloc_ws/install/_local_setup_util_ps1.py'
[10.464s] INFO:colcon.colcon_core.shell:Creating prefix chain script '/mnt/ssd/lsgloc_ws/install/setup.ps1'
[10.465s] INFO:colcon.colcon_core.shell:Creating prefix script '/mnt/ssd/lsgloc_ws/install/local_setup.sh'
[10.465s] INFO:colcon.colcon_core.shell:Creating prefix util module '/mnt/ssd/lsgloc_ws/install/_local_setup_util_sh.py'
[10.465s] INFO:colcon.colcon_core.shell:Creating prefix chain script '/mnt/ssd/lsgloc_ws/install/setup.sh'
[10.466s] INFO:colcon.colcon_core.shell:Creating prefix script '/mnt/ssd/lsgloc_ws/install/local_setup.bash'
[10.466s] INFO:colcon.colcon_core.shell:Creating prefix chain script '/mnt/ssd/lsgloc_ws/install/setup.bash'
[10.466s] INFO:colcon.colcon_core.shell:Creating prefix script '/mnt/ssd/lsgloc_ws/install/local_setup.zsh'
[10.481s] INFO:colcon.colcon_core.shell:Creating prefix chain script '/mnt/ssd/lsgloc_ws/install/setup.zsh'
