[0.056s] DEBUG:colcon:Command line arguments: ['/usr/bin/colcon', 'build']
[0.056s] DEBUG:colcon:Parsed command line arguments: Namespace(log_base=None, log_level=None, verb_name='build', build_base='build', install_base='install', merge_install=False, symlink_install=False, test_result_base=None, continue_on_error=False, executor='parallel', parallel_workers=16, event_handlers=None, ignore_user_meta=False, metas=['./colcon.meta'], base_paths=['.'], packages_ignore=None, packages_ignore_regex=None, paths=None, packages_up_to=None, packages_up_to_regex=None, packages_above=None, packages_above_and_dependencies=None, packages_above_depth=None, packages_select_by_dep=None, packages_skip_by_dep=None, packages_skip_up_to=None, packages_select_build_failed=False, packages_skip_build_finished=False, packages_select_test_failures=False, packages_skip_test_passed=False, packages_select=None, packages_skip=None, packages_select_regex=None, packages_skip_regex=None, packages_start=None, packages_end=None, allow_overriding=[], cmake_args=None, cmake_target=None, cmake_target_skip_unavailable=False, cmake_clean_cache=False, cmake_clean_first=False, cmake_force_configure=False, ament_cmake_args=None, catkin_cmake_args=None, catkin_skip_building_tests=False, verb_parser=<colcon_defaults.argument_parser.defaults.DefaultArgumentsDecorator object at 0x7c84375bd2a0>, verb_extension=<colcon_core.verb.build.BuildVerb object at 0x7c84375bcd00>, main=<bound method BuildVerb.main of <colcon_core.verb.build.BuildVerb object at 0x7c84375bcd00>>)
[0.199s] Level 1:colcon.colcon_core.package_discovery:discover_packages(colcon_meta) check parameters
[0.199s] Level 1:colcon.colcon_core.package_discovery:discover_packages(recursive) check parameters
[0.199s] Level 1:colcon.colcon_core.package_discovery:discover_packages(ignore) check parameters
[0.199s] Level 1:colcon.colcon_core.package_discovery:discover_packages(path) check parameters
[0.199s] Level 1:colcon.colcon_core.package_discovery:discover_packages(colcon_meta) discover
[0.200s] Level 1:colcon.colcon_core.package_discovery:discover_packages(recursive) discover
[0.200s] INFO:colcon.colcon_core.package_discovery:Crawling recursively for packages in '/mnt/ssd/lsgloc_ws'
[0.200s] Level 1:colcon.colcon_core.package_identification:_identify(.) by extensions ['ignore', 'ignore_ament_install']
[0.200s] Level 1:colcon.colcon_core.package_identification:_identify(.) by extension 'ignore'
[0.200s] Level 1:colcon.colcon_core.package_identification:_identify(.) by extension 'ignore_ament_install'
[0.200s] Level 1:colcon.colcon_core.package_identification:_identify(.) by extensions ['colcon_pkg']
[0.200s] Level 1:colcon.colcon_core.package_identification:_identify(.) by extension 'colcon_pkg'
[0.200s] Level 1:colcon.colcon_core.package_identification:_identify(.) by extensions ['colcon_meta']
[0.200s] Level 1:colcon.colcon_core.package_identification:_identify(.) by extension 'colcon_meta'
[0.200s] Level 1:colcon.colcon_core.package_identification:_identify(.) by extensions ['ros']
[0.200s] Level 1:colcon.colcon_core.package_identification:_identify(.) by extension 'ros'
[0.207s] Level 1:colcon.colcon_core.package_identification:_identify(.) by extensions ['cmake', 'python']
[0.207s] Level 1:colcon.colcon_core.package_identification:_identify(.) by extension 'cmake'
[0.207s] Level 1:colcon.colcon_core.package_identification:_identify(.) by extension 'python'
[0.207s] Level 1:colcon.colcon_core.package_identification:_identify(.) by extensions ['python_setup_py']
[0.207s] Level 1:colcon.colcon_core.package_identification:_identify(.) by extension 'python_setup_py'
[0.207s] Level 1:colcon.colcon_core.package_identification:_identify(build) by extensions ['ignore', 'ignore_ament_install']
[0.207s] Level 1:colcon.colcon_core.package_identification:_identify(build) by extension 'ignore'
[0.207s] Level 1:colcon.colcon_core.package_identification:_identify(build) ignored
[0.207s] Level 1:colcon.colcon_core.package_identification:_identify(install) by extensions ['ignore', 'ignore_ament_install']
[0.207s] Level 1:colcon.colcon_core.package_identification:_identify(install) by extension 'ignore'
[0.207s] Level 1:colcon.colcon_core.package_identification:_identify(install) ignored
[0.207s] Level 1:colcon.colcon_core.package_identification:_identify(log) by extensions ['ignore', 'ignore_ament_install']
[0.207s] Level 1:colcon.colcon_core.package_identification:_identify(log) by extension 'ignore'
[0.207s] Level 1:colcon.colcon_core.package_identification:_identify(log) ignored
[0.207s] Level 1:colcon.colcon_core.package_identification:_identify(src) by extensions ['ignore', 'ignore_ament_install']
[0.207s] Level 1:colcon.colcon_core.package_identification:_identify(src) by extension 'ignore'
[0.207s] Level 1:colcon.colcon_core.package_identification:_identify(src) by extension 'ignore_ament_install'
[0.207s] Level 1:colcon.colcon_core.package_identification:_identify(src) by extensions ['colcon_pkg']
[0.207s] Level 1:colcon.colcon_core.package_identification:_identify(src) by extension 'colcon_pkg'
[0.207s] Level 1:colcon.colcon_core.package_identification:_identify(src) by extensions ['colcon_meta']
[0.207s] Level 1:colcon.colcon_core.package_identification:_identify(src) by extension 'colcon_meta'
[0.207s] Level 1:colcon.colcon_core.package_identification:_identify(src) by extensions ['ros']
[0.207s] Level 1:colcon.colcon_core.package_identification:_identify(src) by extension 'ros'
[0.207s] Level 1:colcon.colcon_core.package_identification:_identify(src) by extensions ['cmake', 'python']
[0.207s] Level 1:colcon.colcon_core.package_identification:_identify(src) by extension 'cmake'
[0.207s] Level 1:colcon.colcon_core.package_identification:_identify(src) by extension 'python'
[0.207s] Level 1:colcon.colcon_core.package_identification:_identify(src) by extensions ['python_setup_py']
[0.207s] Level 1:colcon.colcon_core.package_identification:_identify(src) by extension 'python_setup_py'
[0.207s] Level 1:colcon.colcon_core.package_identification:_identify(src/bcr_bot) by extensions ['ignore', 'ignore_ament_install']
[0.207s] Level 1:colcon.colcon_core.package_identification:_identify(src/bcr_bot) by extension 'ignore'
[0.207s] Level 1:colcon.colcon_core.package_identification:_identify(src/bcr_bot) by extension 'ignore_ament_install'
[0.207s] Level 1:colcon.colcon_core.package_identification:_identify(src/bcr_bot) by extensions ['colcon_pkg']
[0.207s] Level 1:colcon.colcon_core.package_identification:_identify(src/bcr_bot) by extension 'colcon_pkg'
[0.207s] Level 1:colcon.colcon_core.package_identification:_identify(src/bcr_bot) by extensions ['colcon_meta']
[0.207s] Level 1:colcon.colcon_core.package_identification:_identify(src/bcr_bot) by extension 'colcon_meta'
[0.207s] Level 1:colcon.colcon_core.package_identification:_identify(src/bcr_bot) by extensions ['ros']
[0.208s] Level 1:colcon.colcon_core.package_identification:_identify(src/bcr_bot) by extension 'ros'
[0.209s] DEBUG:colcon.colcon_core.package_identification:Package 'src/bcr_bot' with type 'ros.ament_cmake' and name 'bcr_bot'
[0.209s] Level 1:colcon.colcon_core.package_identification:_identify(src/obj_detection) by extensions ['ignore', 'ignore_ament_install']
[0.209s] Level 1:colcon.colcon_core.package_identification:_identify(src/obj_detection) by extension 'ignore'
[0.209s] Level 1:colcon.colcon_core.package_identification:_identify(src/obj_detection) by extension 'ignore_ament_install'
[0.209s] Level 1:colcon.colcon_core.package_identification:_identify(src/obj_detection) by extensions ['colcon_pkg']
[0.209s] Level 1:colcon.colcon_core.package_identification:_identify(src/obj_detection) by extension 'colcon_pkg'
[0.209s] Level 1:colcon.colcon_core.package_identification:_identify(src/obj_detection) by extensions ['colcon_meta']
[0.209s] Level 1:colcon.colcon_core.package_identification:_identify(src/obj_detection) by extension 'colcon_meta'
[0.209s] Level 1:colcon.colcon_core.package_identification:_identify(src/obj_detection) by extensions ['ros']
[0.209s] Level 1:colcon.colcon_core.package_identification:_identify(src/obj_detection) by extension 'ros'
[0.209s] DEBUG:colcon.colcon_core.package_identification:Package 'src/obj_detection' with type 'ros.ament_python' and name 'obj_detection'
[0.209s] Level 1:colcon.colcon_core.package_identification:_identify(src/semantic_mcl) by extensions ['ignore', 'ignore_ament_install']
[0.209s] Level 1:colcon.colcon_core.package_identification:_identify(src/semantic_mcl) by extension 'ignore'
[0.209s] Level 1:colcon.colcon_core.package_identification:_identify(src/semantic_mcl) by extension 'ignore_ament_install'
[0.209s] Level 1:colcon.colcon_core.package_identification:_identify(src/semantic_mcl) by extensions ['colcon_pkg']
[0.209s] Level 1:colcon.colcon_core.package_identification:_identify(src/semantic_mcl) by extension 'colcon_pkg'
[0.209s] Level 1:colcon.colcon_core.package_identification:_identify(src/semantic_mcl) by extensions ['colcon_meta']
[0.210s] Level 1:colcon.colcon_core.package_identification:_identify(src/semantic_mcl) by extension 'colcon_meta'
[0.210s] Level 1:colcon.colcon_core.package_identification:_identify(src/semantic_mcl) by extensions ['ros']
[0.210s] Level 1:colcon.colcon_core.package_identification:_identify(src/semantic_mcl) by extension 'ros'
[0.210s] DEBUG:colcon.colcon_core.package_identification:Package 'src/semantic_mcl' with type 'ros.ament_cmake' and name 'semantic_mcl'
[0.210s] Level 1:colcon.colcon_core.package_identification:_identify(src/semantic_msgs) by extensions ['ignore', 'ignore_ament_install']
[0.210s] Level 1:colcon.colcon_core.package_identification:_identify(src/semantic_msgs) by extension 'ignore'
[0.210s] Level 1:colcon.colcon_core.package_identification:_identify(src/semantic_msgs) by extension 'ignore_ament_install'
[0.210s] Level 1:colcon.colcon_core.package_identification:_identify(src/semantic_msgs) by extensions ['colcon_pkg']
[0.210s] Level 1:colcon.colcon_core.package_identification:_identify(src/semantic_msgs) by extension 'colcon_pkg'
[0.210s] Level 1:colcon.colcon_core.package_identification:_identify(src/semantic_msgs) by extensions ['colcon_meta']
[0.210s] Level 1:colcon.colcon_core.package_identification:_identify(src/semantic_msgs) by extension 'colcon_meta'
[0.210s] Level 1:colcon.colcon_core.package_identification:_identify(src/semantic_msgs) by extensions ['ros']
[0.210s] Level 1:colcon.colcon_core.package_identification:_identify(src/semantic_msgs) by extension 'ros'
[0.210s] DEBUG:colcon.colcon_core.package_identification:Package 'src/semantic_msgs' with type 'ros.ament_cmake' and name 'semantic_msgs'
[0.211s] Level 1:colcon.colcon_core.package_identification:_identify(src/test_semantic_mcl) by extensions ['ignore', 'ignore_ament_install']
[0.211s] Level 1:colcon.colcon_core.package_identification:_identify(src/test_semantic_mcl) by extension 'ignore'
[0.211s] Level 1:colcon.colcon_core.package_identification:_identify(src/test_semantic_mcl) by extension 'ignore_ament_install'
[0.211s] Level 1:colcon.colcon_core.package_identification:_identify(src/test_semantic_mcl) by extensions ['colcon_pkg']
[0.211s] Level 1:colcon.colcon_core.package_identification:_identify(src/test_semantic_mcl) by extension 'colcon_pkg'
[0.211s] Level 1:colcon.colcon_core.package_identification:_identify(src/test_semantic_mcl) by extensions ['colcon_meta']
[0.211s] Level 1:colcon.colcon_core.package_identification:_identify(src/test_semantic_mcl) by extension 'colcon_meta'
[0.211s] Level 1:colcon.colcon_core.package_identification:_identify(src/test_semantic_mcl) by extensions ['ros']
[0.211s] Level 1:colcon.colcon_core.package_identification:_identify(src/test_semantic_mcl) by extension 'ros'
[0.211s] DEBUG:colcon.colcon_core.package_identification:Package 'src/test_semantic_mcl' with type 'ros.ament_python' and name 'test_semantic_mcl'
[0.211s] Level 1:colcon.colcon_core.package_discovery:discover_packages(recursive) using defaults
[0.211s] Level 1:colcon.colcon_core.package_discovery:discover_packages(ignore) discover
[0.211s] Level 1:colcon.colcon_core.package_discovery:discover_packages(ignore) using defaults
[0.211s] Level 1:colcon.colcon_core.package_discovery:discover_packages(path) discover
[0.211s] Level 1:colcon.colcon_core.package_discovery:discover_packages(path) using defaults
[0.221s] Level 1:colcon.colcon_core.package_discovery:discover_packages(prefix_path) check parameters
[0.221s] Level 1:colcon.colcon_core.package_discovery:discover_packages(prefix_path) discover
[0.222s] DEBUG:colcon.colcon_installed_package_information.package_discovery:Found 5 installed packages in /mnt/ssd/lsgloc_ws/install
[0.223s] DEBUG:colcon.colcon_installed_package_information.package_discovery:Found 450 installed packages in /opt/ros/humble
[0.224s] Level 1:colcon.colcon_core.package_discovery:discover_packages(prefix_path) using defaults
[0.251s] Level 5:colcon.colcon_core.verb:set package 'bcr_bot' build argument 'cmake_args' from command line to 'None'
[0.251s] Level 5:colcon.colcon_core.verb:set package 'bcr_bot' build argument 'cmake_target' from command line to 'None'
[0.251s] Level 5:colcon.colcon_core.verb:set package 'bcr_bot' build argument 'cmake_target_skip_unavailable' from command line to 'False'
[0.251s] Level 5:colcon.colcon_core.verb:set package 'bcr_bot' build argument 'cmake_clean_cache' from command line to 'False'
[0.251s] Level 5:colcon.colcon_core.verb:set package 'bcr_bot' build argument 'cmake_clean_first' from command line to 'False'
[0.251s] Level 5:colcon.colcon_core.verb:set package 'bcr_bot' build argument 'cmake_force_configure' from command line to 'False'
[0.251s] Level 5:colcon.colcon_core.verb:set package 'bcr_bot' build argument 'ament_cmake_args' from command line to 'None'
[0.251s] Level 5:colcon.colcon_core.verb:set package 'bcr_bot' build argument 'catkin_cmake_args' from command line to 'None'
[0.251s] Level 5:colcon.colcon_core.verb:set package 'bcr_bot' build argument 'catkin_skip_building_tests' from command line to 'False'
[0.251s] DEBUG:colcon.colcon_core.verb:Building package 'bcr_bot' with the following arguments: {'ament_cmake_args': None, 'build_base': '/mnt/ssd/lsgloc_ws/build/bcr_bot', 'catkin_cmake_args': None, 'catkin_skip_building_tests': False, 'cmake_args': None, 'cmake_clean_cache': False, 'cmake_clean_first': False, 'cmake_force_configure': False, 'cmake_target': None, 'cmake_target_skip_unavailable': False, 'install_base': '/mnt/ssd/lsgloc_ws/install/bcr_bot', 'merge_install': False, 'path': '/mnt/ssd/lsgloc_ws/src/bcr_bot', 'symlink_install': False, 'test_result_base': None}
[0.251s] Level 5:colcon.colcon_core.verb:set package 'semantic_msgs' build argument 'cmake_args' from command line to 'None'
[0.251s] Level 5:colcon.colcon_core.verb:set package 'semantic_msgs' build argument 'cmake_target' from command line to 'None'
[0.251s] Level 5:colcon.colcon_core.verb:set package 'semantic_msgs' build argument 'cmake_target_skip_unavailable' from command line to 'False'
[0.251s] Level 5:colcon.colcon_core.verb:set package 'semantic_msgs' build argument 'cmake_clean_cache' from command line to 'False'
[0.251s] Level 5:colcon.colcon_core.verb:set package 'semantic_msgs' build argument 'cmake_clean_first' from command line to 'False'
[0.251s] Level 5:colcon.colcon_core.verb:set package 'semantic_msgs' build argument 'cmake_force_configure' from command line to 'False'
[0.251s] Level 5:colcon.colcon_core.verb:set package 'semantic_msgs' build argument 'ament_cmake_args' from command line to 'None'
[0.251s] Level 5:colcon.colcon_core.verb:set package 'semantic_msgs' build argument 'catkin_cmake_args' from command line to 'None'
[0.251s] Level 5:colcon.colcon_core.verb:set package 'semantic_msgs' build argument 'catkin_skip_building_tests' from command line to 'False'
[0.251s] DEBUG:colcon.colcon_core.verb:Building package 'semantic_msgs' with the following arguments: {'ament_cmake_args': None, 'build_base': '/mnt/ssd/lsgloc_ws/build/semantic_msgs', 'catkin_cmake_args': None, 'catkin_skip_building_tests': False, 'cmake_args': None, 'cmake_clean_cache': False, 'cmake_clean_first': False, 'cmake_force_configure': False, 'cmake_target': None, 'cmake_target_skip_unavailable': False, 'install_base': '/mnt/ssd/lsgloc_ws/install/semantic_msgs', 'merge_install': False, 'path': '/mnt/ssd/lsgloc_ws/src/semantic_msgs', 'symlink_install': False, 'test_result_base': None}
[0.251s] Level 5:colcon.colcon_core.verb:set package 'test_semantic_mcl' build argument 'cmake_args' from command line to 'None'
[0.251s] Level 5:colcon.colcon_core.verb:set package 'test_semantic_mcl' build argument 'cmake_target' from command line to 'None'
[0.251s] Level 5:colcon.colcon_core.verb:set package 'test_semantic_mcl' build argument 'cmake_target_skip_unavailable' from command line to 'False'
[0.251s] Level 5:colcon.colcon_core.verb:set package 'test_semantic_mcl' build argument 'cmake_clean_cache' from command line to 'False'
[0.251s] Level 5:colcon.colcon_core.verb:set package 'test_semantic_mcl' build argument 'cmake_clean_first' from command line to 'False'
[0.251s] Level 5:colcon.colcon_core.verb:set package 'test_semantic_mcl' build argument 'cmake_force_configure' from command line to 'False'
[0.251s] Level 5:colcon.colcon_core.verb:set package 'test_semantic_mcl' build argument 'ament_cmake_args' from command line to 'None'
[0.251s] Level 5:colcon.colcon_core.verb:set package 'test_semantic_mcl' build argument 'catkin_cmake_args' from command line to 'None'
[0.251s] Level 5:colcon.colcon_core.verb:set package 'test_semantic_mcl' build argument 'catkin_skip_building_tests' from command line to 'False'
[0.251s] DEBUG:colcon.colcon_core.verb:Building package 'test_semantic_mcl' with the following arguments: {'ament_cmake_args': None, 'build_base': '/mnt/ssd/lsgloc_ws/build/test_semantic_mcl', 'catkin_cmake_args': None, 'catkin_skip_building_tests': False, 'cmake_args': None, 'cmake_clean_cache': False, 'cmake_clean_first': False, 'cmake_force_configure': False, 'cmake_target': None, 'cmake_target_skip_unavailable': False, 'install_base': '/mnt/ssd/lsgloc_ws/install/test_semantic_mcl', 'merge_install': False, 'path': '/mnt/ssd/lsgloc_ws/src/test_semantic_mcl', 'symlink_install': False, 'test_result_base': None}
[0.252s] Level 5:colcon.colcon_core.verb:set package 'obj_detection' build argument 'cmake_args' from command line to 'None'
[0.252s] Level 5:colcon.colcon_core.verb:set package 'obj_detection' build argument 'cmake_target' from command line to 'None'
[0.252s] Level 5:colcon.colcon_core.verb:set package 'obj_detection' build argument 'cmake_target_skip_unavailable' from command line to 'False'
[0.252s] Level 5:colcon.colcon_core.verb:set package 'obj_detection' build argument 'cmake_clean_cache' from command line to 'False'
[0.252s] Level 5:colcon.colcon_core.verb:set package 'obj_detection' build argument 'cmake_clean_first' from command line to 'False'
[0.252s] Level 5:colcon.colcon_core.verb:set package 'obj_detection' build argument 'cmake_force_configure' from command line to 'False'
[0.252s] Level 5:colcon.colcon_core.verb:set package 'obj_detection' build argument 'ament_cmake_args' from command line to 'None'
[0.252s] Level 5:colcon.colcon_core.verb:set package 'obj_detection' build argument 'catkin_cmake_args' from command line to 'None'
[0.252s] Level 5:colcon.colcon_core.verb:set package 'obj_detection' build argument 'catkin_skip_building_tests' from command line to 'False'
[0.252s] DEBUG:colcon.colcon_core.verb:Building package 'obj_detection' with the following arguments: {'ament_cmake_args': None, 'build_base': '/mnt/ssd/lsgloc_ws/build/obj_detection', 'catkin_cmake_args': None, 'catkin_skip_building_tests': False, 'cmake_args': None, 'cmake_clean_cache': False, 'cmake_clean_first': False, 'cmake_force_configure': False, 'cmake_target': None, 'cmake_target_skip_unavailable': False, 'install_base': '/mnt/ssd/lsgloc_ws/install/obj_detection', 'merge_install': False, 'path': '/mnt/ssd/lsgloc_ws/src/obj_detection', 'symlink_install': False, 'test_result_base': None}
[0.252s] Level 5:colcon.colcon_core.verb:set package 'semantic_mcl' build argument 'cmake_args' from command line to 'None'
[0.252s] Level 5:colcon.colcon_core.verb:set package 'semantic_mcl' build argument 'cmake_target' from command line to 'None'
[0.252s] Level 5:colcon.colcon_core.verb:set package 'semantic_mcl' build argument 'cmake_target_skip_unavailable' from command line to 'False'
[0.252s] Level 5:colcon.colcon_core.verb:set package 'semantic_mcl' build argument 'cmake_clean_cache' from command line to 'False'
[0.252s] Level 5:colcon.colcon_core.verb:set package 'semantic_mcl' build argument 'cmake_clean_first' from command line to 'False'
[0.252s] Level 5:colcon.colcon_core.verb:set package 'semantic_mcl' build argument 'cmake_force_configure' from command line to 'False'
[0.252s] Level 5:colcon.colcon_core.verb:set package 'semantic_mcl' build argument 'ament_cmake_args' from command line to 'None'
[0.252s] Level 5:colcon.colcon_core.verb:set package 'semantic_mcl' build argument 'catkin_cmake_args' from command line to 'None'
[0.252s] Level 5:colcon.colcon_core.verb:set package 'semantic_mcl' build argument 'catkin_skip_building_tests' from command line to 'False'
[0.252s] DEBUG:colcon.colcon_core.verb:Building package 'semantic_mcl' with the following arguments: {'ament_cmake_args': None, 'build_base': '/mnt/ssd/lsgloc_ws/build/semantic_mcl', 'catkin_cmake_args': None, 'catkin_skip_building_tests': False, 'cmake_args': None, 'cmake_clean_cache': False, 'cmake_clean_first': False, 'cmake_force_configure': False, 'cmake_target': None, 'cmake_target_skip_unavailable': False, 'install_base': '/mnt/ssd/lsgloc_ws/install/semantic_mcl', 'merge_install': False, 'path': '/mnt/ssd/lsgloc_ws/src/semantic_mcl', 'symlink_install': False, 'test_result_base': None}
[0.252s] INFO:colcon.colcon_core.executor:Executing jobs using 'parallel' executor
[0.252s] DEBUG:colcon.colcon_parallel_executor.executor.parallel:run_until_complete
[0.253s] INFO:colcon.colcon_ros.task.ament_cmake.build:Building ROS package in '/mnt/ssd/lsgloc_ws/src/semantic_msgs' with build type 'ament_cmake'
[0.253s] INFO:colcon.colcon_cmake.task.cmake.build:Building CMake package in '/mnt/ssd/lsgloc_ws/src/semantic_msgs'
[0.254s] INFO:colcon.colcon_core.plugin_system:Skipping extension 'colcon_core.shell.bat': Not used on non-Windows systems
[0.254s] INFO:colcon.colcon_core.shell:Skip shell extension 'powershell' for command environment: Not usable outside of PowerShell
[0.254s] DEBUG:colcon.colcon_core.shell:Skip shell extension 'dsv' for command environment
[0.256s] INFO:colcon.colcon_ros.task.ament_cmake.build:Building ROS package in '/mnt/ssd/lsgloc_ws/src/bcr_bot' with build type 'ament_cmake'
[0.256s] INFO:colcon.colcon_cmake.task.cmake.build:Building CMake package in '/mnt/ssd/lsgloc_ws/src/bcr_bot'
[0.256s] INFO:colcon.colcon_core.shell:Skip shell extension 'powershell' for command environment: Not usable outside of PowerShell
[0.256s] DEBUG:colcon.colcon_core.shell:Skip shell extension 'dsv' for command environment
[0.259s] INFO:colcon.colcon_ros.task.ament_python.build:Building ROS package in '/mnt/ssd/lsgloc_ws/src/test_semantic_mcl' with build type 'ament_python'
[0.259s] Level 1:colcon.colcon_core.shell:create_environment_hook('test_semantic_mcl', 'ament_prefix_path')
[0.259s] INFO:colcon.colcon_core.shell:Creating environment hook '/mnt/ssd/lsgloc_ws/install/test_semantic_mcl/share/test_semantic_mcl/hook/ament_prefix_path.ps1'
[0.259s] INFO:colcon.colcon_core.shell:Creating environment descriptor '/mnt/ssd/lsgloc_ws/install/test_semantic_mcl/share/test_semantic_mcl/hook/ament_prefix_path.dsv'
[0.259s] INFO:colcon.colcon_core.shell:Creating environment hook '/mnt/ssd/lsgloc_ws/install/test_semantic_mcl/share/test_semantic_mcl/hook/ament_prefix_path.sh'
[0.260s] INFO:colcon.colcon_core.shell:Skip shell extension 'powershell' for command environment: Not usable outside of PowerShell
[0.260s] DEBUG:colcon.colcon_core.shell:Skip shell extension 'dsv' for command environment
[0.264s] DEBUG:colcon.colcon_core.event_handler.log_command:Invoking command in '/mnt/ssd/lsgloc_ws/build/semantic_msgs': CMAKE_PREFIX_PATH=${CMAKE_PREFIX_PATH}:/mnt/ssd/lsgloc_ws/install/test_semantic_mcl:/mnt/ssd/lsgloc_ws/install/obj_detection:/opt/ros/humble /usr/bin/cmake --build /mnt/ssd/lsgloc_ws/build/semantic_msgs -- -j16 -l16
[0.266s] DEBUG:colcon.colcon_core.event_handler.log_command:Invoking command in '/mnt/ssd/lsgloc_ws/build/bcr_bot': CMAKE_PREFIX_PATH=${CMAKE_PREFIX_PATH}:/mnt/ssd/lsgloc_ws/install/test_semantic_mcl:/mnt/ssd/lsgloc_ws/install/obj_detection:/opt/ros/humble /usr/bin/cmake --build /mnt/ssd/lsgloc_ws/build/bcr_bot -- -j16 -l16
[0.496s] INFO:colcon.colcon_core.task.python.build:Building Python package in '/mnt/ssd/lsgloc_ws/src/test_semantic_mcl'
[0.496s] INFO:colcon.colcon_core.shell:Skip shell extension 'powershell' for command environment: Not usable outside of PowerShell
[0.496s] DEBUG:colcon.colcon_core.shell:Skip shell extension 'dsv' for command environment
[0.500s] DEBUG:colcon.colcon_core.event_handler.log_command:Invoked command in '/mnt/ssd/lsgloc_ws/build/bcr_bot' returned '0': CMAKE_PREFIX_PATH=${CMAKE_PREFIX_PATH}:/mnt/ssd/lsgloc_ws/install/test_semantic_mcl:/mnt/ssd/lsgloc_ws/install/obj_detection:/opt/ros/humble /usr/bin/cmake --build /mnt/ssd/lsgloc_ws/build/bcr_bot -- -j16 -l16
[0.508s] DEBUG:colcon.colcon_core.event_handler.log_command:Invoking command in '/mnt/ssd/lsgloc_ws/build/bcr_bot': CMAKE_PREFIX_PATH=${CMAKE_PREFIX_PATH}:/mnt/ssd/lsgloc_ws/install/test_semantic_mcl:/mnt/ssd/lsgloc_ws/install/obj_detection:/opt/ros/humble /usr/bin/cmake --install /mnt/ssd/lsgloc_ws/build/bcr_bot
[0.518s] Level 1:colcon.colcon_core.environment:create_environment_scripts_only(bcr_bot)
[0.522s] DEBUG:colcon.colcon_core.event_handler.log_command:Invoked command in '/mnt/ssd/lsgloc_ws/build/bcr_bot' returned '0': CMAKE_PREFIX_PATH=${CMAKE_PREFIX_PATH}:/mnt/ssd/lsgloc_ws/install/test_semantic_mcl:/mnt/ssd/lsgloc_ws/install/obj_detection:/opt/ros/humble /usr/bin/cmake --install /mnt/ssd/lsgloc_ws/build/bcr_bot
[0.523s] Level 1:colcon.colcon_core.environment:checking '/mnt/ssd/lsgloc_ws/install/bcr_bot' for CMake module files
[0.523s] Level 1:colcon.colcon_core.environment:checking '/mnt/ssd/lsgloc_ws/install/bcr_bot' for CMake config files
[0.523s] Level 1:colcon.colcon_core.shell:create_environment_hook('bcr_bot', 'cmake_prefix_path')
[0.524s] INFO:colcon.colcon_core.shell:Creating environment hook '/mnt/ssd/lsgloc_ws/install/bcr_bot/share/bcr_bot/hook/cmake_prefix_path.ps1'
[0.524s] INFO:colcon.colcon_core.shell:Creating environment descriptor '/mnt/ssd/lsgloc_ws/install/bcr_bot/share/bcr_bot/hook/cmake_prefix_path.dsv'
[0.524s] INFO:colcon.colcon_core.shell:Creating environment hook '/mnt/ssd/lsgloc_ws/install/bcr_bot/share/bcr_bot/hook/cmake_prefix_path.sh'
[0.524s] Level 1:colcon.colcon_core.environment:checking '/mnt/ssd/lsgloc_ws/install/bcr_bot/lib'
[0.524s] Level 1:colcon.colcon_core.environment:checking '/mnt/ssd/lsgloc_ws/install/bcr_bot/bin'
[0.524s] Level 1:colcon.colcon_core.environment:checking '/mnt/ssd/lsgloc_ws/install/bcr_bot/lib/pkgconfig/bcr_bot.pc'
[0.525s] Level 1:colcon.colcon_core.environment:checking '/mnt/ssd/lsgloc_ws/install/bcr_bot/lib/python3.10/site-packages'
[0.525s] Level 1:colcon.colcon_core.environment:checking '/mnt/ssd/lsgloc_ws/install/bcr_bot/bin'
[0.525s] INFO:colcon.colcon_core.shell:Creating package script '/mnt/ssd/lsgloc_ws/install/bcr_bot/share/bcr_bot/package.ps1'
[0.525s] INFO:colcon.colcon_core.shell:Creating package descriptor '/mnt/ssd/lsgloc_ws/install/bcr_bot/share/bcr_bot/package.dsv'
[0.526s] INFO:colcon.colcon_core.shell:Creating package script '/mnt/ssd/lsgloc_ws/install/bcr_bot/share/bcr_bot/package.sh'
[0.526s] INFO:colcon.colcon_core.shell:Creating package script '/mnt/ssd/lsgloc_ws/install/bcr_bot/share/bcr_bot/package.bash'
[0.526s] INFO:colcon.colcon_core.shell:Creating package script '/mnt/ssd/lsgloc_ws/install/bcr_bot/share/bcr_bot/package.zsh'
[0.527s] Level 1:colcon.colcon_core.environment:create_file_with_runtime_dependencies(/mnt/ssd/lsgloc_ws/install/bcr_bot/share/colcon-core/packages/bcr_bot)
[0.527s] Level 1:colcon.colcon_core.environment:create_environment_scripts_only(bcr_bot)
[0.527s] Level 1:colcon.colcon_core.environment:checking '/mnt/ssd/lsgloc_ws/install/bcr_bot' for CMake module files
[0.527s] Level 1:colcon.colcon_core.environment:checking '/mnt/ssd/lsgloc_ws/install/bcr_bot' for CMake config files
[0.527s] Level 1:colcon.colcon_core.shell:create_environment_hook('bcr_bot', 'cmake_prefix_path')
[0.528s] INFO:colcon.colcon_core.shell:Creating environment hook '/mnt/ssd/lsgloc_ws/install/bcr_bot/share/bcr_bot/hook/cmake_prefix_path.ps1'
[0.528s] INFO:colcon.colcon_core.shell:Creating environment descriptor '/mnt/ssd/lsgloc_ws/install/bcr_bot/share/bcr_bot/hook/cmake_prefix_path.dsv'
[0.528s] INFO:colcon.colcon_core.shell:Creating environment hook '/mnt/ssd/lsgloc_ws/install/bcr_bot/share/bcr_bot/hook/cmake_prefix_path.sh'
[0.528s] Level 1:colcon.colcon_core.environment:checking '/mnt/ssd/lsgloc_ws/install/bcr_bot/lib'
[0.528s] Level 1:colcon.colcon_core.environment:checking '/mnt/ssd/lsgloc_ws/install/bcr_bot/bin'
[0.528s] Level 1:colcon.colcon_core.environment:checking '/mnt/ssd/lsgloc_ws/install/bcr_bot/lib/pkgconfig/bcr_bot.pc'
[0.528s] Level 1:colcon.colcon_core.environment:checking '/mnt/ssd/lsgloc_ws/install/bcr_bot/lib/python3.10/site-packages'
[0.529s] Level 1:colcon.colcon_core.environment:checking '/mnt/ssd/lsgloc_ws/install/bcr_bot/bin'
[0.529s] INFO:colcon.colcon_core.shell:Creating package script '/mnt/ssd/lsgloc_ws/install/bcr_bot/share/bcr_bot/package.ps1'
[0.529s] INFO:colcon.colcon_core.shell:Creating package descriptor '/mnt/ssd/lsgloc_ws/install/bcr_bot/share/bcr_bot/package.dsv'
[0.529s] INFO:colcon.colcon_core.shell:Creating package script '/mnt/ssd/lsgloc_ws/install/bcr_bot/share/bcr_bot/package.sh'
[0.529s] INFO:colcon.colcon_core.shell:Creating package script '/mnt/ssd/lsgloc_ws/install/bcr_bot/share/bcr_bot/package.bash'
[0.529s] INFO:colcon.colcon_core.shell:Creating package script '/mnt/ssd/lsgloc_ws/install/bcr_bot/share/bcr_bot/package.zsh'
[0.530s] Level 1:colcon.colcon_core.environment:create_file_with_runtime_dependencies(/mnt/ssd/lsgloc_ws/install/bcr_bot/share/colcon-core/packages/bcr_bot)
[0.594s] DEBUG:colcon.colcon_core.event_handler.log_command:Invoked command in '/mnt/ssd/lsgloc_ws/build/semantic_msgs' returned '0': CMAKE_PREFIX_PATH=${CMAKE_PREFIX_PATH}:/mnt/ssd/lsgloc_ws/install/test_semantic_mcl:/mnt/ssd/lsgloc_ws/install/obj_detection:/opt/ros/humble /usr/bin/cmake --build /mnt/ssd/lsgloc_ws/build/semantic_msgs -- -j16 -l16
[0.595s] DEBUG:colcon.colcon_core.event_handler.log_command:Invoking command in '/mnt/ssd/lsgloc_ws/build/semantic_msgs': CMAKE_PREFIX_PATH=${CMAKE_PREFIX_PATH}:/mnt/ssd/lsgloc_ws/install/test_semantic_mcl:/mnt/ssd/lsgloc_ws/install/obj_detection:/opt/ros/humble /usr/bin/cmake --install /mnt/ssd/lsgloc_ws/build/semantic_msgs
[0.627s] Level 1:colcon.colcon_core.environment:create_environment_scripts_only(semantic_msgs)
[0.628s] Level 1:colcon.colcon_core.environment:checking '/mnt/ssd/lsgloc_ws/install/semantic_msgs' for CMake module files
[0.628s] DEBUG:colcon.colcon_core.event_handler.log_command:Invoked command in '/mnt/ssd/lsgloc_ws/build/semantic_msgs' returned '0': CMAKE_PREFIX_PATH=${CMAKE_PREFIX_PATH}:/mnt/ssd/lsgloc_ws/install/test_semantic_mcl:/mnt/ssd/lsgloc_ws/install/obj_detection:/opt/ros/humble /usr/bin/cmake --install /mnt/ssd/lsgloc_ws/build/semantic_msgs
[0.628s] Level 1:colcon.colcon_core.environment:checking '/mnt/ssd/lsgloc_ws/install/semantic_msgs' for CMake config files
[0.629s] Level 1:colcon.colcon_core.shell:create_environment_hook('semantic_msgs', 'cmake_prefix_path')
[0.629s] INFO:colcon.colcon_core.shell:Creating environment hook '/mnt/ssd/lsgloc_ws/install/semantic_msgs/share/semantic_msgs/hook/cmake_prefix_path.ps1'
[0.629s] INFO:colcon.colcon_core.shell:Creating environment descriptor '/mnt/ssd/lsgloc_ws/install/semantic_msgs/share/semantic_msgs/hook/cmake_prefix_path.dsv'
[0.629s] INFO:colcon.colcon_core.shell:Creating environment hook '/mnt/ssd/lsgloc_ws/install/semantic_msgs/share/semantic_msgs/hook/cmake_prefix_path.sh'
[0.630s] Level 1:colcon.colcon_core.environment:checking '/mnt/ssd/lsgloc_ws/install/semantic_msgs/lib'
[0.630s] Level 1:colcon.colcon_core.shell:create_environment_hook('semantic_msgs', 'ld_library_path_lib')
[0.630s] INFO:colcon.colcon_core.shell:Creating environment hook '/mnt/ssd/lsgloc_ws/install/semantic_msgs/share/semantic_msgs/hook/ld_library_path_lib.ps1'
[0.630s] INFO:colcon.colcon_core.shell:Creating environment descriptor '/mnt/ssd/lsgloc_ws/install/semantic_msgs/share/semantic_msgs/hook/ld_library_path_lib.dsv'
[0.630s] INFO:colcon.colcon_core.shell:Creating environment hook '/mnt/ssd/lsgloc_ws/install/semantic_msgs/share/semantic_msgs/hook/ld_library_path_lib.sh'
[0.630s] Level 1:colcon.colcon_core.environment:checking '/mnt/ssd/lsgloc_ws/install/semantic_msgs/bin'
[0.630s] Level 1:colcon.colcon_core.environment:checking '/mnt/ssd/lsgloc_ws/install/semantic_msgs/lib/pkgconfig/semantic_msgs.pc'
[0.631s] Level 1:colcon.colcon_core.environment:checking '/mnt/ssd/lsgloc_ws/install/semantic_msgs/lib/python3.10/site-packages'
[0.631s] Level 1:colcon.colcon_core.environment:checking '/mnt/ssd/lsgloc_ws/install/semantic_msgs/bin'
[0.631s] INFO:colcon.colcon_core.shell:Creating package script '/mnt/ssd/lsgloc_ws/install/semantic_msgs/share/semantic_msgs/package.ps1'
[0.631s] INFO:colcon.colcon_core.shell:Creating package descriptor '/mnt/ssd/lsgloc_ws/install/semantic_msgs/share/semantic_msgs/package.dsv'
[0.631s] INFO:colcon.colcon_core.shell:Creating package script '/mnt/ssd/lsgloc_ws/install/semantic_msgs/share/semantic_msgs/package.sh'
[0.631s] INFO:colcon.colcon_core.shell:Creating package script '/mnt/ssd/lsgloc_ws/install/semantic_msgs/share/semantic_msgs/package.bash'
[0.632s] INFO:colcon.colcon_core.shell:Creating package script '/mnt/ssd/lsgloc_ws/install/semantic_msgs/share/semantic_msgs/package.zsh'
[0.632s] Level 1:colcon.colcon_core.environment:create_file_with_runtime_dependencies(/mnt/ssd/lsgloc_ws/install/semantic_msgs/share/colcon-core/packages/semantic_msgs)
[0.632s] Level 1:colcon.colcon_core.environment:create_environment_scripts_only(semantic_msgs)
[0.632s] Level 1:colcon.colcon_core.environment:checking '/mnt/ssd/lsgloc_ws/install/semantic_msgs' for CMake module files
[0.633s] Level 1:colcon.colcon_core.environment:checking '/mnt/ssd/lsgloc_ws/install/semantic_msgs' for CMake config files
[0.633s] Level 1:colcon.colcon_core.shell:create_environment_hook('semantic_msgs', 'cmake_prefix_path')
[0.633s] INFO:colcon.colcon_core.shell:Creating environment hook '/mnt/ssd/lsgloc_ws/install/semantic_msgs/share/semantic_msgs/hook/cmake_prefix_path.ps1'
[0.633s] INFO:colcon.colcon_core.shell:Creating environment descriptor '/mnt/ssd/lsgloc_ws/install/semantic_msgs/share/semantic_msgs/hook/cmake_prefix_path.dsv'
[0.633s] INFO:colcon.colcon_core.shell:Creating environment hook '/mnt/ssd/lsgloc_ws/install/semantic_msgs/share/semantic_msgs/hook/cmake_prefix_path.sh'
[0.634s] Level 1:colcon.colcon_core.environment:checking '/mnt/ssd/lsgloc_ws/install/semantic_msgs/lib'
[0.634s] Level 1:colcon.colcon_core.shell:create_environment_hook('semantic_msgs', 'ld_library_path_lib')
[0.634s] INFO:colcon.colcon_core.shell:Creating environment hook '/mnt/ssd/lsgloc_ws/install/semantic_msgs/share/semantic_msgs/hook/ld_library_path_lib.ps1'
[0.634s] INFO:colcon.colcon_core.shell:Creating environment descriptor '/mnt/ssd/lsgloc_ws/install/semantic_msgs/share/semantic_msgs/hook/ld_library_path_lib.dsv'
[0.634s] INFO:colcon.colcon_core.shell:Creating environment hook '/mnt/ssd/lsgloc_ws/install/semantic_msgs/share/semantic_msgs/hook/ld_library_path_lib.sh'
[0.634s] Level 1:colcon.colcon_core.environment:checking '/mnt/ssd/lsgloc_ws/install/semantic_msgs/bin'
[0.634s] Level 1:colcon.colcon_core.environment:checking '/mnt/ssd/lsgloc_ws/install/semantic_msgs/lib/pkgconfig/semantic_msgs.pc'
[0.634s] Level 1:colcon.colcon_core.environment:checking '/mnt/ssd/lsgloc_ws/install/semantic_msgs/lib/python3.10/site-packages'
[0.634s] Level 1:colcon.colcon_core.environment:checking '/mnt/ssd/lsgloc_ws/install/semantic_msgs/bin'
[0.635s] INFO:colcon.colcon_core.shell:Creating package script '/mnt/ssd/lsgloc_ws/install/semantic_msgs/share/semantic_msgs/package.ps1'
[0.635s] INFO:colcon.colcon_core.shell:Creating package descriptor '/mnt/ssd/lsgloc_ws/install/semantic_msgs/share/semantic_msgs/package.dsv'
[0.635s] INFO:colcon.colcon_core.shell:Creating package script '/mnt/ssd/lsgloc_ws/install/semantic_msgs/share/semantic_msgs/package.sh'
[0.635s] INFO:colcon.colcon_core.shell:Creating package script '/mnt/ssd/lsgloc_ws/install/semantic_msgs/share/semantic_msgs/package.bash'
[0.636s] INFO:colcon.colcon_core.shell:Creating package script '/mnt/ssd/lsgloc_ws/install/semantic_msgs/share/semantic_msgs/package.zsh'
[0.636s] Level 1:colcon.colcon_core.environment:create_file_with_runtime_dependencies(/mnt/ssd/lsgloc_ws/install/semantic_msgs/share/colcon-core/packages/semantic_msgs)
[0.636s] INFO:colcon.colcon_ros.task.ament_python.build:Building ROS package in '/mnt/ssd/lsgloc_ws/src/obj_detection' with build type 'ament_python'
[0.636s] Level 1:colcon.colcon_core.shell:create_environment_hook('obj_detection', 'ament_prefix_path')
[0.636s] INFO:colcon.colcon_core.shell:Creating environment hook '/mnt/ssd/lsgloc_ws/install/obj_detection/share/obj_detection/hook/ament_prefix_path.ps1'
[0.636s] INFO:colcon.colcon_core.shell:Creating environment descriptor '/mnt/ssd/lsgloc_ws/install/obj_detection/share/obj_detection/hook/ament_prefix_path.dsv'
[0.637s] INFO:colcon.colcon_core.shell:Creating environment hook '/mnt/ssd/lsgloc_ws/install/obj_detection/share/obj_detection/hook/ament_prefix_path.sh'
[0.637s] INFO:colcon.colcon_core.shell:Skip shell extension 'powershell' for command environment: Not usable outside of PowerShell
[0.637s] DEBUG:colcon.colcon_core.shell:Skip shell extension 'dsv' for command environment
[0.639s] INFO:colcon.colcon_ros.task.ament_cmake.build:Building ROS package in '/mnt/ssd/lsgloc_ws/src/semantic_mcl' with build type 'ament_cmake'
[0.639s] INFO:colcon.colcon_cmake.task.cmake.build:Building CMake package in '/mnt/ssd/lsgloc_ws/src/semantic_mcl'
[0.639s] INFO:colcon.colcon_core.shell:Skip shell extension 'powershell' for command environment: Not usable outside of PowerShell
[0.639s] DEBUG:colcon.colcon_core.shell:Skip shell extension 'dsv' for command environment
[0.858s] INFO:colcon.colcon_core.task.python.build:Building Python package in '/mnt/ssd/lsgloc_ws/src/obj_detection'
[0.858s] INFO:colcon.colcon_core.shell:Skip shell extension 'powershell' for command environment: Not usable outside of PowerShell
[0.858s] DEBUG:colcon.colcon_core.shell:Skip shell extension 'dsv' for command environment
[0.862s] DEBUG:colcon.colcon_core.event_handler.log_command:Invoking command in '/mnt/ssd/lsgloc_ws/build/semantic_mcl': CMAKE_PREFIX_PATH=/mnt/ssd/lsgloc_ws/install/semantic_msgs:/mnt/ssd/lsgloc_ws/install/semantic_mcl:/mnt/ssd/lsgloc_ws/install/bcr_bot:/mnt/ssd/lsgloc_ws/install/test_semantic_mcl:/mnt/ssd/lsgloc_ws/install/obj_detection:/opt/ros/humble LD_LIBRARY_PATH=/mnt/ssd/lsgloc_ws/install/semantic_msgs/lib:/usr/local/cuda/lib64:/usr/lib/x86_64-linux-gnu/gazebo-11/plugins:/opt/ros/humble/opt/rviz_ogre_vendor/lib:/opt/ros/humble/lib/x86_64-linux-gnu:/opt/ros/humble/lib:/usr/local/cuda/lib64 /usr/bin/cmake --build /mnt/ssd/lsgloc_ws/build/semantic_mcl -- -j16 -l16
[0.890s] DEBUG:colcon.colcon_core.event_handler.log_command:Invoking command in '/mnt/ssd/lsgloc_ws/src/test_semantic_mcl': PYTHONPATH=/mnt/ssd/lsgloc_ws/build/test_semantic_mcl/prefix_override:/usr/lib/python3/dist-packages/colcon_core/task/python/colcon_distutils_commands:/mnt/ssd/lsgloc_ws/install/test_semantic_mcl/lib/python3.10/site-packages:${PYTHONPATH} /usr/bin/python3 -W ignore:setup.py install is deprecated -W ignore:easy_install command is deprecated setup.py egg_info --egg-base ../../build/test_semantic_mcl build --build-base /mnt/ssd/lsgloc_ws/build/test_semantic_mcl/build install --record /mnt/ssd/lsgloc_ws/build/test_semantic_mcl/install.log --single-version-externally-managed install_data
[1.224s] Level 1:colcon.colcon_core.environment:checking '/mnt/ssd/lsgloc_ws/install/test_semantic_mcl' for CMake module files
[1.224s] DEBUG:colcon.colcon_core.event_handler.log_command:Invoked command in '/mnt/ssd/lsgloc_ws/src/test_semantic_mcl' returned '0': PYTHONPATH=/mnt/ssd/lsgloc_ws/build/test_semantic_mcl/prefix_override:/usr/lib/python3/dist-packages/colcon_core/task/python/colcon_distutils_commands:/mnt/ssd/lsgloc_ws/install/test_semantic_mcl/lib/python3.10/site-packages:${PYTHONPATH} /usr/bin/python3 -W ignore:setup.py install is deprecated -W ignore:easy_install command is deprecated setup.py egg_info --egg-base ../../build/test_semantic_mcl build --build-base /mnt/ssd/lsgloc_ws/build/test_semantic_mcl/build install --record /mnt/ssd/lsgloc_ws/build/test_semantic_mcl/install.log --single-version-externally-managed install_data
[1.224s] Level 1:colcon.colcon_core.environment:checking '/mnt/ssd/lsgloc_ws/install/test_semantic_mcl' for CMake config files
[1.225s] Level 1:colcon.colcon_core.environment:checking '/mnt/ssd/lsgloc_ws/install/test_semantic_mcl/lib'
[1.225s] Level 1:colcon.colcon_core.environment:checking '/mnt/ssd/lsgloc_ws/install/test_semantic_mcl/bin'
[1.225s] Level 1:colcon.colcon_core.environment:checking '/mnt/ssd/lsgloc_ws/install/test_semantic_mcl/lib/pkgconfig/test_semantic_mcl.pc'
[1.225s] Level 1:colcon.colcon_core.environment:checking '/mnt/ssd/lsgloc_ws/install/test_semantic_mcl/lib/python3.10/site-packages'
[1.225s] Level 1:colcon.colcon_core.shell:create_environment_hook('test_semantic_mcl', 'pythonpath')
[1.225s] INFO:colcon.colcon_core.shell:Creating environment hook '/mnt/ssd/lsgloc_ws/install/test_semantic_mcl/share/test_semantic_mcl/hook/pythonpath.ps1'
[1.225s] INFO:colcon.colcon_core.shell:Creating environment descriptor '/mnt/ssd/lsgloc_ws/install/test_semantic_mcl/share/test_semantic_mcl/hook/pythonpath.dsv'
[1.225s] INFO:colcon.colcon_core.shell:Creating environment hook '/mnt/ssd/lsgloc_ws/install/test_semantic_mcl/share/test_semantic_mcl/hook/pythonpath.sh'
[1.226s] Level 1:colcon.colcon_core.environment:checking '/mnt/ssd/lsgloc_ws/install/test_semantic_mcl/bin'
[1.226s] Level 1:colcon.colcon_core.environment:create_environment_scripts_only(test_semantic_mcl)
[1.226s] INFO:colcon.colcon_core.shell:Creating package script '/mnt/ssd/lsgloc_ws/install/test_semantic_mcl/share/test_semantic_mcl/package.ps1'
[1.226s] INFO:colcon.colcon_core.shell:Creating package descriptor '/mnt/ssd/lsgloc_ws/install/test_semantic_mcl/share/test_semantic_mcl/package.dsv'
[1.226s] INFO:colcon.colcon_core.shell:Creating package script '/mnt/ssd/lsgloc_ws/install/test_semantic_mcl/share/test_semantic_mcl/package.sh'
[1.227s] INFO:colcon.colcon_core.shell:Creating package script '/mnt/ssd/lsgloc_ws/install/test_semantic_mcl/share/test_semantic_mcl/package.bash'
[1.227s] INFO:colcon.colcon_core.shell:Creating package script '/mnt/ssd/lsgloc_ws/install/test_semantic_mcl/share/test_semantic_mcl/package.zsh'
[1.227s] Level 1:colcon.colcon_core.environment:create_file_with_runtime_dependencies(/mnt/ssd/lsgloc_ws/install/test_semantic_mcl/share/colcon-core/packages/test_semantic_mcl)
[1.237s] DEBUG:colcon.colcon_core.event_handler.log_command:Invoking command in '/mnt/ssd/lsgloc_ws/src/obj_detection': CMAKE_PREFIX_PATH=/mnt/ssd/lsgloc_ws/install/semantic_msgs:/mnt/ssd/lsgloc_ws/install/semantic_mcl:/mnt/ssd/lsgloc_ws/install/bcr_bot LD_LIBRARY_PATH=/mnt/ssd/lsgloc_ws/install/semantic_msgs/lib:/usr/local/cuda/lib64:/usr/lib/x86_64-linux-gnu/gazebo-11/plugins:/opt/ros/humble/opt/rviz_ogre_vendor/lib:/opt/ros/humble/lib/x86_64-linux-gnu:/opt/ros/humble/lib:/usr/local/cuda/lib64 PYTHONPATH=/mnt/ssd/lsgloc_ws/build/obj_detection/prefix_override:/usr/lib/python3/dist-packages/colcon_core/task/python/colcon_distutils_commands:/mnt/ssd/lsgloc_ws/install/obj_detection/lib/python3.10/site-packages:${PYTHONPATH} /usr/bin/python3 -W ignore:setup.py install is deprecated -W ignore:easy_install command is deprecated setup.py egg_info --egg-base ../../build/obj_detection build --build-base /mnt/ssd/lsgloc_ws/build/obj_detection/build install --record /mnt/ssd/lsgloc_ws/build/obj_detection/install.log --single-version-externally-managed install_data
[1.575s] Level 1:colcon.colcon_core.environment:checking '/mnt/ssd/lsgloc_ws/install/obj_detection' for CMake module files
[1.575s] DEBUG:colcon.colcon_core.event_handler.log_command:Invoked command in '/mnt/ssd/lsgloc_ws/src/obj_detection' returned '0': CMAKE_PREFIX_PATH=/mnt/ssd/lsgloc_ws/install/semantic_msgs:/mnt/ssd/lsgloc_ws/install/semantic_mcl:/mnt/ssd/lsgloc_ws/install/bcr_bot LD_LIBRARY_PATH=/mnt/ssd/lsgloc_ws/install/semantic_msgs/lib:/usr/local/cuda/lib64:/usr/lib/x86_64-linux-gnu/gazebo-11/plugins:/opt/ros/humble/opt/rviz_ogre_vendor/lib:/opt/ros/humble/lib/x86_64-linux-gnu:/opt/ros/humble/lib:/usr/local/cuda/lib64 PYTHONPATH=/mnt/ssd/lsgloc_ws/build/obj_detection/prefix_override:/usr/lib/python3/dist-packages/colcon_core/task/python/colcon_distutils_commands:/mnt/ssd/lsgloc_ws/install/obj_detection/lib/python3.10/site-packages:${PYTHONPATH} /usr/bin/python3 -W ignore:setup.py install is deprecated -W ignore:easy_install command is deprecated setup.py egg_info --egg-base ../../build/obj_detection build --build-base /mnt/ssd/lsgloc_ws/build/obj_detection/build install --record /mnt/ssd/lsgloc_ws/build/obj_detection/install.log --single-version-externally-managed install_data
[1.575s] Level 1:colcon.colcon_core.environment:checking '/mnt/ssd/lsgloc_ws/install/obj_detection' for CMake config files
[1.576s] Level 1:colcon.colcon_core.environment:checking '/mnt/ssd/lsgloc_ws/install/obj_detection/lib'
[1.576s] Level 1:colcon.colcon_core.environment:checking '/mnt/ssd/lsgloc_ws/install/obj_detection/bin'
[1.576s] Level 1:colcon.colcon_core.environment:checking '/mnt/ssd/lsgloc_ws/install/obj_detection/lib/pkgconfig/obj_detection.pc'
[1.576s] Level 1:colcon.colcon_core.environment:checking '/mnt/ssd/lsgloc_ws/install/obj_detection/lib/python3.10/site-packages'
[1.576s] Level 1:colcon.colcon_core.shell:create_environment_hook('obj_detection', 'pythonpath')
[1.576s] INFO:colcon.colcon_core.shell:Creating environment hook '/mnt/ssd/lsgloc_ws/install/obj_detection/share/obj_detection/hook/pythonpath.ps1'
[1.576s] INFO:colcon.colcon_core.shell:Creating environment descriptor '/mnt/ssd/lsgloc_ws/install/obj_detection/share/obj_detection/hook/pythonpath.dsv'
[1.576s] INFO:colcon.colcon_core.shell:Creating environment hook '/mnt/ssd/lsgloc_ws/install/obj_detection/share/obj_detection/hook/pythonpath.sh'
[1.577s] Level 1:colcon.colcon_core.environment:checking '/mnt/ssd/lsgloc_ws/install/obj_detection/bin'
[1.577s] Level 1:colcon.colcon_core.environment:create_environment_scripts_only(obj_detection)
[1.577s] INFO:colcon.colcon_core.shell:Creating package script '/mnt/ssd/lsgloc_ws/install/obj_detection/share/obj_detection/package.ps1'
[1.577s] INFO:colcon.colcon_core.shell:Creating package descriptor '/mnt/ssd/lsgloc_ws/install/obj_detection/share/obj_detection/package.dsv'
[1.578s] INFO:colcon.colcon_core.shell:Creating package script '/mnt/ssd/lsgloc_ws/install/obj_detection/share/obj_detection/package.sh'
[1.578s] INFO:colcon.colcon_core.shell:Creating package script '/mnt/ssd/lsgloc_ws/install/obj_detection/share/obj_detection/package.bash'
[1.578s] INFO:colcon.colcon_core.shell:Creating package script '/mnt/ssd/lsgloc_ws/install/obj_detection/share/obj_detection/package.zsh'
[1.578s] Level 1:colcon.colcon_core.environment:create_file_with_runtime_dependencies(/mnt/ssd/lsgloc_ws/install/obj_detection/share/colcon-core/packages/obj_detection)
[11.253s] DEBUG:colcon.colcon_core.event_handler.log_command:Invoked command in '/mnt/ssd/lsgloc_ws/build/semantic_mcl' returned '0': CMAKE_PREFIX_PATH=/mnt/ssd/lsgloc_ws/install/semantic_msgs:/mnt/ssd/lsgloc_ws/install/semantic_mcl:/mnt/ssd/lsgloc_ws/install/bcr_bot:/mnt/ssd/lsgloc_ws/install/test_semantic_mcl:/mnt/ssd/lsgloc_ws/install/obj_detection:/opt/ros/humble LD_LIBRARY_PATH=/mnt/ssd/lsgloc_ws/install/semantic_msgs/lib:/usr/local/cuda/lib64:/usr/lib/x86_64-linux-gnu/gazebo-11/plugins:/opt/ros/humble/opt/rviz_ogre_vendor/lib:/opt/ros/humble/lib/x86_64-linux-gnu:/opt/ros/humble/lib:/usr/local/cuda/lib64 /usr/bin/cmake --build /mnt/ssd/lsgloc_ws/build/semantic_mcl -- -j16 -l16
[11.254s] DEBUG:colcon.colcon_core.event_handler.log_command:Invoking command in '/mnt/ssd/lsgloc_ws/build/semantic_mcl': CMAKE_PREFIX_PATH=/mnt/ssd/lsgloc_ws/install/semantic_msgs:/mnt/ssd/lsgloc_ws/install/semantic_mcl:/mnt/ssd/lsgloc_ws/install/bcr_bot:/mnt/ssd/lsgloc_ws/install/test_semantic_mcl:/mnt/ssd/lsgloc_ws/install/obj_detection:/opt/ros/humble LD_LIBRARY_PATH=/mnt/ssd/lsgloc_ws/install/semantic_msgs/lib:/usr/local/cuda/lib64:/usr/lib/x86_64-linux-gnu/gazebo-11/plugins:/opt/ros/humble/opt/rviz_ogre_vendor/lib:/opt/ros/humble/lib/x86_64-linux-gnu:/opt/ros/humble/lib:/usr/local/cuda/lib64 /usr/bin/cmake --install /mnt/ssd/lsgloc_ws/build/semantic_mcl
[11.269s] Level 1:colcon.colcon_core.environment:create_environment_scripts_only(semantic_mcl)
[11.269s] Level 1:colcon.colcon_core.environment:checking '/mnt/ssd/lsgloc_ws/install/semantic_mcl' for CMake module files
[11.270s] DEBUG:colcon.colcon_core.event_handler.log_command:Invoked command in '/mnt/ssd/lsgloc_ws/build/semantic_mcl' returned '0': CMAKE_PREFIX_PATH=/mnt/ssd/lsgloc_ws/install/semantic_msgs:/mnt/ssd/lsgloc_ws/install/semantic_mcl:/mnt/ssd/lsgloc_ws/install/bcr_bot:/mnt/ssd/lsgloc_ws/install/test_semantic_mcl:/mnt/ssd/lsgloc_ws/install/obj_detection:/opt/ros/humble LD_LIBRARY_PATH=/mnt/ssd/lsgloc_ws/install/semantic_msgs/lib:/usr/local/cuda/lib64:/usr/lib/x86_64-linux-gnu/gazebo-11/plugins:/opt/ros/humble/opt/rviz_ogre_vendor/lib:/opt/ros/humble/lib/x86_64-linux-gnu:/opt/ros/humble/lib:/usr/local/cuda/lib64 /usr/bin/cmake --install /mnt/ssd/lsgloc_ws/build/semantic_mcl
[11.270s] Level 1:colcon.colcon_core.environment:checking '/mnt/ssd/lsgloc_ws/install/semantic_mcl' for CMake config files
[11.270s] Level 1:colcon.colcon_core.shell:create_environment_hook('semantic_mcl', 'cmake_prefix_path')
[11.270s] INFO:colcon.colcon_core.shell:Creating environment hook '/mnt/ssd/lsgloc_ws/install/semantic_mcl/share/semantic_mcl/hook/cmake_prefix_path.ps1'
[11.270s] INFO:colcon.colcon_core.shell:Creating environment descriptor '/mnt/ssd/lsgloc_ws/install/semantic_mcl/share/semantic_mcl/hook/cmake_prefix_path.dsv'
[11.271s] INFO:colcon.colcon_core.shell:Creating environment hook '/mnt/ssd/lsgloc_ws/install/semantic_mcl/share/semantic_mcl/hook/cmake_prefix_path.sh'
[11.271s] Level 1:colcon.colcon_core.environment:checking '/mnt/ssd/lsgloc_ws/install/semantic_mcl/lib'
[11.271s] Level 1:colcon.colcon_core.environment:checking '/mnt/ssd/lsgloc_ws/install/semantic_mcl/bin'
[11.271s] Level 1:colcon.colcon_core.environment:checking '/mnt/ssd/lsgloc_ws/install/semantic_mcl/lib/pkgconfig/semantic_mcl.pc'
[11.271s] Level 1:colcon.colcon_core.environment:checking '/mnt/ssd/lsgloc_ws/install/semantic_mcl/lib/python3.10/site-packages'
[11.271s] Level 1:colcon.colcon_core.environment:checking '/mnt/ssd/lsgloc_ws/install/semantic_mcl/bin'
[11.271s] INFO:colcon.colcon_core.shell:Creating package script '/mnt/ssd/lsgloc_ws/install/semantic_mcl/share/semantic_mcl/package.ps1'
[11.272s] INFO:colcon.colcon_core.shell:Creating package descriptor '/mnt/ssd/lsgloc_ws/install/semantic_mcl/share/semantic_mcl/package.dsv'
[11.272s] INFO:colcon.colcon_core.shell:Creating package script '/mnt/ssd/lsgloc_ws/install/semantic_mcl/share/semantic_mcl/package.sh'
[11.272s] INFO:colcon.colcon_core.shell:Creating package script '/mnt/ssd/lsgloc_ws/install/semantic_mcl/share/semantic_mcl/package.bash'
[11.272s] INFO:colcon.colcon_core.shell:Creating package script '/mnt/ssd/lsgloc_ws/install/semantic_mcl/share/semantic_mcl/package.zsh'
[11.272s] Level 1:colcon.colcon_core.environment:create_file_with_runtime_dependencies(/mnt/ssd/lsgloc_ws/install/semantic_mcl/share/colcon-core/packages/semantic_mcl)
[11.273s] Level 1:colcon.colcon_core.environment:create_environment_scripts_only(semantic_mcl)
[11.273s] Level 1:colcon.colcon_core.environment:checking '/mnt/ssd/lsgloc_ws/install/semantic_mcl' for CMake module files
[11.273s] Level 1:colcon.colcon_core.environment:checking '/mnt/ssd/lsgloc_ws/install/semantic_mcl' for CMake config files
[11.273s] Level 1:colcon.colcon_core.shell:create_environment_hook('semantic_mcl', 'cmake_prefix_path')
[11.273s] INFO:colcon.colcon_core.shell:Creating environment hook '/mnt/ssd/lsgloc_ws/install/semantic_mcl/share/semantic_mcl/hook/cmake_prefix_path.ps1'
[11.274s] INFO:colcon.colcon_core.shell:Creating environment descriptor '/mnt/ssd/lsgloc_ws/install/semantic_mcl/share/semantic_mcl/hook/cmake_prefix_path.dsv'
[11.274s] INFO:colcon.colcon_core.shell:Creating environment hook '/mnt/ssd/lsgloc_ws/install/semantic_mcl/share/semantic_mcl/hook/cmake_prefix_path.sh'
[11.274s] Level 1:colcon.colcon_core.environment:checking '/mnt/ssd/lsgloc_ws/install/semantic_mcl/lib'
[11.274s] Level 1:colcon.colcon_core.environment:checking '/mnt/ssd/lsgloc_ws/install/semantic_mcl/bin'
[11.274s] Level 1:colcon.colcon_core.environment:checking '/mnt/ssd/lsgloc_ws/install/semantic_mcl/lib/pkgconfig/semantic_mcl.pc'
[11.274s] Level 1:colcon.colcon_core.environment:checking '/mnt/ssd/lsgloc_ws/install/semantic_mcl/lib/python3.10/site-packages'
[11.274s] Level 1:colcon.colcon_core.environment:checking '/mnt/ssd/lsgloc_ws/install/semantic_mcl/bin'
[11.275s] INFO:colcon.colcon_core.shell:Creating package script '/mnt/ssd/lsgloc_ws/install/semantic_mcl/share/semantic_mcl/package.ps1'
[11.275s] INFO:colcon.colcon_core.shell:Creating package descriptor '/mnt/ssd/lsgloc_ws/install/semantic_mcl/share/semantic_mcl/package.dsv'
[11.275s] INFO:colcon.colcon_core.shell:Creating package script '/mnt/ssd/lsgloc_ws/install/semantic_mcl/share/semantic_mcl/package.sh'
[11.275s] INFO:colcon.colcon_core.shell:Creating package script '/mnt/ssd/lsgloc_ws/install/semantic_mcl/share/semantic_mcl/package.bash'
[11.275s] INFO:colcon.colcon_core.shell:Creating package script '/mnt/ssd/lsgloc_ws/install/semantic_mcl/share/semantic_mcl/package.zsh'
[11.276s] Level 1:colcon.colcon_core.environment:create_file_with_runtime_dependencies(/mnt/ssd/lsgloc_ws/install/semantic_mcl/share/colcon-core/packages/semantic_mcl)
[11.276s] DEBUG:colcon.colcon_parallel_executor.executor.parallel:closing loop
[11.276s] DEBUG:colcon.colcon_parallel_executor.executor.parallel:loop closed
[11.276s] DEBUG:colcon.colcon_parallel_executor.executor.parallel:run_until_complete finished with '0'
[11.276s] DEBUG:colcon.colcon_core.event_reactor:joining thread
[11.279s] INFO:colcon.colcon_core.plugin_system:Skipping extension 'colcon_notification.desktop_notification.terminal_notifier': Not used on non-Darwin systems
[11.279s] INFO:colcon.colcon_core.plugin_system:Skipping extension 'colcon_notification.desktop_notification.win32': Not used on non-Windows systems
[11.279s] INFO:colcon.colcon_notification.desktop_notification:Sending desktop notification using 'notify2'
[11.286s] DEBUG:colcon.colcon_core.event_reactor:joined thread
[11.286s] INFO:colcon.colcon_core.shell:Creating prefix script '/mnt/ssd/lsgloc_ws/install/local_setup.ps1'
[11.287s] INFO:colcon.colcon_core.shell:Creating prefix util module '/mnt/ssd/lsgloc_ws/install/_local_setup_util_ps1.py'
[11.287s] INFO:colcon.colcon_core.shell:Creating prefix chain script '/mnt/ssd/lsgloc_ws/install/setup.ps1'
[11.288s] INFO:colcon.colcon_core.shell:Creating prefix script '/mnt/ssd/lsgloc_ws/install/local_setup.sh'
[11.288s] INFO:colcon.colcon_core.shell:Creating prefix util module '/mnt/ssd/lsgloc_ws/install/_local_setup_util_sh.py'
[11.288s] INFO:colcon.colcon_core.shell:Creating prefix chain script '/mnt/ssd/lsgloc_ws/install/setup.sh'
[11.289s] INFO:colcon.colcon_core.shell:Creating prefix script '/mnt/ssd/lsgloc_ws/install/local_setup.bash'
[11.289s] INFO:colcon.colcon_core.shell:Creating prefix chain script '/mnt/ssd/lsgloc_ws/install/setup.bash'
[11.290s] INFO:colcon.colcon_core.shell:Creating prefix script '/mnt/ssd/lsgloc_ws/install/local_setup.zsh'
[11.290s] INFO:colcon.colcon_core.shell:Creating prefix chain script '/mnt/ssd/lsgloc_ws/install/setup.zsh'
