[35m[1mConsolidate compiler generated dependencies of target TextRecoFromFolder[0m
[35m[1mConsolidate compiler generated dependencies of target TextRecoFromFolder2[0m
[35m[1mConsolidate compiler generated dependencies of target NSENSORS[0m
[35m[1mConsolidate compiler generated dependencies of target NMAP[0m
[35m[1mConsolidate compiler generated dependencies of target NDL[0m
[35m[1mConsolidate compiler generated dependencies of target NMCL[0m
[35m[1mConsolidate compiler generated dependencies of target NEGNINE[0m
[  7%] Built target TextRecoFromFolder
[ 19%] Built target NSENSORS
[ 26%] Built target TextRecoFromFolder2
[ 31%] Built target NDL
[ 34%] [32mBuilding CXX object nengine/src/CMakeFiles/NEGNINE.dir/DataFrameLoader.cpp.o[0m
[ 48%] Built target NMAP
[ 51%] [32mBuilding CXX object nmap/src/CMakeFiles/RoomSegmentation.dir/RoomSegmentation.cpp.o[0m
[ 53%] [32mBuilding CXX object nmap/src/CMakeFiles/RoomSegmentation.dir/GMap.cpp.o[0m
[ 56%] [32mBuilding CXX object nmap/src/CMakeFiles/RoomSegmentation.dir/FloorMap.cpp.o[0m
[ 58%] [32mBuilding CXX object nmap/src/CMakeFiles/RoomSegmentation.dir/Room.cpp.o[0m
[ 60%] [32mBuilding CXX object nmap/src/CMakeFiles/RoomSegmentation.dir/Lift.cpp.o[0m
[ 63%] [32mBuilding CXX object nmap/src/CMakeFiles/RoomSegmentation.dir/Object.cpp.o[0m
[ 92%] Built target NMCL
[ 95%] [32m[1mLinking CXX executable /mnt/ssd/lsgloc_ws/hsmcl/ncore/build/bin/RoomSegmentation[0m
[ 95%] Built target RoomSegmentation
