[0.016s] Invoking command in '/mnt/ssd/lsgloc_ws/build/nmcl_msgs': /usr/bin/cmake /mnt/ssd/lsgloc_ws/hsmcl/ros1_ws/src/nmcl_msgs -DCATKIN_INSTALL_INTO_PREFIX_ROOT=0 -DCMAKE_INSTALL_PREFIX=/mnt/ssd/lsgloc_ws/install/nmcl_msgs
[0.252s] -- Configuring incomplete, errors occurred!
[0.252s] See also "/mnt/ssd/lsgloc_ws/build/nmcl_msgs/CMakeFiles/CMakeOutput.log".
[0.252s] [31mCMake Error at CMakeLists.txt:10 (find_package):
[0.253s]   By not providing "Findcatkin.cmake" in CMAKE_MODULE_PATH this project has
[0.253s]   asked CMake to find a package configuration file provided by "catkin", but
[0.253s]   CMake did not find one.
[0.253s] 
[0.253s]   Could not find a package configuration file provided by "catkin" with any
[0.253s]   of the following names:
[0.253s] 
[0.253s]     catkinConfig.cmake
[0.253s]     catkin-config.cmake
[0.253s] 
[0.253s]   Add the installation prefix of "catkin" to CMAKE_PREFIX_PATH or set
[0.254s]   "catkin_DIR" to a directory containing one of the above files.  If "catkin"
[0.254s]   provides a separate development package or SDK, be sure it has been
[0.254s]   installed.
[0.254s] 
[0.254s] [0m
[0.266s] Invoked command in '/mnt/ssd/lsgloc_ws/build/nmcl_msgs' returned '1': /usr/bin/cmake /mnt/ssd/lsgloc_ws/hsmcl/ros1_ws/src/nmcl_msgs -DCATKIN_INSTALL_INTO_PREFIX_ROOT=0 -DCMAKE_INSTALL_PREFIX=/mnt/ssd/lsgloc_ws/install/nmcl_msgs
