[0.589s] Invoking command in '/mnt/ssd/lsgloc_ws/src/obj_detection': AMENT_PREFIX_PATH=/mnt/ssd/lsgloc_ws/install/semantic_msgs:${AMENT_PREFIX_PATH} CMAKE_PREFIX_PATH=/mnt/ssd/lsgloc_ws/install/semantic_msgs LD_LIBRARY_PATH=/mnt/ssd/lsgloc_ws/install/semantic_msgs/lib:/usr/local/cuda/lib64:/usr/lib/x86_64-linux-gnu/gazebo-11/plugins:/opt/ros/humble/opt/rviz_ogre_vendor/lib:/opt/ros/humble/lib/x86_64-linux-gnu:/opt/ros/humble/lib:/usr/local/cuda/lib64 PYTHONPATH=/mnt/ssd/lsgloc_ws/build/obj_detection/prefix_override:/usr/lib/python3/dist-packages/colcon_core/task/python/colcon_distutils_commands:/mnt/ssd/lsgloc_ws/install/obj_detection/lib/python3.10/site-packages:/mnt/ssd/lsgloc_ws/install/semantic_msgs/local/lib/python3.10/dist-packages:${PYTHONPATH} /usr/bin/python3 -W ignore:setup.py install is deprecated -W ignore:easy_install command is deprecated setup.py egg_info --egg-base ../../build/obj_detection build --build-base /mnt/ssd/lsgloc_ws/build/obj_detection/build install --record /mnt/ssd/lsgloc_ws/build/obj_detection/install.log --single-version-externally-managed install_data
[0.815s] running egg_info
[0.824s] writing ../../build/obj_detection/obj_detection.egg-info/PKG-INFO
[0.824s] writing dependency_links to ../../build/obj_detection/obj_detection.egg-info/dependency_links.txt
[0.824s] writing entry points to ../../build/obj_detection/obj_detection.egg-info/entry_points.txt
[0.824s] writing requirements to ../../build/obj_detection/obj_detection.egg-info/requires.txt
[0.825s] writing top-level names to ../../build/obj_detection/obj_detection.egg-info/top_level.txt
[0.842s] reading manifest file '../../build/obj_detection/obj_detection.egg-info/SOURCES.txt'
[0.843s] writing manifest file '../../build/obj_detection/obj_detection.egg-info/SOURCES.txt'
[0.843s] running build
[0.843s] running build_py
[0.843s] copying obj_detection/vlm_backends.py -> /mnt/ssd/lsgloc_ws/build/obj_detection/build/lib/obj_detection
[0.843s] running install
[0.846s] running install_lib
[0.855s] copying /mnt/ssd/lsgloc_ws/build/obj_detection/build/lib/obj_detection/vlm_backends.py -> /mnt/ssd/lsgloc_ws/install/obj_detection/lib/python3.10/site-packages/obj_detection
[0.855s] byte-compiling /mnt/ssd/lsgloc_ws/install/obj_detection/lib/python3.10/site-packages/obj_detection/vlm_backends.py to vlm_backends.cpython-310.pyc
[0.856s] running install_data
[0.856s] running install_egg_info
[0.865s] removing '/mnt/ssd/lsgloc_ws/install/obj_detection/lib/python3.10/site-packages/obj_detection-0.0.0-py3.10.egg-info' (and everything under it)
[0.866s] Copying ../../build/obj_detection/obj_detection.egg-info to /mnt/ssd/lsgloc_ws/install/obj_detection/lib/python3.10/site-packages/obj_detection-0.0.0-py3.10.egg-info
[0.866s] running install_scripts
[0.900s] Installing vlm_service_node script to /mnt/ssd/lsgloc_ws/install/obj_detection/lib/obj_detection
[0.900s] Installing vlm_streaming_node script to /mnt/ssd/lsgloc_ws/install/obj_detection/lib/obj_detection
[0.900s] Installing yolo_node script to /mnt/ssd/lsgloc_ws/install/obj_detection/lib/obj_detection
[0.901s] writing list of installed files to '/mnt/ssd/lsgloc_ws/build/obj_detection/install.log'
[0.917s] Invoked command in '/mnt/ssd/lsgloc_ws/src/obj_detection' returned '0': AMENT_PREFIX_PATH=/mnt/ssd/lsgloc_ws/install/semantic_msgs:${AMENT_PREFIX_PATH} CMAKE_PREFIX_PATH=/mnt/ssd/lsgloc_ws/install/semantic_msgs LD_LIBRARY_PATH=/mnt/ssd/lsgloc_ws/install/semantic_msgs/lib:/usr/local/cuda/lib64:/usr/lib/x86_64-linux-gnu/gazebo-11/plugins:/opt/ros/humble/opt/rviz_ogre_vendor/lib:/opt/ros/humble/lib/x86_64-linux-gnu:/opt/ros/humble/lib:/usr/local/cuda/lib64 PYTHONPATH=/mnt/ssd/lsgloc_ws/build/obj_detection/prefix_override:/usr/lib/python3/dist-packages/colcon_core/task/python/colcon_distutils_commands:/mnt/ssd/lsgloc_ws/install/obj_detection/lib/python3.10/site-packages:/mnt/ssd/lsgloc_ws/install/semantic_msgs/local/lib/python3.10/dist-packages:${PYTHONPATH} /usr/bin/python3 -W ignore:setup.py install is deprecated -W ignore:easy_install command is deprecated setup.py egg_info --egg-base ../../build/obj_detection build --build-base /mnt/ssd/lsgloc_ws/build/obj_detection/build install --record /mnt/ssd/lsgloc_ws/build/obj_detection/install.log --single-version-externally-managed install_data
