[0.012s] Invoking command in '/mnt/ssd/lsgloc_ws/build/semantic_mcl': CMAKE_PREFIX_PATH=${CMAKE_PREFIX_PATH}:/mnt/ssd/lsgloc_ws/install/test_semantic_mcl:/mnt/ssd/lsgloc_ws/install/obj_detection:/opt/ros/humble /usr/bin/cmake --build /mnt/ssd/lsgloc_ws/build/semantic_mcl -- -j16 -l16
[0.047s] [  8%] [32mBuilding CXX object CMakeFiles/semantic_mcl_core.dir/src/particle_filter.cpp.o[0m
[0.048s] [ 25%] Built target gtest_main
[0.049s] [ 41%] Built target gtest
[0.380s] [ 50%] [32m[1mLinking CXX static library libsemantic_mcl_core.a[0m
[0.404s] [ 66%] Built target semantic_mcl_core
[0.419s] [ 75%] [32m[1mLinking CXX executable test_semantic_mcl[0m
[0.423s] [ 83%] [32mBuilding CXX object CMakeFiles/semantic_mcl_node_exec.dir/src/semantic_mcl_node.cpp.o[0m
[0.499s] [ 91%] Built target test_semantic_mcl
[1.776s] [01m[K/mnt/ssd/lsgloc_ws/src/semantic_mcl/src/semantic_mcl_node.cpp:[m[K In constructor ‘[01m[Ksemantic_mcl::SemanticMCL::SemanticMCL()[m[K’:
[1.776s] [01m[K/mnt/ssd/lsgloc_ws/src/semantic_mcl/src/semantic_mcl_node.cpp:81:15:[m[K [01;31m[Kerror: [m[K‘[01m[Kclass semantic_mcl::SemanticMCL[m[K’ has no member named ‘[01m[Kess_threshold_[m[K’
[1.776s]    81 |         this->[01;31m[Kess_threshold_[m[K = this->get_parameter("ess_threshold").as_double();
[1.776s]       |               [01;31m[K^~~~~~~~~~~~~~[m[K
[1.781s] [01m[K/mnt/ssd/lsgloc_ws/src/semantic_mcl/src/semantic_mcl_node.cpp:[m[K In member function ‘[01m[Kvoid semantic_mcl::SemanticMCL::map_callback(nav_msgs::msg::OccupancyGrid_<std::allocator<void> >::SharedPtr)[m[K’:
[1.781s] [01m[K/mnt/ssd/lsgloc_ws/src/semantic_mcl/src/semantic_mcl_node.cpp:160:20:[m[K [01;31m[Kerror: [m[Kno matching function for call to ‘[01m[Kstd::optional<semantic_mcl::ParticleFilter>::emplace(int&, semantic_mcl::OccupancyMap&, semantic_mcl::BeamModel&, semantic_mcl::MotionModel&)[m[K’
[1.781s]   160 |         [01;31m[Kpf_.emplace(this->particle_count_, ogm, bm_.value(), mm_.value())[m[K;
[1.781s]       |         [01;31m[K~~~~~~~~~~~^~~~~~~~~~~~~~~~~~~~~~~~~~~~~~~~~~~~~~~~~~~~~~~~~~~~~~[m[K
[1.781s] In file included from [01m[K/opt/ros/humble/include/rclcpp/rclcpp/client.hpp:23[m[K,
[1.781s]                  from [01m[K/opt/ros/humble/include/rclcpp/rclcpp/callback_group.hpp:24[m[K,
[1.781s]                  from [01m[K/opt/ros/humble/include/rclcpp/rclcpp/any_executable.hpp:20[m[K,
[1.782s]                  from [01m[K/opt/ros/humble/include/rclcpp/rclcpp/memory_strategy.hpp:25[m[K,
[1.782s]                  from [01m[K/opt/ros/humble/include/rclcpp/rclcpp/memory_strategies.hpp:18[m[K,
[1.782s]                  from [01m[K/opt/ros/humble/include/rclcpp/rclcpp/executor_options.hpp:20[m[K,
[1.782s]                  from [01m[K/opt/ros/humble/include/rclcpp/rclcpp/executor.hpp:37[m[K,
[1.782s]                  from [01m[K/opt/ros/humble/include/rclcpp/rclcpp/executors/multi_threaded_executor.hpp:25[m[K,
[1.782s]                  from [01m[K/opt/ros/humble/include/rclcpp/rclcpp/executors.hpp:21[m[K,
[1.782s]                  from [01m[K/opt/ros/humble/include/rclcpp/rclcpp/rclcpp.hpp:155[m[K,
[1.782s]                  from [01m[K/mnt/ssd/lsgloc_ws/src/semantic_mcl/src/semantic_mcl_node.cpp:1[m[K:
[1.782s] [01m[K/usr/include/c++/11/optional:871:9:[m[K [01;36m[Knote: [m[Kcandidate: ‘[01m[Ktemplate<class ... _Args> std::enable_if_t<is_constructible_v<_Tp, _Args ...>, _Tp&> std::optional<_Tp>::emplace(_Args&& ...) [with _Args = {_Args ...}; _Tp = semantic_mcl::ParticleFilter][m[K’
[1.782s]   871 |         [01;36m[Kemplace[m[K(_Args&&... __args)
[1.782s]       |         [01;36m[K^~~~~~~[m[K
[1.782s] [01m[K/usr/include/c++/11/optional:871:9:[m[K [01;36m[Knote: [m[K  template argument deduction/substitution failed:
[1.782s] In file included from [01m[K/usr/include/c++/11/bits/move.h:57[m[K,
[1.782s]                  from [01m[K/usr/include/c++/11/bits/stl_pair.h:59[m[K,
[1.782s]                  from [01m[K/usr/include/c++/11/bits/stl_algobase.h:64[m[K,
[1.782s]                  from [01m[K/usr/include/c++/11/memory:63[m[K,
[1.782s]                  from [01m[K/opt/ros/humble/include/rclcpp/rclcpp/rclcpp.hpp:153[m[K,
[1.782s]                  from [01m[K/mnt/ssd/lsgloc_ws/src/semantic_mcl/src/semantic_mcl_node.cpp:1[m[K:
[1.782s] /usr/include/c++/11/type_traits: In substitution of ‘[01m[Ktemplate<bool _Cond, class _Tp> using enable_if_t = typename std::enable_if::type [with bool _Cond = false; _Tp = semantic_mcl::ParticleFilter&][m[K’:
[1.782s] [01m[K/usr/include/c++/11/optional:871:2:[m[K   required by substitution of ‘[01m[Ktemplate<class ... _Args> std::enable_if_t<is_constructible_v<semantic_mcl::ParticleFilter, _Args ...>, semantic_mcl::ParticleFilter&> std::optional<semantic_mcl::ParticleFilter>::emplace<_Args ...>(_Args&& ...) [with _Args = {int&, semantic_mcl::OccupancyMap&, semantic_mcl::BeamModel&, semantic_mcl::MotionModel&}][m[K’
[1.782s] [01m[K/mnt/ssd/lsgloc_ws/src/semantic_mcl/src/semantic_mcl_node.cpp:160:20:[m[K   required from here
[1.782s] [01m[K/usr/include/c++/11/type_traits:2579:11:[m[K [01;31m[Kerror: [m[Kno type named ‘[01m[Ktype[m[K’ in ‘[01m[Kstruct std::enable_if<false, semantic_mcl::ParticleFilter&>[m[K’
[1.782s]  2579 |     using [01;31m[Kenable_if_t[m[K = typename enable_if<_Cond, _Tp>::type;
[1.782s]       |           [01;31m[K^~~~~~~~~~~[m[K
[1.783s] In file included from [01m[K/opt/ros/humble/include/rclcpp/rclcpp/client.hpp:23[m[K,
[1.783s]                  from [01m[K/opt/ros/humble/include/rclcpp/rclcpp/callback_group.hpp:24[m[K,
[1.783s]                  from [01m[K/opt/ros/humble/include/rclcpp/rclcpp/any_executable.hpp:20[m[K,
[1.783s]                  from [01m[K/opt/ros/humble/include/rclcpp/rclcpp/memory_strategy.hpp:25[m[K,
[1.783s]                  from [01m[K/opt/ros/humble/include/rclcpp/rclcpp/memory_strategies.hpp:18[m[K,
[1.783s]                  from [01m[K/opt/ros/humble/include/rclcpp/rclcpp/executor_options.hpp:20[m[K,
[1.783s]                  from [01m[K/opt/ros/humble/include/rclcpp/rclcpp/executor.hpp:37[m[K,
[1.783s]                  from [01m[K/opt/ros/humble/include/rclcpp/rclcpp/executors/multi_threaded_executor.hpp:25[m[K,
[1.783s]                  from [01m[K/opt/ros/humble/include/rclcpp/rclcpp/executors.hpp:21[m[K,
[1.783s]                  from [01m[K/opt/ros/humble/include/rclcpp/rclcpp/rclcpp.hpp:155[m[K,
[1.783s]                  from [01m[K/mnt/ssd/lsgloc_ws/src/semantic_mcl/src/semantic_mcl_node.cpp:1[m[K:
[1.783s] [01m[K/usr/include/c++/11/optional:883:9:[m[K [01;36m[Knote: [m[Kcandidate: ‘[01m[Ktemplate<class _Up, class ... _Args> std::enable_if_t<is_constructible_v<_Tp, std::initializer_list<_Up>&, _Args ...>, _Tp&> std::optional<_Tp>::emplace(std::initializer_list<_Up>, _Args&& ...) [with _Up = _Up; _Args = {_Args ...}; _Tp = semantic_mcl::ParticleFilter][m[K’
[1.783s]   883 |         [01;36m[Kemplace[m[K(initializer_list<_Up> __il, _Args&&... __args)
[1.783s]       |         [01;36m[K^~~~~~~[m[K
[1.783s] [01m[K/usr/include/c++/11/optional:883:9:[m[K [01;36m[Knote: [m[K  template argument deduction/substitution failed:
[1.783s] [01m[K/mnt/ssd/lsgloc_ws/src/semantic_mcl/src/semantic_mcl_node.cpp:160:20:[m[K [01;36m[Knote: [m[K  mismatched types ‘[01m[Kstd::initializer_list<_Tp>[m[K’ and ‘[01m[Kint[m[K’
[1.783s]   160 |         [01;36m[Kpf_.emplace(this->particle_count_, ogm, bm_.value(), mm_.value())[m[K;
[1.783s]       |         [01;36m[K~~~~~~~~~~~^~~~~~~~~~~~~~~~~~~~~~~~~~~~~~~~~~~~~~~~~~~~~~~~~~~~~~[m[K
[4.377s] gmake[2]: *** [CMakeFiles/semantic_mcl_node_exec.dir/build.make:76: CMakeFiles/semantic_mcl_node_exec.dir/src/semantic_mcl_node.cpp.o] Error 1
[4.378s] gmake[1]: *** [CMakeFiles/Makefile2:185: CMakeFiles/semantic_mcl_node_exec.dir/all] Error 2
[4.378s] gmake: *** [Makefile:146: all] Error 2
[4.380s] Invoked command in '/mnt/ssd/lsgloc_ws/build/semantic_mcl' returned '2': CMAKE_PREFIX_PATH=${CMAKE_PREFIX_PATH}:/mnt/ssd/lsgloc_ws/install/test_semantic_mcl:/mnt/ssd/lsgloc_ws/install/obj_detection:/opt/ros/humble /usr/bin/cmake --build /mnt/ssd/lsgloc_ws/build/semantic_mcl -- -j16 -l16
