/mnt/ssd/lsgloc_ws/install/obj_detection/lib/python3.10/site-packages/obj_detection/__init__.py
/mnt/ssd/lsgloc_ws/install/obj_detection/lib/python3.10/site-packages/obj_detection/vlm_streaming_detector.py
/mnt/ssd/lsgloc_ws/install/obj_detection/lib/python3.10/site-packages/obj_detection/yolo_detector.py
/mnt/ssd/lsgloc_ws/install/obj_detection/lib/python3.10/site-packages/obj_detection/vlm_service_detector.py
/mnt/ssd/lsgloc_ws/install/obj_detection/lib/python3.10/site-packages/obj_detection/vlm_backends.py
/mnt/ssd/lsgloc_ws/install/obj_detection/lib/python3.10/site-packages/obj_detection/__pycache__/__init__.cpython-310.pyc
/mnt/ssd/lsgloc_ws/install/obj_detection/lib/python3.10/site-packages/obj_detection/__pycache__/vlm_streaming_detector.cpython-310.pyc
/mnt/ssd/lsgloc_ws/install/obj_detection/lib/python3.10/site-packages/obj_detection/__pycache__/yolo_detector.cpython-310.pyc
/mnt/ssd/lsgloc_ws/install/obj_detection/lib/python3.10/site-packages/obj_detection/__pycache__/vlm_service_detector.cpython-310.pyc
/mnt/ssd/lsgloc_ws/install/obj_detection/lib/python3.10/site-packages/obj_detection/__pycache__/vlm_backends.cpython-310.pyc
/mnt/ssd/lsgloc_ws/install/obj_detection/share/ament_index/resource_index/packages/obj_detection
/mnt/ssd/lsgloc_ws/install/obj_detection/share/obj_detection/package.xml
/mnt/ssd/lsgloc_ws/install/obj_detection/lib/python3.10/site-packages/obj_detection-0.0.0-py3.10.egg-info/SOURCES.txt
/mnt/ssd/lsgloc_ws/install/obj_detection/lib/python3.10/site-packages/obj_detection-0.0.0-py3.10.egg-info/top_level.txt
/mnt/ssd/lsgloc_ws/install/obj_detection/lib/python3.10/site-packages/obj_detection-0.0.0-py3.10.egg-info/requires.txt
/mnt/ssd/lsgloc_ws/install/obj_detection/lib/python3.10/site-packages/obj_detection-0.0.0-py3.10.egg-info/entry_points.txt
/mnt/ssd/lsgloc_ws/install/obj_detection/lib/python3.10/site-packages/obj_detection-0.0.0-py3.10.egg-info/PKG-INFO
/mnt/ssd/lsgloc_ws/install/obj_detection/lib/python3.10/site-packages/obj_detection-0.0.0-py3.10.egg-info/zip-safe
/mnt/ssd/lsgloc_ws/install/obj_detection/lib/python3.10/site-packages/obj_detection-0.0.0-py3.10.egg-info/dependency_links.txt
/mnt/ssd/lsgloc_ws/install/obj_detection/lib/obj_detection/vlm_service_node
/mnt/ssd/lsgloc_ws/install/obj_detection/lib/obj_detection/vlm_streaming_node
/mnt/ssd/lsgloc_ws/install/obj_detection/lib/obj_detection/yolo_node
