[0.060s] DEBUG:colcon:Command line arguments: ['/usr/bin/colcon', 'build', '--packages-select', 'test_semantic_mcl', 'semantic_mcl']
[0.060s] DEBUG:colcon:Parsed command line arguments: Namespace(log_base=None, log_level=None, verb_name='build', build_base='build', install_base='install', merge_install=False, symlink_install=False, test_result_base=None, continue_on_error=False, executor='parallel', parallel_workers=16, event_handlers=None, ignore_user_meta=False, metas=['./colcon.meta'], base_paths=['.'], packages_ignore=None, packages_ignore_regex=None, paths=None, packages_up_to=None, packages_up_to_regex=None, packages_above=None, packages_above_and_dependencies=None, packages_above_depth=None, packages_select_by_dep=None, packages_skip_by_dep=None, packages_skip_up_to=None, packages_select_build_failed=False, packages_skip_build_finished=False, packages_select_test_failures=False, packages_skip_test_passed=False, packages_select=['test_semantic_mcl', 'semantic_mcl'], packages_skip=None, packages_select_regex=None, packages_skip_regex=None, packages_start=None, packages_end=None, allow_overriding=[], cmake_args=None, cmake_target=None, cmake_target_skip_unavailable=False, cmake_clean_cache=False, cmake_clean_first=False, cmake_force_configure=False, ament_cmake_args=None, catkin_cmake_args=None, catkin_skip_building_tests=False, verb_parser=<colcon_defaults.argument_parser.defaults.DefaultArgumentsDecorator object at 0x74161ebb0b50>, verb_extension=<colcon_core.verb.build.BuildVerb object at 0x74161ebb05b0>, main=<bound method BuildVerb.main of <colcon_core.verb.build.BuildVerb object at 0x74161ebb05b0>>)
[0.218s] Level 1:colcon.colcon_core.package_discovery:discover_packages(colcon_meta) check parameters
[0.218s] Level 1:colcon.colcon_core.package_discovery:discover_packages(recursive) check parameters
[0.218s] Level 1:colcon.colcon_core.package_discovery:discover_packages(ignore) check parameters
[0.218s] Level 1:colcon.colcon_core.package_discovery:discover_packages(path) check parameters
[0.218s] Level 1:colcon.colcon_core.package_discovery:discover_packages(colcon_meta) discover
[0.218s] Level 1:colcon.colcon_core.package_discovery:discover_packages(recursive) discover
[0.218s] INFO:colcon.colcon_core.package_discovery:Crawling recursively for packages in '/mnt/ssd/lsgloc_ws'
[0.218s] Level 1:colcon.colcon_core.package_identification:_identify(.) by extensions ['ignore', 'ignore_ament_install']
[0.218s] Level 1:colcon.colcon_core.package_identification:_identify(.) by extension 'ignore'
[0.218s] Level 1:colcon.colcon_core.package_identification:_identify(.) by extension 'ignore_ament_install'
[0.218s] Level 1:colcon.colcon_core.package_identification:_identify(.) by extensions ['colcon_pkg']
[0.218s] Level 1:colcon.colcon_core.package_identification:_identify(.) by extension 'colcon_pkg'
[0.218s] Level 1:colcon.colcon_core.package_identification:_identify(.) by extensions ['colcon_meta']
[0.218s] Level 1:colcon.colcon_core.package_identification:_identify(.) by extension 'colcon_meta'
[0.218s] Level 1:colcon.colcon_core.package_identification:_identify(.) by extensions ['ros']
[0.218s] Level 1:colcon.colcon_core.package_identification:_identify(.) by extension 'ros'
[0.226s] Level 1:colcon.colcon_core.package_identification:_identify(.) by extensions ['cmake', 'python']
[0.226s] Level 1:colcon.colcon_core.package_identification:_identify(.) by extension 'cmake'
[0.226s] Level 1:colcon.colcon_core.package_identification:_identify(.) by extension 'python'
[0.226s] Level 1:colcon.colcon_core.package_identification:_identify(.) by extensions ['python_setup_py']
[0.226s] Level 1:colcon.colcon_core.package_identification:_identify(.) by extension 'python_setup_py'
[0.226s] Level 1:colcon.colcon_core.package_identification:_identify(build) by extensions ['ignore', 'ignore_ament_install']
[0.226s] Level 1:colcon.colcon_core.package_identification:_identify(build) by extension 'ignore'
[0.226s] Level 1:colcon.colcon_core.package_identification:_identify(build) ignored
[0.226s] Level 1:colcon.colcon_core.package_identification:_identify(install) by extensions ['ignore', 'ignore_ament_install']
[0.226s] Level 1:colcon.colcon_core.package_identification:_identify(install) by extension 'ignore'
[0.226s] Level 1:colcon.colcon_core.package_identification:_identify(install) ignored
[0.226s] Level 1:colcon.colcon_core.package_identification:_identify(log) by extensions ['ignore', 'ignore_ament_install']
[0.226s] Level 1:colcon.colcon_core.package_identification:_identify(log) by extension 'ignore'
[0.226s] Level 1:colcon.colcon_core.package_identification:_identify(log) ignored
[0.226s] Level 1:colcon.colcon_core.package_identification:_identify(src) by extensions ['ignore', 'ignore_ament_install']
[0.227s] Level 1:colcon.colcon_core.package_identification:_identify(src) by extension 'ignore'
[0.227s] Level 1:colcon.colcon_core.package_identification:_identify(src) by extension 'ignore_ament_install'
[0.227s] Level 1:colcon.colcon_core.package_identification:_identify(src) by extensions ['colcon_pkg']
[0.227s] Level 1:colcon.colcon_core.package_identification:_identify(src) by extension 'colcon_pkg'
[0.227s] Level 1:colcon.colcon_core.package_identification:_identify(src) by extensions ['colcon_meta']
[0.227s] Level 1:colcon.colcon_core.package_identification:_identify(src) by extension 'colcon_meta'
[0.227s] Level 1:colcon.colcon_core.package_identification:_identify(src) by extensions ['ros']
[0.227s] Level 1:colcon.colcon_core.package_identification:_identify(src) by extension 'ros'
[0.227s] Level 1:colcon.colcon_core.package_identification:_identify(src) by extensions ['cmake', 'python']
[0.227s] Level 1:colcon.colcon_core.package_identification:_identify(src) by extension 'cmake'
[0.227s] Level 1:colcon.colcon_core.package_identification:_identify(src) by extension 'python'
[0.227s] Level 1:colcon.colcon_core.package_identification:_identify(src) by extensions ['python_setup_py']
[0.227s] Level 1:colcon.colcon_core.package_identification:_identify(src) by extension 'python_setup_py'
[0.227s] Level 1:colcon.colcon_core.package_identification:_identify(src/bcr_bot) by extensions ['ignore', 'ignore_ament_install']
[0.227s] Level 1:colcon.colcon_core.package_identification:_identify(src/bcr_bot) by extension 'ignore'
[0.227s] Level 1:colcon.colcon_core.package_identification:_identify(src/bcr_bot) by extension 'ignore_ament_install'
[0.227s] Level 1:colcon.colcon_core.package_identification:_identify(src/bcr_bot) by extensions ['colcon_pkg']
[0.227s] Level 1:colcon.colcon_core.package_identification:_identify(src/bcr_bot) by extension 'colcon_pkg'
[0.227s] Level 1:colcon.colcon_core.package_identification:_identify(src/bcr_bot) by extensions ['colcon_meta']
[0.227s] Level 1:colcon.colcon_core.package_identification:_identify(src/bcr_bot) by extension 'colcon_meta'
[0.227s] Level 1:colcon.colcon_core.package_identification:_identify(src/bcr_bot) by extensions ['ros']
[0.227s] Level 1:colcon.colcon_core.package_identification:_identify(src/bcr_bot) by extension 'ros'
[0.228s] DEBUG:colcon.colcon_core.package_identification:Package 'src/bcr_bot' with type 'ros.ament_cmake' and name 'bcr_bot'
[0.228s] Level 1:colcon.colcon_core.package_identification:_identify(src/obj_detection) by extensions ['ignore', 'ignore_ament_install']
[0.228s] Level 1:colcon.colcon_core.package_identification:_identify(src/obj_detection) by extension 'ignore'
[0.228s] Level 1:colcon.colcon_core.package_identification:_identify(src/obj_detection) by extension 'ignore_ament_install'
[0.228s] Level 1:colcon.colcon_core.package_identification:_identify(src/obj_detection) by extensions ['colcon_pkg']
[0.228s] Level 1:colcon.colcon_core.package_identification:_identify(src/obj_detection) by extension 'colcon_pkg'
[0.228s] Level 1:colcon.colcon_core.package_identification:_identify(src/obj_detection) by extensions ['colcon_meta']
[0.228s] Level 1:colcon.colcon_core.package_identification:_identify(src/obj_detection) by extension 'colcon_meta'
[0.229s] Level 1:colcon.colcon_core.package_identification:_identify(src/obj_detection) by extensions ['ros']
[0.229s] Level 1:colcon.colcon_core.package_identification:_identify(src/obj_detection) by extension 'ros'
[0.229s] DEBUG:colcon.colcon_core.package_identification:Package 'src/obj_detection' with type 'ros.ament_python' and name 'obj_detection'
[0.229s] Level 1:colcon.colcon_core.package_identification:_identify(src/semantic_mcl) by extensions ['ignore', 'ignore_ament_install']
[0.229s] Level 1:colcon.colcon_core.package_identification:_identify(src/semantic_mcl) by extension 'ignore'
[0.229s] Level 1:colcon.colcon_core.package_identification:_identify(src/semantic_mcl) by extension 'ignore_ament_install'
[0.229s] Level 1:colcon.colcon_core.package_identification:_identify(src/semantic_mcl) by extensions ['colcon_pkg']
[0.229s] Level 1:colcon.colcon_core.package_identification:_identify(src/semantic_mcl) by extension 'colcon_pkg'
[0.229s] Level 1:colcon.colcon_core.package_identification:_identify(src/semantic_mcl) by extensions ['colcon_meta']
[0.229s] Level 1:colcon.colcon_core.package_identification:_identify(src/semantic_mcl) by extension 'colcon_meta'
[0.229s] Level 1:colcon.colcon_core.package_identification:_identify(src/semantic_mcl) by extensions ['ros']
[0.229s] Level 1:colcon.colcon_core.package_identification:_identify(src/semantic_mcl) by extension 'ros'
[0.230s] DEBUG:colcon.colcon_core.package_identification:Package 'src/semantic_mcl' with type 'ros.ament_cmake' and name 'semantic_mcl'
[0.230s] Level 1:colcon.colcon_core.package_identification:_identify(src/semantic_msgs) by extensions ['ignore', 'ignore_ament_install']
[0.230s] Level 1:colcon.colcon_core.package_identification:_identify(src/semantic_msgs) by extension 'ignore'
[0.230s] Level 1:colcon.colcon_core.package_identification:_identify(src/semantic_msgs) by extension 'ignore_ament_install'
[0.230s] Level 1:colcon.colcon_core.package_identification:_identify(src/semantic_msgs) by extensions ['colcon_pkg']
[0.230s] Level 1:colcon.colcon_core.package_identification:_identify(src/semantic_msgs) by extension 'colcon_pkg'
[0.230s] Level 1:colcon.colcon_core.package_identification:_identify(src/semantic_msgs) by extensions ['colcon_meta']
[0.230s] Level 1:colcon.colcon_core.package_identification:_identify(src/semantic_msgs) by extension 'colcon_meta'
[0.230s] Level 1:colcon.colcon_core.package_identification:_identify(src/semantic_msgs) by extensions ['ros']
[0.230s] Level 1:colcon.colcon_core.package_identification:_identify(src/semantic_msgs) by extension 'ros'
[0.230s] DEBUG:colcon.colcon_core.package_identification:Package 'src/semantic_msgs' with type 'ros.ament_cmake' and name 'semantic_msgs'
[0.230s] Level 1:colcon.colcon_core.package_identification:_identify(src/test_semantic_mcl) by extensions ['ignore', 'ignore_ament_install']
[0.230s] Level 1:colcon.colcon_core.package_identification:_identify(src/test_semantic_mcl) by extension 'ignore'
[0.230s] Level 1:colcon.colcon_core.package_identification:_identify(src/test_semantic_mcl) by extension 'ignore_ament_install'
[0.230s] Level 1:colcon.colcon_core.package_identification:_identify(src/test_semantic_mcl) by extensions ['colcon_pkg']
[0.230s] Level 1:colcon.colcon_core.package_identification:_identify(src/test_semantic_mcl) by extension 'colcon_pkg'
[0.230s] Level 1:colcon.colcon_core.package_identification:_identify(src/test_semantic_mcl) by extensions ['colcon_meta']
[0.230s] Level 1:colcon.colcon_core.package_identification:_identify(src/test_semantic_mcl) by extension 'colcon_meta'
[0.230s] Level 1:colcon.colcon_core.package_identification:_identify(src/test_semantic_mcl) by extensions ['ros']
[0.230s] Level 1:colcon.colcon_core.package_identification:_identify(src/test_semantic_mcl) by extension 'ros'
[0.231s] DEBUG:colcon.colcon_core.package_identification:Package 'src/test_semantic_mcl' with type 'ros.ament_python' and name 'test_semantic_mcl'
[0.231s] Level 1:colcon.colcon_core.package_discovery:discover_packages(recursive) using defaults
[0.231s] Level 1:colcon.colcon_core.package_discovery:discover_packages(ignore) discover
[0.231s] Level 1:colcon.colcon_core.package_discovery:discover_packages(ignore) using defaults
[0.231s] Level 1:colcon.colcon_core.package_discovery:discover_packages(path) discover
[0.231s] Level 1:colcon.colcon_core.package_discovery:discover_packages(path) using defaults
[0.242s] INFO:colcon.colcon_core.package_selection:Skipping not selected package 'bcr_bot' in 'src/bcr_bot'
[0.242s] INFO:colcon.colcon_core.package_selection:Skipping not selected package 'semantic_msgs' in 'src/semantic_msgs'
[0.242s] INFO:colcon.colcon_core.package_selection:Skipping not selected package 'obj_detection' in 'src/obj_detection'
[0.242s] Level 1:colcon.colcon_core.package_discovery:discover_packages(prefix_path) check parameters
[0.242s] Level 1:colcon.colcon_core.package_discovery:discover_packages(prefix_path) discover
[0.244s] DEBUG:colcon.colcon_installed_package_information.package_discovery:Found 450 installed packages in /opt/ros/humble
[0.245s] Level 1:colcon.colcon_core.package_discovery:discover_packages(prefix_path) using defaults
[0.275s] Level 5:colcon.colcon_core.verb:set package 'test_semantic_mcl' build argument 'cmake_args' from command line to 'None'
[0.275s] Level 5:colcon.colcon_core.verb:set package 'test_semantic_mcl' build argument 'cmake_target' from command line to 'None'
[0.275s] Level 5:colcon.colcon_core.verb:set package 'test_semantic_mcl' build argument 'cmake_target_skip_unavailable' from command line to 'False'
[0.275s] Level 5:colcon.colcon_core.verb:set package 'test_semantic_mcl' build argument 'cmake_clean_cache' from command line to 'False'
[0.275s] Level 5:colcon.colcon_core.verb:set package 'test_semantic_mcl' build argument 'cmake_clean_first' from command line to 'False'
[0.275s] Level 5:colcon.colcon_core.verb:set package 'test_semantic_mcl' build argument 'cmake_force_configure' from command line to 'False'
[0.275s] Level 5:colcon.colcon_core.verb:set package 'test_semantic_mcl' build argument 'ament_cmake_args' from command line to 'None'
[0.275s] Level 5:colcon.colcon_core.verb:set package 'test_semantic_mcl' build argument 'catkin_cmake_args' from command line to 'None'
[0.275s] Level 5:colcon.colcon_core.verb:set package 'test_semantic_mcl' build argument 'catkin_skip_building_tests' from command line to 'False'
[0.275s] DEBUG:colcon.colcon_core.verb:Building package 'test_semantic_mcl' with the following arguments: {'ament_cmake_args': None, 'build_base': '/mnt/ssd/lsgloc_ws/build/test_semantic_mcl', 'catkin_cmake_args': None, 'catkin_skip_building_tests': False, 'cmake_args': None, 'cmake_clean_cache': False, 'cmake_clean_first': False, 'cmake_force_configure': False, 'cmake_target': None, 'cmake_target_skip_unavailable': False, 'install_base': '/mnt/ssd/lsgloc_ws/install/test_semantic_mcl', 'merge_install': False, 'path': '/mnt/ssd/lsgloc_ws/src/test_semantic_mcl', 'symlink_install': False, 'test_result_base': None}
[0.276s] Level 5:colcon.colcon_core.verb:set package 'semantic_mcl' build argument 'cmake_args' from command line to 'None'
[0.276s] Level 5:colcon.colcon_core.verb:set package 'semantic_mcl' build argument 'cmake_target' from command line to 'None'
[0.276s] Level 5:colcon.colcon_core.verb:set package 'semantic_mcl' build argument 'cmake_target_skip_unavailable' from command line to 'False'
[0.276s] Level 5:colcon.colcon_core.verb:set package 'semantic_mcl' build argument 'cmake_clean_cache' from command line to 'False'
[0.276s] Level 5:colcon.colcon_core.verb:set package 'semantic_mcl' build argument 'cmake_clean_first' from command line to 'False'
[0.276s] Level 5:colcon.colcon_core.verb:set package 'semantic_mcl' build argument 'cmake_force_configure' from command line to 'False'
[0.276s] Level 5:colcon.colcon_core.verb:set package 'semantic_mcl' build argument 'ament_cmake_args' from command line to 'None'
[0.276s] Level 5:colcon.colcon_core.verb:set package 'semantic_mcl' build argument 'catkin_cmake_args' from command line to 'None'
[0.276s] Level 5:colcon.colcon_core.verb:set package 'semantic_mcl' build argument 'catkin_skip_building_tests' from command line to 'False'
[0.276s] DEBUG:colcon.colcon_core.verb:Building package 'semantic_mcl' with the following arguments: {'ament_cmake_args': None, 'build_base': '/mnt/ssd/lsgloc_ws/build/semantic_mcl', 'catkin_cmake_args': None, 'catkin_skip_building_tests': False, 'cmake_args': None, 'cmake_clean_cache': False, 'cmake_clean_first': False, 'cmake_force_configure': False, 'cmake_target': None, 'cmake_target_skip_unavailable': False, 'install_base': '/mnt/ssd/lsgloc_ws/install/semantic_mcl', 'merge_install': False, 'path': '/mnt/ssd/lsgloc_ws/src/semantic_mcl', 'symlink_install': False, 'test_result_base': None}
[0.276s] INFO:colcon.colcon_core.executor:Executing jobs using 'parallel' executor
[0.276s] DEBUG:colcon.colcon_parallel_executor.executor.parallel:run_until_complete
[0.276s] INFO:colcon.colcon_ros.task.ament_python.build:Building ROS package in '/mnt/ssd/lsgloc_ws/src/test_semantic_mcl' with build type 'ament_python'
[0.277s] Level 1:colcon.colcon_core.shell:create_environment_hook('test_semantic_mcl', 'ament_prefix_path')
[0.278s] INFO:colcon.colcon_core.plugin_system:Skipping extension 'colcon_core.shell.bat': Not used on non-Windows systems
[0.278s] INFO:colcon.colcon_core.shell:Creating environment hook '/mnt/ssd/lsgloc_ws/install/test_semantic_mcl/share/test_semantic_mcl/hook/ament_prefix_path.ps1'
[0.278s] INFO:colcon.colcon_core.shell:Creating environment descriptor '/mnt/ssd/lsgloc_ws/install/test_semantic_mcl/share/test_semantic_mcl/hook/ament_prefix_path.dsv'
[0.278s] INFO:colcon.colcon_core.shell:Creating environment hook '/mnt/ssd/lsgloc_ws/install/test_semantic_mcl/share/test_semantic_mcl/hook/ament_prefix_path.sh'
[0.279s] INFO:colcon.colcon_core.shell:Skip shell extension 'powershell' for command environment: Not usable outside of PowerShell
[0.279s] DEBUG:colcon.colcon_core.shell:Skip shell extension 'dsv' for command environment
[0.281s] INFO:colcon.colcon_ros.task.ament_cmake.build:Building ROS package in '/mnt/ssd/lsgloc_ws/src/semantic_mcl' with build type 'ament_cmake'
[0.281s] INFO:colcon.colcon_cmake.task.cmake.build:Building CMake package in '/mnt/ssd/lsgloc_ws/src/semantic_mcl'
[0.281s] INFO:colcon.colcon_core.shell:Skip shell extension 'powershell' for command environment: Not usable outside of PowerShell
[0.281s] DEBUG:colcon.colcon_core.shell:Skip shell extension 'dsv' for command environment
[0.518s] INFO:colcon.colcon_core.task.python.build:Building Python package in '/mnt/ssd/lsgloc_ws/src/test_semantic_mcl'
[0.518s] INFO:colcon.colcon_core.shell:Skip shell extension 'powershell' for command environment: Not usable outside of PowerShell
[0.518s] DEBUG:colcon.colcon_core.shell:Skip shell extension 'dsv' for command environment
[0.523s] DEBUG:colcon.colcon_core.event_handler.log_command:Invoking command in '/mnt/ssd/lsgloc_ws/build/semantic_mcl': AMENT_PREFIX_PATH=/mnt/ssd/lsgloc_ws/install/semantic_msgs:${AMENT_PREFIX_PATH} CMAKE_PREFIX_PATH=/mnt/ssd/lsgloc_ws/install/semantic_msgs:/opt/ros/humble LD_LIBRARY_PATH=/mnt/ssd/lsgloc_ws/install/semantic_msgs/lib:/usr/local/cuda/lib64:/usr/lib/x86_64-linux-gnu/gazebo-11/plugins:/opt/ros/humble/opt/rviz_ogre_vendor/lib:/opt/ros/humble/lib/x86_64-linux-gnu:/opt/ros/humble/lib:/usr/local/cuda/lib64 PYTHONPATH=/mnt/ssd/lsgloc_ws/install/semantic_msgs/local/lib/python3.10/dist-packages:${PYTHONPATH} /usr/bin/cmake --build /mnt/ssd/lsgloc_ws/build/semantic_mcl -- -j16 -l16
[0.585s] DEBUG:colcon.colcon_core.event_handler.log_command:Invoked command in '/mnt/ssd/lsgloc_ws/build/semantic_mcl' returned '0': AMENT_PREFIX_PATH=/mnt/ssd/lsgloc_ws/install/semantic_msgs:${AMENT_PREFIX_PATH} CMAKE_PREFIX_PATH=/mnt/ssd/lsgloc_ws/install/semantic_msgs:/opt/ros/humble LD_LIBRARY_PATH=/mnt/ssd/lsgloc_ws/install/semantic_msgs/lib:/usr/local/cuda/lib64:/usr/lib/x86_64-linux-gnu/gazebo-11/plugins:/opt/ros/humble/opt/rviz_ogre_vendor/lib:/opt/ros/humble/lib/x86_64-linux-gnu:/opt/ros/humble/lib:/usr/local/cuda/lib64 PYTHONPATH=/mnt/ssd/lsgloc_ws/install/semantic_msgs/local/lib/python3.10/dist-packages:${PYTHONPATH} /usr/bin/cmake --build /mnt/ssd/lsgloc_ws/build/semantic_mcl -- -j16 -l16
[0.592s] DEBUG:colcon.colcon_core.event_handler.log_command:Invoking command in '/mnt/ssd/lsgloc_ws/build/semantic_mcl': AMENT_PREFIX_PATH=/mnt/ssd/lsgloc_ws/install/semantic_msgs:${AMENT_PREFIX_PATH} CMAKE_PREFIX_PATH=/mnt/ssd/lsgloc_ws/install/semantic_msgs:/opt/ros/humble LD_LIBRARY_PATH=/mnt/ssd/lsgloc_ws/install/semantic_msgs/lib:/usr/local/cuda/lib64:/usr/lib/x86_64-linux-gnu/gazebo-11/plugins:/opt/ros/humble/opt/rviz_ogre_vendor/lib:/opt/ros/humble/lib/x86_64-linux-gnu:/opt/ros/humble/lib:/usr/local/cuda/lib64 PYTHONPATH=/mnt/ssd/lsgloc_ws/install/semantic_msgs/local/lib/python3.10/dist-packages:${PYTHONPATH} /usr/bin/cmake --install /mnt/ssd/lsgloc_ws/build/semantic_mcl
[0.598s] Level 1:colcon.colcon_core.environment:create_environment_scripts_only(semantic_mcl)
[0.598s] DEBUG:colcon.colcon_core.event_handler.log_command:Invoked command in '/mnt/ssd/lsgloc_ws/build/semantic_mcl' returned '0': AMENT_PREFIX_PATH=/mnt/ssd/lsgloc_ws/install/semantic_msgs:${AMENT_PREFIX_PATH} CMAKE_PREFIX_PATH=/mnt/ssd/lsgloc_ws/install/semantic_msgs:/opt/ros/humble LD_LIBRARY_PATH=/mnt/ssd/lsgloc_ws/install/semantic_msgs/lib:/usr/local/cuda/lib64:/usr/lib/x86_64-linux-gnu/gazebo-11/plugins:/opt/ros/humble/opt/rviz_ogre_vendor/lib:/opt/ros/humble/lib/x86_64-linux-gnu:/opt/ros/humble/lib:/usr/local/cuda/lib64 PYTHONPATH=/mnt/ssd/lsgloc_ws/install/semantic_msgs/local/lib/python3.10/dist-packages:${PYTHONPATH} /usr/bin/cmake --install /mnt/ssd/lsgloc_ws/build/semantic_mcl
[0.600s] Level 1:colcon.colcon_core.environment:checking '/mnt/ssd/lsgloc_ws/install/semantic_mcl' for CMake module files
[0.600s] Level 1:colcon.colcon_core.environment:checking '/mnt/ssd/lsgloc_ws/install/semantic_mcl' for CMake config files
[0.600s] Level 1:colcon.colcon_core.shell:create_environment_hook('semantic_mcl', 'cmake_prefix_path')
[0.600s] INFO:colcon.colcon_core.shell:Creating environment hook '/mnt/ssd/lsgloc_ws/install/semantic_mcl/share/semantic_mcl/hook/cmake_prefix_path.ps1'
[0.600s] INFO:colcon.colcon_core.shell:Creating environment descriptor '/mnt/ssd/lsgloc_ws/install/semantic_mcl/share/semantic_mcl/hook/cmake_prefix_path.dsv'
[0.601s] INFO:colcon.colcon_core.shell:Creating environment hook '/mnt/ssd/lsgloc_ws/install/semantic_mcl/share/semantic_mcl/hook/cmake_prefix_path.sh'
[0.601s] Level 1:colcon.colcon_core.environment:checking '/mnt/ssd/lsgloc_ws/install/semantic_mcl/lib'
[0.601s] Level 1:colcon.colcon_core.environment:checking '/mnt/ssd/lsgloc_ws/install/semantic_mcl/bin'
[0.601s] Level 1:colcon.colcon_core.environment:checking '/mnt/ssd/lsgloc_ws/install/semantic_mcl/lib/pkgconfig/semantic_mcl.pc'
[0.601s] Level 1:colcon.colcon_core.environment:checking '/mnt/ssd/lsgloc_ws/install/semantic_mcl/lib/python3.10/site-packages'
[0.601s] Level 1:colcon.colcon_core.environment:checking '/mnt/ssd/lsgloc_ws/install/semantic_mcl/bin'
[0.602s] INFO:colcon.colcon_core.shell:Creating package script '/mnt/ssd/lsgloc_ws/install/semantic_mcl/share/semantic_mcl/package.ps1'
[0.602s] INFO:colcon.colcon_core.shell:Creating package descriptor '/mnt/ssd/lsgloc_ws/install/semantic_mcl/share/semantic_mcl/package.dsv'
[0.602s] INFO:colcon.colcon_core.shell:Creating package script '/mnt/ssd/lsgloc_ws/install/semantic_mcl/share/semantic_mcl/package.sh'
[0.603s] INFO:colcon.colcon_core.shell:Creating package script '/mnt/ssd/lsgloc_ws/install/semantic_mcl/share/semantic_mcl/package.bash'
[0.603s] INFO:colcon.colcon_core.shell:Creating package script '/mnt/ssd/lsgloc_ws/install/semantic_mcl/share/semantic_mcl/package.zsh'
[0.603s] Level 1:colcon.colcon_core.environment:create_file_with_runtime_dependencies(/mnt/ssd/lsgloc_ws/install/semantic_mcl/share/colcon-core/packages/semantic_mcl)
[0.604s] Level 1:colcon.colcon_core.environment:create_environment_scripts_only(semantic_mcl)
[0.604s] Level 1:colcon.colcon_core.environment:checking '/mnt/ssd/lsgloc_ws/install/semantic_mcl' for CMake module files
[0.604s] Level 1:colcon.colcon_core.environment:checking '/mnt/ssd/lsgloc_ws/install/semantic_mcl' for CMake config files
[0.604s] Level 1:colcon.colcon_core.shell:create_environment_hook('semantic_mcl', 'cmake_prefix_path')
[0.604s] INFO:colcon.colcon_core.shell:Creating environment hook '/mnt/ssd/lsgloc_ws/install/semantic_mcl/share/semantic_mcl/hook/cmake_prefix_path.ps1'
[0.605s] INFO:colcon.colcon_core.shell:Creating environment descriptor '/mnt/ssd/lsgloc_ws/install/semantic_mcl/share/semantic_mcl/hook/cmake_prefix_path.dsv'
[0.605s] INFO:colcon.colcon_core.shell:Creating environment hook '/mnt/ssd/lsgloc_ws/install/semantic_mcl/share/semantic_mcl/hook/cmake_prefix_path.sh'
[0.605s] Level 1:colcon.colcon_core.environment:checking '/mnt/ssd/lsgloc_ws/install/semantic_mcl/lib'
[0.605s] Level 1:colcon.colcon_core.environment:checking '/mnt/ssd/lsgloc_ws/install/semantic_mcl/bin'
[0.605s] Level 1:colcon.colcon_core.environment:checking '/mnt/ssd/lsgloc_ws/install/semantic_mcl/lib/pkgconfig/semantic_mcl.pc'
[0.605s] Level 1:colcon.colcon_core.environment:checking '/mnt/ssd/lsgloc_ws/install/semantic_mcl/lib/python3.10/site-packages'
[0.605s] Level 1:colcon.colcon_core.environment:checking '/mnt/ssd/lsgloc_ws/install/semantic_mcl/bin'
[0.606s] INFO:colcon.colcon_core.shell:Creating package script '/mnt/ssd/lsgloc_ws/install/semantic_mcl/share/semantic_mcl/package.ps1'
[0.606s] INFO:colcon.colcon_core.shell:Creating package descriptor '/mnt/ssd/lsgloc_ws/install/semantic_mcl/share/semantic_mcl/package.dsv'
[0.606s] INFO:colcon.colcon_core.shell:Creating package script '/mnt/ssd/lsgloc_ws/install/semantic_mcl/share/semantic_mcl/package.sh'
[0.606s] INFO:colcon.colcon_core.shell:Creating package script '/mnt/ssd/lsgloc_ws/install/semantic_mcl/share/semantic_mcl/package.bash'
[0.606s] INFO:colcon.colcon_core.shell:Creating package script '/mnt/ssd/lsgloc_ws/install/semantic_mcl/share/semantic_mcl/package.zsh'
[0.607s] Level 1:colcon.colcon_core.environment:create_file_with_runtime_dependencies(/mnt/ssd/lsgloc_ws/install/semantic_mcl/share/colcon-core/packages/semantic_mcl)
[0.906s] DEBUG:colcon.colcon_core.event_handler.log_command:Invoking command in '/mnt/ssd/lsgloc_ws/src/test_semantic_mcl': PYTHONPATH=/mnt/ssd/lsgloc_ws/build/test_semantic_mcl/prefix_override:/usr/lib/python3/dist-packages/colcon_core/task/python/colcon_distutils_commands:/mnt/ssd/lsgloc_ws/install/test_semantic_mcl/lib/python3.10/site-packages:${PYTHONPATH} /usr/bin/python3 -W ignore:setup.py install is deprecated -W ignore:easy_install command is deprecated setup.py egg_info --egg-base ../../build/test_semantic_mcl build --build-base /mnt/ssd/lsgloc_ws/build/test_semantic_mcl/build install --record /mnt/ssd/lsgloc_ws/build/test_semantic_mcl/install.log --single-version-externally-managed install_data
[1.226s] Level 1:colcon.colcon_core.environment:checking '/mnt/ssd/lsgloc_ws/install/test_semantic_mcl' for CMake module files
[1.227s] DEBUG:colcon.colcon_core.event_handler.log_command:Invoked command in '/mnt/ssd/lsgloc_ws/src/test_semantic_mcl' returned '0': PYTHONPATH=/mnt/ssd/lsgloc_ws/build/test_semantic_mcl/prefix_override:/usr/lib/python3/dist-packages/colcon_core/task/python/colcon_distutils_commands:/mnt/ssd/lsgloc_ws/install/test_semantic_mcl/lib/python3.10/site-packages:${PYTHONPATH} /usr/bin/python3 -W ignore:setup.py install is deprecated -W ignore:easy_install command is deprecated setup.py egg_info --egg-base ../../build/test_semantic_mcl build --build-base /mnt/ssd/lsgloc_ws/build/test_semantic_mcl/build install --record /mnt/ssd/lsgloc_ws/build/test_semantic_mcl/install.log --single-version-externally-managed install_data
[1.227s] Level 1:colcon.colcon_core.environment:checking '/mnt/ssd/lsgloc_ws/install/test_semantic_mcl' for CMake config files
[1.227s] Level 1:colcon.colcon_core.environment:checking '/mnt/ssd/lsgloc_ws/install/test_semantic_mcl/lib'
[1.227s] Level 1:colcon.colcon_core.environment:checking '/mnt/ssd/lsgloc_ws/install/test_semantic_mcl/bin'
[1.227s] Level 1:colcon.colcon_core.environment:checking '/mnt/ssd/lsgloc_ws/install/test_semantic_mcl/lib/pkgconfig/test_semantic_mcl.pc'
[1.228s] Level 1:colcon.colcon_core.environment:checking '/mnt/ssd/lsgloc_ws/install/test_semantic_mcl/lib/python3.10/site-packages'
[1.228s] Level 1:colcon.colcon_core.shell:create_environment_hook('test_semantic_mcl', 'pythonpath')
[1.228s] INFO:colcon.colcon_core.shell:Creating environment hook '/mnt/ssd/lsgloc_ws/install/test_semantic_mcl/share/test_semantic_mcl/hook/pythonpath.ps1'
[1.228s] INFO:colcon.colcon_core.shell:Creating environment descriptor '/mnt/ssd/lsgloc_ws/install/test_semantic_mcl/share/test_semantic_mcl/hook/pythonpath.dsv'
[1.228s] INFO:colcon.colcon_core.shell:Creating environment hook '/mnt/ssd/lsgloc_ws/install/test_semantic_mcl/share/test_semantic_mcl/hook/pythonpath.sh'
[1.229s] Level 1:colcon.colcon_core.environment:checking '/mnt/ssd/lsgloc_ws/install/test_semantic_mcl/bin'
[1.229s] Level 1:colcon.colcon_core.environment:create_environment_scripts_only(test_semantic_mcl)
[1.229s] INFO:colcon.colcon_core.shell:Creating package script '/mnt/ssd/lsgloc_ws/install/test_semantic_mcl/share/test_semantic_mcl/package.ps1'
[1.229s] INFO:colcon.colcon_core.shell:Creating package descriptor '/mnt/ssd/lsgloc_ws/install/test_semantic_mcl/share/test_semantic_mcl/package.dsv'
[1.229s] INFO:colcon.colcon_core.shell:Creating package script '/mnt/ssd/lsgloc_ws/install/test_semantic_mcl/share/test_semantic_mcl/package.sh'
[1.230s] INFO:colcon.colcon_core.shell:Creating package script '/mnt/ssd/lsgloc_ws/install/test_semantic_mcl/share/test_semantic_mcl/package.bash'
[1.230s] INFO:colcon.colcon_core.shell:Creating package script '/mnt/ssd/lsgloc_ws/install/test_semantic_mcl/share/test_semantic_mcl/package.zsh'
[1.230s] Level 1:colcon.colcon_core.environment:create_file_with_runtime_dependencies(/mnt/ssd/lsgloc_ws/install/test_semantic_mcl/share/colcon-core/packages/test_semantic_mcl)
[1.230s] DEBUG:colcon.colcon_parallel_executor.executor.parallel:closing loop
[1.230s] DEBUG:colcon.colcon_parallel_executor.executor.parallel:loop closed
[1.230s] DEBUG:colcon.colcon_parallel_executor.executor.parallel:run_until_complete finished with '0'
[1.230s] DEBUG:colcon.colcon_core.event_reactor:joining thread
[1.233s] INFO:colcon.colcon_core.plugin_system:Skipping extension 'colcon_notification.desktop_notification.terminal_notifier': Not used on non-Darwin systems
[1.234s] INFO:colcon.colcon_core.plugin_system:Skipping extension 'colcon_notification.desktop_notification.win32': Not used on non-Windows systems
[1.234s] INFO:colcon.colcon_notification.desktop_notification:Sending desktop notification using 'notify2'
[1.242s] DEBUG:colcon.colcon_core.event_reactor:joined thread
[1.242s] INFO:colcon.colcon_core.shell:Creating prefix script '/mnt/ssd/lsgloc_ws/install/local_setup.ps1'
[1.242s] INFO:colcon.colcon_core.shell:Creating prefix util module '/mnt/ssd/lsgloc_ws/install/_local_setup_util_ps1.py'
[1.243s] INFO:colcon.colcon_core.shell:Creating prefix chain script '/mnt/ssd/lsgloc_ws/install/setup.ps1'
[1.244s] INFO:colcon.colcon_core.shell:Creating prefix script '/mnt/ssd/lsgloc_ws/install/local_setup.sh'
[1.244s] INFO:colcon.colcon_core.shell:Creating prefix util module '/mnt/ssd/lsgloc_ws/install/_local_setup_util_sh.py'
[1.244s] INFO:colcon.colcon_core.shell:Creating prefix chain script '/mnt/ssd/lsgloc_ws/install/setup.sh'
[1.245s] INFO:colcon.colcon_core.shell:Creating prefix script '/mnt/ssd/lsgloc_ws/install/local_setup.bash'
[1.245s] INFO:colcon.colcon_core.shell:Creating prefix chain script '/mnt/ssd/lsgloc_ws/install/setup.bash'
[1.245s] INFO:colcon.colcon_core.shell:Creating prefix script '/mnt/ssd/lsgloc_ws/install/local_setup.zsh'
[1.246s] INFO:colcon.colcon_core.shell:Creating prefix chain script '/mnt/ssd/lsgloc_ws/install/setup.zsh'
