[0.607s] Invoking command in '/mnt/ssd/lsgloc_ws/src/obj_detection': CMAKE_PREFIX_PATH=/mnt/ssd/lsgloc_ws/install/semantic_msgs:/mnt/ssd/lsgloc_ws/install/semantic_mcl:/mnt/ssd/lsgloc_ws/install/bcr_bot LD_LIBRARY_PATH=/mnt/ssd/lsgloc_ws/install/semantic_msgs/lib:/usr/local/cuda/lib64:/usr/lib/x86_64-linux-gnu/gazebo-11/plugins:/opt/ros/humble/opt/rviz_ogre_vendor/lib:/opt/ros/humble/lib/x86_64-linux-gnu:/opt/ros/humble/lib:/usr/local/cuda/lib64 PYTHONPATH=/mnt/ssd/lsgloc_ws/build/obj_detection/prefix_override:/usr/lib/python3/dist-packages/colcon_core/task/python/colcon_distutils_commands:/mnt/ssd/lsgloc_ws/install/obj_detection/lib/python3.10/site-packages:${PYTHONPATH} /usr/bin/python3 -W ignore:setup.py install is deprecated -W ignore:easy_install command is deprecated setup.py egg_info --egg-base ../../build/obj_detection build --build-base /mnt/ssd/lsgloc_ws/build/obj_detection/build install --record /mnt/ssd/lsgloc_ws/build/obj_detection/install.log --single-version-externally-managed install_data
[0.856s] running egg_info
[0.856s] creating ../../build/obj_detection/obj_detection.egg-info
[0.865s] writing ../../build/obj_detection/obj_detection.egg-info/PKG-INFO
[0.865s] writing dependency_links to ../../build/obj_detection/obj_detection.egg-info/dependency_links.txt
[0.865s] writing entry points to ../../build/obj_detection/obj_detection.egg-info/entry_points.txt
[0.865s] writing requirements to ../../build/obj_detection/obj_detection.egg-info/requires.txt
[0.865s] writing top-level names to ../../build/obj_detection/obj_detection.egg-info/top_level.txt
[0.865s] writing manifest file '../../build/obj_detection/obj_detection.egg-info/SOURCES.txt'
[0.883s] reading manifest file '../../build/obj_detection/obj_detection.egg-info/SOURCES.txt'
[0.884s] writing manifest file '../../build/obj_detection/obj_detection.egg-info/SOURCES.txt'
[0.884s] running build
[0.884s] running build_py
[0.884s] creating /mnt/ssd/lsgloc_ws/build/obj_detection/build
[0.884s] creating /mnt/ssd/lsgloc_ws/build/obj_detection/build/lib
[0.884s] creating /mnt/ssd/lsgloc_ws/build/obj_detection/build/lib/obj_detection
[0.884s] copying obj_detection/__init__.py -> /mnt/ssd/lsgloc_ws/build/obj_detection/build/lib/obj_detection
[0.884s] copying obj_detection/vlm_streaming_detector.py -> /mnt/ssd/lsgloc_ws/build/obj_detection/build/lib/obj_detection
[0.884s] copying obj_detection/yolo_detector.py -> /mnt/ssd/lsgloc_ws/build/obj_detection/build/lib/obj_detection
[0.884s] copying obj_detection/vlm_service_detector.py -> /mnt/ssd/lsgloc_ws/build/obj_detection/build/lib/obj_detection
[0.884s] copying obj_detection/vlm_backends.py -> /mnt/ssd/lsgloc_ws/build/obj_detection/build/lib/obj_detection
[0.884s] running install
[0.887s] running install_lib
[0.896s] creating /mnt/ssd/lsgloc_ws/install/obj_detection/lib/python3.10/site-packages/obj_detection
[0.896s] copying /mnt/ssd/lsgloc_ws/build/obj_detection/build/lib/obj_detection/__init__.py -> /mnt/ssd/lsgloc_ws/install/obj_detection/lib/python3.10/site-packages/obj_detection
[0.896s] copying /mnt/ssd/lsgloc_ws/build/obj_detection/build/lib/obj_detection/vlm_streaming_detector.py -> /mnt/ssd/lsgloc_ws/install/obj_detection/lib/python3.10/site-packages/obj_detection
[0.896s] copying /mnt/ssd/lsgloc_ws/build/obj_detection/build/lib/obj_detection/yolo_detector.py -> /mnt/ssd/lsgloc_ws/install/obj_detection/lib/python3.10/site-packages/obj_detection
[0.896s] copying /mnt/ssd/lsgloc_ws/build/obj_detection/build/lib/obj_detection/vlm_service_detector.py -> /mnt/ssd/lsgloc_ws/install/obj_detection/lib/python3.10/site-packages/obj_detection
[0.897s] copying /mnt/ssd/lsgloc_ws/build/obj_detection/build/lib/obj_detection/vlm_backends.py -> /mnt/ssd/lsgloc_ws/install/obj_detection/lib/python3.10/site-packages/obj_detection
[0.897s] byte-compiling /mnt/ssd/lsgloc_ws/install/obj_detection/lib/python3.10/site-packages/obj_detection/__init__.py to __init__.cpython-310.pyc
[0.897s] byte-compiling /mnt/ssd/lsgloc_ws/install/obj_detection/lib/python3.10/site-packages/obj_detection/vlm_streaming_detector.py to vlm_streaming_detector.cpython-310.pyc
[0.898s] byte-compiling /mnt/ssd/lsgloc_ws/install/obj_detection/lib/python3.10/site-packages/obj_detection/yolo_detector.py to yolo_detector.cpython-310.pyc
[0.899s] byte-compiling /mnt/ssd/lsgloc_ws/install/obj_detection/lib/python3.10/site-packages/obj_detection/vlm_service_detector.py to vlm_service_detector.cpython-310.pyc
[0.899s] byte-compiling /mnt/ssd/lsgloc_ws/install/obj_detection/lib/python3.10/site-packages/obj_detection/vlm_backends.py to vlm_backends.cpython-310.pyc
[0.900s] running install_data
[0.900s] creating /mnt/ssd/lsgloc_ws/install/obj_detection/share/ament_index
[0.900s] creating /mnt/ssd/lsgloc_ws/install/obj_detection/share/ament_index/resource_index
[0.900s] creating /mnt/ssd/lsgloc_ws/install/obj_detection/share/ament_index/resource_index/packages
[0.900s] copying resource/obj_detection -> /mnt/ssd/lsgloc_ws/install/obj_detection/share/ament_index/resource_index/packages
[0.900s] copying package.xml -> /mnt/ssd/lsgloc_ws/install/obj_detection/share/obj_detection
[0.900s] running install_egg_info
[0.910s] Copying ../../build/obj_detection/obj_detection.egg-info to /mnt/ssd/lsgloc_ws/install/obj_detection/lib/python3.10/site-packages/obj_detection-0.0.0-py3.10.egg-info
[0.910s] running install_scripts
[0.946s] Installing vlm_service_node script to /mnt/ssd/lsgloc_ws/install/obj_detection/lib/obj_detection
[0.946s] Installing vlm_streaming_node script to /mnt/ssd/lsgloc_ws/install/obj_detection/lib/obj_detection
[0.946s] Installing yolo_node script to /mnt/ssd/lsgloc_ws/install/obj_detection/lib/obj_detection
[0.946s] writing list of installed files to '/mnt/ssd/lsgloc_ws/build/obj_detection/install.log'
[0.965s] Invoked command in '/mnt/ssd/lsgloc_ws/src/obj_detection' returned '0': CMAKE_PREFIX_PATH=/mnt/ssd/lsgloc_ws/install/semantic_msgs:/mnt/ssd/lsgloc_ws/install/semantic_mcl:/mnt/ssd/lsgloc_ws/install/bcr_bot LD_LIBRARY_PATH=/mnt/ssd/lsgloc_ws/install/semantic_msgs/lib:/usr/local/cuda/lib64:/usr/lib/x86_64-linux-gnu/gazebo-11/plugins:/opt/ros/humble/opt/rviz_ogre_vendor/lib:/opt/ros/humble/lib/x86_64-linux-gnu:/opt/ros/humble/lib:/usr/local/cuda/lib64 PYTHONPATH=/mnt/ssd/lsgloc_ws/build/obj_detection/prefix_override:/usr/lib/python3/dist-packages/colcon_core/task/python/colcon_distutils_commands:/mnt/ssd/lsgloc_ws/install/obj_detection/lib/python3.10/site-packages:${PYTHONPATH} /usr/bin/python3 -W ignore:setup.py install is deprecated -W ignore:easy_install command is deprecated setup.py egg_info --egg-base ../../build/obj_detection build --build-base /mnt/ssd/lsgloc_ws/build/obj_detection/build install --record /mnt/ssd/lsgloc_ws/build/obj_detection/install.log --single-version-externally-managed install_data
