[0.011s] Invoking command in '/mnt/ssd/lsgloc_ws/build/semantic_mcl': CMAKE_PREFIX_PATH=/opt/ros/humble /usr/bin/cmake --build /mnt/ssd/lsgloc_ws/build/semantic_mcl -- -j16 -l16
[0.027s] -- Found rclcpp: 16.0.17 (/opt/ros/humble/share/rclcpp/cmake)
[0.128s] -- Found rosidl_generator_c: 3.1.8 (/opt/ros/humble/share/rosidl_generator_c/cmake)
[0.129s] -- Found rosidl_adapter: 3.1.8 (/opt/ros/humble/share/rosidl_adapter/cmake)
[0.133s] -- Found rosidl_generator_cpp: 3.1.8 (/opt/ros/humble/share/rosidl_generator_cpp/cmake)
[0.139s] -- Using all available rosidl_typesupport_c: rosidl_typesupport_fastrtps_c;rosidl_typesupport_introspection_c
[0.145s] -- Using all available rosidl_typesupport_cpp: rosidl_typesupport_fastrtps_cpp;rosidl_typesupport_introspection_cpp
[0.164s] -- Found rmw_implementation_cmake: 6.1.2 (/opt/ros/humble/share/rmw_implementation_cmake/cmake)
[0.165s] -- Found rmw_fastrtps_cpp: 6.2.9 (/opt/ros/humble/share/rmw_fastrtps_cpp/cmake)
[0.246s] -- Using RMW implementation 'rmw_fastrtps_cpp' as default
[0.275s] -- Found nav_msgs: 4.9.0 (/opt/ros/humble/share/nav_msgs/cmake)
[0.291s] -- Found sensor_msgs: 4.9.0 (/opt/ros/humble/share/sensor_msgs/cmake)
[0.311s] [31mCMake Error at CMakeLists.txt:16 (find_package):
[0.311s]   By not providing "Findsemantic_msgs.cmake" in CMAKE_MODULE_PATH this
[0.311s]   project has asked CMake to find a package configuration file provided by
[0.311s]   "semantic_msgs", but CMake did not find one.
[0.311s] 
[0.311s]   Could not find a package configuration file provided by "semantic_msgs"
[0.311s]   with any of the following names:
[0.311s] 
[0.311s]     semantic_msgsConfig.cmake
[0.311s]     semantic_msgs-config.cmake
[0.312s] 
[0.312s]   Add the installation prefix of "semantic_msgs" to CMAKE_PREFIX_PATH or set
[0.312s]   "semantic_msgs_DIR" to a directory containing one of the above files.  If
[0.312s]   "semantic_msgs" provides a separate development package or SDK, be sure it
[0.312s]   has been installed.
[0.312s] 
[0.312s] [0m
[0.312s] -- Configuring incomplete, errors occurred!
[0.312s] See also "/mnt/ssd/lsgloc_ws/build/semantic_mcl/CMakeFiles/CMakeOutput.log".
[0.317s] gmake: *** [Makefile:458: cmake_check_build_system] Error 1
[0.319s] Invoked command in '/mnt/ssd/lsgloc_ws/build/semantic_mcl' returned '2': CMAKE_PREFIX_PATH=/opt/ros/humble /usr/bin/cmake --build /mnt/ssd/lsgloc_ws/build/semantic_mcl -- -j16 -l16
