[0.018s] Invoking command in '/mnt/ssd/lsgloc_ws/build/nmcl_msgs': /usr/bin/cmake /mnt/ssd/lsgloc_ws/hsmcl/ros1_ws/src/nmcl_msgs -DCATKIN_INSTALL_INTO_PREFIX_ROOT=0 -DCMAKE_INSTALL_PREFIX=/mnt/ssd/lsgloc_ws/install/nmcl_msgs
[0.276s] -- The C compiler identification is GNU 11.4.0
[0.276s] -- The CXX compiler identification is GNU 11.4.0
[0.276s] -- Detecting C compiler ABI info
[0.277s] -- Detecting C compiler ABI info - done
[0.280s] -- Check for working C compiler: /usr/bin/cc - skipped
[0.281s] -- Detecting C compile features
[0.281s] -- Detecting C compile features - done
[0.283s] -- Detecting CXX compiler ABI info
[0.335s] -- Detecting CXX compiler ABI info - done
[0.339s] -- Check for working CXX compiler: /usr/bin/c++ - skipped
[0.339s] -- Detecting CXX compile features
[0.340s] -- Detecting CXX compile features - done
[0.350s] [31mCMake Error at CMakeLists.txt:10 (find_package):
[0.350s]   By not providing "Findcatkin.cmake" in CMAKE_MODULE_PATH this project has
[0.350s]   asked CMake to find a package configuration file provided by "catkin", but
[0.350s]   CMake did not find one.
[0.350s] 
[0.350s]   Could not find a package configuration file provided by "catkin" with any
[0.350s]   of the following names:
[0.350s] 
[0.350s]     catkinConfig.cmake
[0.350s]     catkin-config.cmake
[0.350s] 
[0.350s]   Add the installation prefix of "catkin" to CMAKE_PREFIX_PATH or set
[0.350s]   "catkin_DIR" to a directory containing one of the above files.  If "catkin"
[0.350s]   provides a separate development package or SDK, be sure it has been
[0.350s]   installed.
[0.350s] 
[0.350s] [0m
[0.350s] -- Configuring incomplete, errors occurred!
[0.350s] See also "/mnt/ssd/lsgloc_ws/build/nmcl_msgs/CMakeFiles/CMakeOutput.log".
[0.352s] Invoked command in '/mnt/ssd/lsgloc_ws/build/nmcl_msgs' returned '1': /usr/bin/cmake /mnt/ssd/lsgloc_ws/hsmcl/ros1_ws/src/nmcl_msgs -DCATKIN_INSTALL_INTO_PREFIX_ROOT=0 -DCMAKE_INSTALL_PREFIX=/mnt/ssd/lsgloc_ws/install/nmcl_msgs
